[0.003s][info][gc] Using Serial
[20.386s][info][gc] GC(0) Pause Full (JvmtiEnv ForceGarbageCollection) 170M->2M(486M) 32.868ms
[22.695s][info][gc] GC(1) Pause Full (JvmtiEnv ForceGarbageCollection) 155M->2M(486M) 30.275ms
[25.079s][info][gc] GC(2) Pause Full (JvmtiEnv ForceGarbageCollection) 149M->2M(486M) 28.575ms
[27.423s][info][gc] GC(3) Pause Full (JvmtiEnv ForceGarbageCollection) 148M->2M(486M) 29.415ms
[29.765s][info][gc] GC(4) Pause Full (JvmtiEnv ForceGarbageCollection) 146M->2M(486M) 32.405ms
[32.091s][info][gc] GC(5) Pause Full (JvmtiEnv ForceGarbageCollection) 149M->2M(486M) 30.774ms
[34.443s][info][gc] GC(6) Pause Full (JvmtiEnv ForceGarbageCollection) 144M->2M(486M) 32.199ms
[36.763s][info][gc] GC(7) Pause Full (JvmtiEnv ForceGarbageCollection) 144M->2M(486M) 30.850ms
[39.118s][info][gc] GC(8) Pause Full (JvmtiEnv ForceGarbageCollection) 144M->2M(486M) 30.676ms
[41.490s][info][gc] GC(9) Pause Full (JvmtiEnv ForceGarbageCollection) 147M->2M(486M) 28.788ms
[43.805s][info][gc] GC(10) Pause Full (JvmtiEnv ForceGarbageCollection) 145M->2M(486M) 29.817ms
[46.107s][info][gc] GC(11) Pause Full (JvmtiEnv ForceGarbageCollection) 145M->2M(486M) 31.856ms
[48.440s][info][gc] GC(12) Pause Full (JvmtiEnv ForceGarbageCollection) 144M->2M(486M) 30.769ms
[50.780s][info][gc] GC(13) Pause Full (JvmtiEnv ForceGarbageCollection) 146M->2M(486M) 31.369ms
[53.056s][info][gc] GC(14) Pause Full (JvmtiEnv ForceGarbageCollection) 145M->2M(486M) 31.779ms
[55.509s][info][gc] GC(15) Pause Full (JvmtiEnv ForceGarbageCollection) 144M->2M(486M) 30.167ms
[57.837s][info][gc] GC(16) Pause Full (JvmtiEnv ForceGarbageCollection) 145M->2M(486M) 30.450ms
[60.137s][info][gc] GC(17) Pause Full (JvmtiEnv ForceGarbageCollection) 145M->2M(486M) 33.489ms
[62.452s][info][gc] GC(18) Pause Full (JvmtiEnv ForceGarbageCollection) 146M->2M(486M) 30.260ms
[64.926s][info][gc] GC(19) Pause Full (JvmtiEnv ForceGarbageCollection) 144M->2M(486M) 29.397ms
[67.249s][info][gc] GC(20) Pause Full (JvmtiEnv ForceGarbageCollection) 145M->2M(486M) 31.018ms
[69.606s][info][gc] GC(21) Pause Full (JvmtiEnv ForceGarbageCollection) 146M->2M(486M) 29.740ms
[71.950s][info][gc] GC(22) Pause Full (JvmtiEnv ForceGarbageCollection) 147M->2M(486M) 28.583ms
[74.279s][info][gc] GC(23) Pause Full (JvmtiEnv ForceGarbageCollection) 145M->2M(486M) 29.750ms
[76.563s][info][gc] GC(24) Pause Full (JvmtiEnv ForceGarbageCollection) 144M->2M(486M) 28.338ms
[78.949s][info][gc] GC(25) Pause Full (JvmtiEnv ForceGarbageCollection) 144M->2M(486M) 35.280ms
[81.286s][info][gc] GC(26) Pause Full (JvmtiEnv ForceGarbageCollection) 145M->2M(486M) 30.285ms
[83.644s][info][gc] GC(27) Pause Full (JvmtiEnv ForceGarbageCollection) 146M->2M(486M) 38.752ms
[85.977s][info][gc] GC(28) Pause Full (JvmtiEnv ForceGarbageCollection) 146M->2M(486M) 28.203ms
[88.326s][info][gc] GC(29) Pause Full (JvmtiEnv ForceGarbageCollection) 145M->2M(486M) 29.565ms
[90.627s][info][gc] GC(30) Pause Full (JvmtiEnv ForceGarbageCollection) 144M->2M(486M) 35.279ms
[92.925s][info][gc] GC(31) Pause Full (JvmtiEnv ForceGarbageCollection) 144M->2M(486M) 32.253ms
[95.267s][info][gc] GC(32) Pause Full (JvmtiEnv ForceGarbageCollection) 145M->2M(486M) 31.243ms
[97.710s][info][gc] GC(33) Pause Full (JvmtiEnv ForceGarbageCollection) 146M->2M(486M) 31.774ms
[99.995s][info][gc] GC(34) Pause Full (JvmtiEnv ForceGarbageCollection) 146M->2M(486M) 26.960ms
[102.290s][info][gc] GC(35) Pause Full (JvmtiEnv ForceGarbageCollection) 144M->2M(486M) 28.529ms
[104.632s][info][gc] GC(36) Pause Full (JvmtiEnv ForceGarbageCollection) 144M->2M(486M) 28.812ms
[106.976s][info][gc] GC(37) Pause Full (JvmtiEnv ForceGarbageCollection) 145M->2M(486M) 29.508ms
[109.283s][info][gc] GC(38) Pause Full (JvmtiEnv ForceGarbageCollection) 146M->2M(486M) 31.194ms
[111.615s][info][gc] GC(39) Pause Full (JvmtiEnv ForceGarbageCollection) 145M->2M(486M) 30.482ms
[113.979s][info][gc] GC(40) Pause Full (JvmtiEnv ForceGarbageCollection) 145M->2M(486M) 31.722ms
[116.298s][info][gc] GC(41) Pause Full (JvmtiEnv ForceGarbageCollection) 145M->2M(486M) 31.018ms
[118.590s][info][gc] GC(42) Pause Full (JvmtiEnv ForceGarbageCollection) 144M->2M(486M) 28.631ms
[120.928s][info][gc] GC(43) Pause Full (JvmtiEnv ForceGarbageCollection) 144M->2M(486M) 30.132ms
[123.221s][info][gc] GC(44) Pause Full (JvmtiEnv ForceGarbageCollection) 146M->2M(486M) 30.884ms
[125.540s][info][gc] GC(45) Pause Full (JvmtiEnv ForceGarbageCollection) 146M->2M(486M) 28.823ms
[127.791s][info][gc] GC(46) Pause Full (JvmtiEnv ForceGarbageCollection) 144M->2M(486M) 30.528ms
[130.106s][info][gc] GC(47) Pause Full (JvmtiEnv ForceGarbageCollection) 145M->2M(486M) 30.683ms
[132.386s][info][gc] GC(48) Pause Full (JvmtiEnv ForceGarbageCollection) 145M->2M(486M) 28.297ms
[134.673s][info][gc] GC(49) Pause Full (JvmtiEnv ForceGarbageCollection) 143M->2M(486M) 29.832ms
[136.962s][info][gc] GC(50) Pause Full (JvmtiEnv ForceGarbageCollection) 145M->2M(486M) 28.986ms
[139.330s][info][gc] GC(51) Pause Full (JvmtiEnv ForceGarbageCollection) 146M->2M(486M) 28.689ms
[141.628s][info][gc] GC(52) Pause Full (JvmtiEnv ForceGarbageCollection) 146M->2M(486M) 30.104ms
[143.952s][info][gc] GC(53) Pause Full (JvmtiEnv ForceGarbageCollection) 144M->2M(486M) 32.769ms
[146.280s][info][gc] GC(54) Pause Full (JvmtiEnv ForceGarbageCollection) 145M->2M(486M) 29.284ms
[148.600s][info][gc] GC(55) Pause Full (JvmtiEnv ForceGarbageCollection) 145M->2M(486M) 29.105ms
[150.920s][info][gc] GC(56) Pause Full (JvmtiEnv ForceGarbageCollection) 144M->2M(486M) 29.134ms
[153.241s][info][gc] GC(57) Pause Full (JvmtiEnv ForceGarbageCollection) 145M->2M(486M) 31.830ms
[155.578s][info][gc] GC(58) Pause Full (JvmtiEnv ForceGarbageCollection) 145M->2M(486M) 29.048ms
[157.856s][info][gc] GC(59) Pause Full (JvmtiEnv ForceGarbageCollection) 145M->2M(486M) 29.918ms
[160.195s][info][gc] GC(60) Pause Full (JvmtiEnv ForceGarbageCollection) 145M->2M(486M) 29.176ms
[162.541s][info][gc] GC(61) Pause Full (JvmtiEnv ForceGarbageCollection) 145M->2M(486M) 30.984ms
[164.941s][info][gc] GC(62) Pause Full (JvmtiEnv ForceGarbageCollection) 145M->2M(486M) 34.142ms
[167.279s][info][gc] GC(63) Pause Full (JvmtiEnv ForceGarbageCollection) 145M->2M(486M) 29.332ms
[169.619s][info][gc] GC(64) Pause Full (JvmtiEnv ForceGarbageCollection) 145M->2M(486M) 28.634ms
[172.032s][info][gc] GC(65) Pause Full (JvmtiEnv ForceGarbageCollection) 145M->2M(486M) 32.284ms
[174.351s][info][gc] GC(66) Pause Full (JvmtiEnv ForceGarbageCollection) 145M->2M(486M) 32.508ms
[176.676s][info][gc] GC(67) Pause Full (JvmtiEnv ForceGarbageCollection) 145M->2M(486M) 29.922ms
[179.043s][info][gc] GC(68) Pause Full (JvmtiEnv ForceGarbageCollection) 145M->2M(486M) 31.100ms
[181.350s][info][gc] GC(69) Pause Full (JvmtiEnv ForceGarbageCollection) 145M->2M(486M) 29.859ms
[183.686s][info][gc] GC(70) Pause Full (JvmtiEnv ForceGarbageCollection) 145M->2M(486M) 28.654ms
[185.996s][info][gc] GC(71) Pause Full (JvmtiEnv ForceGarbageCollection) 145M->2M(486M) 31.159ms
[188.298s][info][gc] GC(72) Pause Full (JvmtiEnv ForceGarbageCollection) 145M->2M(486M) 28.252ms
[190.657s][info][gc] GC(73) Pause Full (JvmtiEnv ForceGarbageCollection) 145M->2M(486M) 26.897ms
[192.972s][info][gc] GC(74) Pause Full (JvmtiEnv ForceGarbageCollection) 145M->2M(486M) 29.318ms
[195.306s][info][gc] GC(75) Pause Full (JvmtiEnv ForceGarbageCollection) 145M->2M(486M) 33.383ms
