[0.004s][info][gc] Using Serial
[16.107s][info][gc] GC(0) Pause Full (JvmtiEnv ForceGarbageCollection) 170M->2M(486M) 32.483ms
[18.510s][info][gc] GC(1) Pause Full (JvmtiEnv ForceGarbageCollection) 155M->2M(486M) 29.409ms
[20.916s][info][gc] GC(2) Pause Full (JvmtiEnv ForceGarbageCollection) 151M->2M(486M) 29.804ms
[23.331s][info][gc] GC(3) Pause Full (JvmtiEnv ForceGarbageCollection) 147M->2M(486M) 30.161ms
[25.736s][info][gc] GC(4) Pause Full (JvmtiEnv ForceGarbageCollection) 148M->2M(486M) 31.973ms
[28.120s][info][gc] GC(5) Pause Full (JvmtiEnv ForceGarbageCollection) 147M->2M(486M) 30.661ms
[30.498s][info][gc] GC(6) Pause Full (JvmtiEnv ForceGarbageCollection) 145M->2M(486M) 29.343ms
[32.883s][info][gc] GC(7) Pause Full (JvmtiEnv ForceGarbageCollection) 144M->2M(486M) 29.774ms
[35.234s][info][gc] GC(8) Pause Full (JvmtiEnv ForceGarbageCollection) 143M->2M(486M) 30.807ms
[37.587s][info][gc] GC(9) Pause Full (JvmtiEnv ForceGarbageCollection) 144M->2M(486M) 29.367ms
[39.966s][info][gc] GC(10) Pause Full (JvmtiEnv ForceGarbageCollection) 145M->2M(486M) 30.052ms
[42.306s][info][gc] GC(11) Pause Full (JvmtiEnv ForceGarbageCollection) 147M->2M(486M) 26.980ms
[44.705s][info][gc] GC(12) Pause Full (JvmtiEnv ForceGarbageCollection) 144M->2M(486M) 33.544ms
[47.104s][info][gc] GC(13) Pause Full (JvmtiEnv ForceGarbageCollection) 144M->2M(486M) 29.229ms
[49.438s][info][gc] GC(14) Pause Full (JvmtiEnv ForceGarbageCollection) 145M->2M(486M) 31.870ms
[51.846s][info][gc] GC(15) Pause Full (JvmtiEnv ForceGarbageCollection) 147M->2M(486M) 29.022ms
[54.210s][info][gc] GC(16) Pause Full (JvmtiEnv ForceGarbageCollection) 144M->2M(486M) 30.319ms
[56.598s][info][gc] GC(17) Pause Full (JvmtiEnv ForceGarbageCollection) 144M->2M(486M) 32.587ms
[58.944s][info][gc] GC(18) Pause Full (JvmtiEnv ForceGarbageCollection) 144M->2M(486M) 31.249ms
[61.314s][info][gc] GC(19) Pause Full (JvmtiEnv ForceGarbageCollection) 146M->2M(486M) 27.130ms
[63.698s][info][gc] GC(20) Pause Full (JvmtiEnv ForceGarbageCollection) 146M->2M(486M) 29.819ms
[66.092s][info][gc] GC(21) Pause Full (JvmtiEnv ForceGarbageCollection) 145M->2M(486M) 29.389ms
[68.478s][info][gc] GC(22) Pause Full (JvmtiEnv ForceGarbageCollection) 144M->2M(486M) 31.087ms
[70.989s][info][gc] GC(23) Pause Full (JvmtiEnv ForceGarbageCollection) 145M->2M(486M) 29.189ms
[73.382s][info][gc] GC(24) Pause Full (JvmtiEnv ForceGarbageCollection) 145M->2M(486M) 31.057ms
[75.746s][info][gc] GC(25) Pause Full (JvmtiEnv ForceGarbageCollection) 145M->2M(486M) 27.485ms
[78.122s][info][gc] GC(26) Pause Full (JvmtiEnv ForceGarbageCollection) 145M->2M(486M) 27.369ms
[80.507s][info][gc] GC(27) Pause Full (JvmtiEnv ForceGarbageCollection) 146M->2M(486M) 29.640ms
[82.892s][info][gc] GC(28) Pause Full (JvmtiEnv ForceGarbageCollection) 145M->2M(486M) 36.668ms
[85.301s][info][gc] GC(29) Pause Full (JvmtiEnv ForceGarbageCollection) 145M->2M(486M) 29.315ms
[87.642s][info][gc] GC(30) Pause Full (JvmtiEnv ForceGarbageCollection) 145M->2M(486M) 27.101ms
[90.041s][info][gc] GC(31) Pause Full (JvmtiEnv ForceGarbageCollection) 145M->2M(486M) 27.271ms
[92.405s][info][gc] GC(32) Pause Full (JvmtiEnv ForceGarbageCollection) 145M->2M(486M) 32.001ms
[94.766s][info][gc] GC(33) Pause Full (JvmtiEnv ForceGarbageCollection) 145M->2M(486M) 29.458ms
[97.127s][info][gc] GC(34) Pause Full (JvmtiEnv ForceGarbageCollection) 145M->2M(486M) 27.658ms
[99.519s][info][gc] GC(35) Pause Full (JvmtiEnv ForceGarbageCollection) 145M->2M(486M) 28.714ms
[101.838s][info][gc] GC(36) Pause Full (JvmtiEnv ForceGarbageCollection) 145M->2M(486M) 30.288ms
[104.221s][info][gc] GC(37) Pause Full (JvmtiEnv ForceGarbageCollection) 145M->2M(486M) 31.688ms
[106.544s][info][gc] GC(38) Pause Full (JvmtiEnv ForceGarbageCollection) 145M->2M(486M) 29.580ms
[108.925s][info][gc] GC(39) Pause Full (JvmtiEnv ForceGarbageCollection) 145M->2M(486M) 30.007ms
[111.321s][info][gc] GC(40) Pause Full (JvmtiEnv ForceGarbageCollection) 145M->2M(486M) 28.678ms
[113.686s][info][gc] GC(41) Pause Full (JvmtiEnv ForceGarbageCollection) 145M->2M(486M) 29.337ms
[116.064s][info][gc] GC(42) Pause Full (JvmtiEnv ForceGarbageCollection) 145M->2M(486M) 30.675ms
[118.409s][info][gc] GC(43) Pause Full (JvmtiEnv ForceGarbageCollection) 145M->2M(486M) 29.083ms
[120.772s][info][gc] GC(44) Pause Full (JvmtiEnv ForceGarbageCollection) 145M->2M(486M) 33.783ms
[123.120s][info][gc] GC(45) Pause Full (JvmtiEnv ForceGarbageCollection) 145M->2M(486M) 28.087ms
[125.511s][info][gc] GC(46) Pause Full (JvmtiEnv ForceGarbageCollection) 145M->2M(486M) 30.093ms
[127.869s][info][gc] GC(47) Pause Full (JvmtiEnv ForceGarbageCollection) 145M->2M(486M) 30.406ms
[130.235s][info][gc] GC(48) Pause Full (JvmtiEnv ForceGarbageCollection) 145M->2M(486M) 30.608ms
[132.574s][info][gc] GC(49) Pause Full (JvmtiEnv ForceGarbageCollection) 145M->2M(486M) 31.346ms
[134.908s][info][gc] GC(50) Pause Full (JvmtiEnv ForceGarbageCollection) 145M->2M(486M) 28.863ms
[137.230s][info][gc] GC(51) Pause Full (JvmtiEnv ForceGarbageCollection) 145M->2M(486M) 31.016ms
[139.577s][info][gc] GC(52) Pause Full (JvmtiEnv ForceGarbageCollection) 145M->2M(486M) 30.125ms
[141.926s][info][gc] GC(53) Pause Full (JvmtiEnv ForceGarbageCollection) 145M->2M(486M) 32.187ms
[144.320s][info][gc] GC(54) Pause Full (JvmtiEnv ForceGarbageCollection) 145M->2M(486M) 32.732ms
[146.703s][info][gc] GC(55) Pause Full (JvmtiEnv ForceGarbageCollection) 145M->2M(486M) 32.237ms
[149.078s][info][gc] GC(56) Pause Full (JvmtiEnv ForceGarbageCollection) 145M->2M(486M) 30.560ms
[151.429s][info][gc] GC(57) Pause Full (JvmtiEnv ForceGarbageCollection) 145M->2M(486M) 30.273ms
[153.804s][info][gc] GC(58) Pause Full (JvmtiEnv ForceGarbageCollection) 145M->2M(486M) 27.808ms
[156.176s][info][gc] GC(59) Pause Full (JvmtiEnv ForceGarbageCollection) 145M->2M(486M) 34.412ms
[158.607s][info][gc] GC(60) Pause Full (JvmtiEnv ForceGarbageCollection) 145M->2M(486M) 34.757ms
[161.001s][info][gc] GC(61) Pause Full (JvmtiEnv ForceGarbageCollection) 145M->2M(486M) 30.195ms
[163.359s][info][gc] GC(62) Pause Full (JvmtiEnv ForceGarbageCollection) 145M->2M(486M) 33.061ms
[165.685s][info][gc] GC(63) Pause Full (JvmtiEnv ForceGarbageCollection) 145M->2M(486M) 30.366ms
[168.068s][info][gc] GC(64) Pause Full (JvmtiEnv ForceGarbageCollection) 145M->2M(486M) 28.839ms
[170.416s][info][gc] GC(65) Pause Full (JvmtiEnv ForceGarbageCollection) 145M->2M(486M) 30.560ms
[172.770s][info][gc] GC(66) Pause Full (JvmtiEnv ForceGarbageCollection) 145M->2M(486M) 30.137ms
[175.150s][info][gc] GC(67) Pause Full (JvmtiEnv ForceGarbageCollection) 145M->2M(486M) 32.296ms
[177.508s][info][gc] GC(68) Pause Full (JvmtiEnv ForceGarbageCollection) 145M->2M(486M) 30.943ms
[179.891s][info][gc] GC(69) Pause Full (JvmtiEnv ForceGarbageCollection) 145M->2M(486M) 32.973ms
[182.275s][info][gc] GC(70) Pause Full (JvmtiEnv ForceGarbageCollection) 145M->2M(486M) 31.862ms
[184.659s][info][gc] GC(71) Pause Full (JvmtiEnv ForceGarbageCollection) 145M->2M(486M) 32.742ms
[187.025s][info][gc] GC(72) Pause Full (JvmtiEnv ForceGarbageCollection) 145M->2M(486M) 28.861ms
[189.374s][info][gc] GC(73) Pause Full (JvmtiEnv ForceGarbageCollection) 145M->2M(486M) 31.193ms
[191.759s][info][gc] GC(74) Pause Full (JvmtiEnv ForceGarbageCollection) 145M->2M(486M) 29.657ms
[194.096s][info][gc] GC(75) Pause Full (JvmtiEnv ForceGarbageCollection) 145M->2M(486M) 32.257ms
