[0.002s][info][gc] Using Serial
[190.129s][info][gc] GC(0) Pause Young (Allocation Failure) 136M->2M(494M) 3.708ms
[192.384s][info][gc] GC(1) Pause Young (Allocation Failure) 138M->2M(494M) 3.044ms
[194.616s][info][gc] GC(2) Pause Young (Allocation Failure) 138M->2M(494M) 2.182ms
[196.846s][info][gc] GC(3) Pause Young (Allocation Failure) 138M->2M(494M) 2.372ms
[199.032s][info][gc] GC(4) Pause Young (Allocation Failure) 138M->1M(494M) 2.038ms
[201.252s][info][gc] GC(5) Pause Young (Allocation Failure) 138M->2M(494M) 2.520ms
[203.484s][info][gc] GC(6) Pause Young (Allocation Failure) 138M->1M(494M) 1.990ms
[205.664s][info][gc] GC(7) Pause Young (Allocation Failure) 138M->1M(494M) 2.048ms
[207.896s][info][gc] GC(8) Pause Young (Allocation Failure) 138M->1M(494M) 1.921ms
[210.044s][info][gc] GC(9) Pause Young (Allocation Failure) 138M->2M(494M) 2.749ms
[212.270s][info][gc] GC(10) Pause Young (Allocation Failure) 138M->2M(494M) 3.359ms
[214.500s][info][gc] GC(11) Pause Young (Allocation Failure) 138M->2M(494M) 3.133ms
[216.734s][info][gc] GC(12) Pause Young (Allocation Failure) 138M->2M(494M) 3.302ms
[218.913s][info][gc] GC(13) Pause Young (Allocation Failure) 138M->2M(494M) 3.112ms
[221.172s][info][gc] GC(14) Pause Young (Allocation Failure) 138M->1M(494M) 2.346ms
[223.392s][info][gc] GC(15) Pause Young (Allocation Failure) 138M->1M(494M) 2.647ms
[225.600s][info][gc] GC(16) Pause Young (Allocation Failure) 138M->2M(494M) 0.725ms
[227.831s][info][gc] GC(17) Pause Young (Allocation Failure) 138M->2M(494M) 0.611ms
[230.075s][info][gc] GC(18) Pause Young (Allocation Failure) 138M->2M(494M) 0.699ms
[232.243s][info][gc] GC(19) Pause Young (Allocation Failure) 138M->2M(494M) 0.876ms
[234.489s][info][gc] GC(20) Pause Young (Allocation Failure) 138M->2M(494M) 1.021ms
[236.693s][info][gc] GC(21) Pause Young (Allocation Failure) 138M->2M(494M) 1.215ms
[238.940s][info][gc] GC(22) Pause Young (Allocation Failure) 138M->1M(494M) 0.206ms
[241.170s][info][gc] GC(23) Pause Young (Allocation Failure) 138M->1M(494M) 0.276ms
[243.441s][info][gc] GC(24) Pause Young (Allocation Failure) 138M->2M(494M) 0.545ms
[245.681s][info][gc] GC(25) Pause Young (Allocation Failure) 138M->2M(494M) 0.536ms
[247.884s][info][gc] GC(26) Pause Young (Allocation Failure) 138M->2M(494M) 0.589ms
[250.125s][info][gc] GC(27) Pause Young (Allocation Failure) 138M->2M(494M) 0.928ms
[252.357s][info][gc] GC(28) Pause Young (Allocation Failure) 138M->2M(494M) 0.996ms
[254.611s][info][gc] GC(29) Pause Young (Allocation Failure) 138M->2M(494M) 0.853ms
[256.817s][info][gc] GC(30) Pause Young (Allocation Failure) 138M->2M(494M) 0.809ms
[259.060s][info][gc] GC(31) Pause Young (Allocation Failure) 138M->2M(494M) 1.258ms
[261.268s][info][gc] GC(32) Pause Young (Allocation Failure) 138M->2M(494M) 0.909ms
[263.527s][info][gc] GC(33) Pause Young (Allocation Failure) 138M->1M(494M) 0.123ms
[265.752s][info][gc] GC(34) Pause Young (Allocation Failure) 138M->1M(494M) 0.313ms
[267.942s][info][gc] GC(35) Pause Young (Allocation Failure) 138M->2M(494M) 0.503ms
[270.137s][info][gc] GC(36) Pause Young (Allocation Failure) 138M->2M(494M) 0.974ms
[272.327s][info][gc] GC(37) Pause Young (Allocation Failure) 138M->2M(494M) 1.149ms
[274.563s][info][gc] GC(38) Pause Young (Allocation Failure) 138M->2M(494M) 0.837ms
[276.823s][info][gc] GC(39) Pause Young (Allocation Failure) 138M->2M(494M) 0.840ms
[279.038s][info][gc] GC(40) Pause Young (Allocation Failure) 138M->1M(494M) 0.140ms
[281.256s][info][gc] GC(41) Pause Young (Allocation Failure) 138M->1M(494M) 0.343ms
[283.509s][info][gc] GC(42) Pause Young (Allocation Failure) 138M->1M(494M) 0.395ms
[285.731s][info][gc] GC(43) Pause Young (Allocation Failure) 138M->1M(494M) 0.383ms
[287.991s][info][gc] GC(44) Pause Young (Allocation Failure) 138M->2M(494M) 0.553ms
[290.229s][info][gc] GC(45) Pause Young (Allocation Failure) 138M->2M(494M) 0.738ms
[292.444s][info][gc] GC(46) Pause Young (Allocation Failure) 138M->2M(494M) 0.775ms
[294.662s][info][gc] GC(47) Pause Young (Allocation Failure) 138M->2M(494M) 0.908ms
[296.893s][info][gc] GC(48) Pause Young (Allocation Failure) 138M->2M(494M) 0.957ms
[299.118s][info][gc] GC(49) Pause Young (Allocation Failure) 138M->2M(494M) 0.708ms
[301.281s][info][gc] GC(50) Pause Young (Allocation Failure) 138M->2M(494M) 1.006ms
[303.515s][info][gc] GC(51) Pause Young (Allocation Failure) 138M->2M(494M) 0.987ms
[305.717s][info][gc] GC(52) Pause Young (Allocation Failure) 138M->1M(494M) 0.144ms
[307.916s][info][gc] GC(53) Pause Young (Allocation Failure) 138M->1M(494M) 0.367ms
[310.102s][info][gc] GC(54) Pause Young (Allocation Failure) 138M->2M(494M) 0.535ms
[312.376s][info][gc] GC(55) Pause Young (Allocation Failure) 138M->2M(494M) 0.654ms
[314.594s][info][gc] GC(56) Pause Young (Allocation Failure) 138M->2M(494M) 0.711ms
[316.856s][info][gc] GC(57) Pause Young (Allocation Failure) 138M->2M(494M) 1.040ms
[319.103s][info][gc] GC(58) Pause Young (Allocation Failure) 138M->2M(494M) 0.889ms
[321.277s][info][gc] GC(59) Pause Young (Allocation Failure) 138M->2M(494M) 0.959ms
[323.527s][info][gc] GC(60) Pause Young (Allocation Failure) 138M->2M(494M) 0.950ms
[325.747s][info][gc] GC(61) Pause Young (Allocation Failure) 138M->2M(494M) 1.239ms
[327.953s][info][gc] GC(62) Pause Young (Allocation Failure) 138M->2M(494M) 0.921ms
[330.174s][info][gc] GC(63) Pause Young (Allocation Failure) 138M->1M(494M) 0.226ms
[332.398s][info][gc] GC(64) Pause Young (Allocation Failure) 138M->1M(494M) 0.436ms
[334.625s][info][gc] GC(65) Pause Young (Allocation Failure) 138M->2M(494M) 0.523ms
[336.866s][info][gc] GC(66) Pause Young (Allocation Failure) 138M->1M(494M) 0.339ms
[339.092s][info][gc] GC(67) Pause Young (Allocation Failure) 138M->2M(494M) 0.520ms
[341.292s][info][gc] GC(68) Pause Young (Allocation Failure) 138M->1M(494M) 0.463ms
[343.482s][info][gc] GC(69) Pause Young (Allocation Failure) 138M->2M(494M) 0.867ms
[345.695s][info][gc] GC(70) Pause Young (Allocation Failure) 138M->2M(494M) 0.717ms
[347.898s][info][gc] GC(71) Pause Young (Allocation Failure) 138M->2M(494M) 0.926ms
[350.115s][info][gc] GC(72) Pause Young (Allocation Failure) 138M->1M(494M) 0.145ms
[352.338s][info][gc] GC(73) Pause Young (Allocation Failure) 138M->1M(494M) 0.290ms
[354.558s][info][gc] GC(74) Pause Young (Allocation Failure) 138M->1M(494M) 0.387ms
[356.744s][info][gc] GC(75) Pause Young (Allocation Failure) 138M->1M(494M) 0.414ms
[358.980s][info][gc] GC(76) Pause Young (Allocation Failure) 138M->2M(494M) 0.506ms
[361.196s][info][gc] GC(77) Pause Young (Allocation Failure) 138M->2M(494M) 0.731ms
[363.421s][info][gc] GC(78) Pause Young (Allocation Failure) 138M->2M(494M) 0.647ms
[365.639s][info][gc] GC(79) Pause Young (Allocation Failure) 138M->2M(494M) 0.480ms
