[0.004s][info][gc] Using Serial
[8.889s][info][gc] GC(0) Pause Young (Allocation Failure) 136M->2M(494M) 4.068ms
[11.076s][info][gc] GC(1) Pause Young (Allocation Failure) 138M->2M(494M) 3.287ms
[13.252s][info][gc] GC(2) Pause Young (Allocation Failure) 138M->1M(494M) 2.082ms
[15.395s][info][gc] GC(3) Pause Young (Allocation Failure) 138M->2M(494M) 3.223ms
[17.525s][info][gc] GC(4) Pause Young (Allocation Failure) 138M->2M(494M) 3.787ms
[19.697s][info][gc] GC(5) Pause Young (Allocation Failure) 138M->1M(494M) 2.092ms
[21.889s][info][gc] GC(6) Pause Young (Allocation Failure) 138M->2M(494M) 2.468ms
[24.024s][info][gc] GC(7) Pause Young (Allocation Failure) 138M->2M(494M) 3.742ms
[26.204s][info][gc] GC(8) Pause Young (Allocation Failure) 138M->1M(494M) 2.167ms
[28.373s][info][gc] GC(9) Pause Young (Allocation Failure) 138M->2M(494M) 2.347ms
[30.508s][info][gc] GC(10) Pause Young (Allocation Failure) 138M->2M(494M) 2.553ms
[32.672s][info][gc] GC(11) Pause Young (Allocation Failure) 138M->2M(494M) 2.791ms
[34.849s][info][gc] GC(12) Pause Young (Allocation Failure) 138M->2M(494M) 3.132ms
[37.094s][info][gc] GC(13) Pause Young (Allocation Failure) 138M->2M(494M) 2.795ms
[39.326s][info][gc] GC(14) Pause Young (Allocation Failure) 138M->2M(494M) 2.924ms
[41.487s][info][gc] GC(15) Pause Young (Allocation Failure) 138M->2M(494M) 3.683ms
[43.684s][info][gc] GC(16) Pause Young (Allocation Failure) 138M->2M(494M) 0.985ms
[45.818s][info][gc] GC(17) Pause Young (Allocation Failure) 138M->2M(494M) 0.938ms
[48.000s][info][gc] GC(18) Pause Young (Allocation Failure) 138M->1M(494M) 0.202ms
[50.145s][info][gc] GC(19) Pause Young (Allocation Failure) 138M->1M(494M) 0.243ms
[52.347s][info][gc] GC(20) Pause Young (Allocation Failure) 138M->2M(494M) 0.593ms
[54.519s][info][gc] GC(21) Pause Young (Allocation Failure) 138M->2M(494M) 0.534ms
[56.681s][info][gc] GC(22) Pause Young (Allocation Failure) 138M->2M(494M) 0.655ms
[58.920s][info][gc] GC(23) Pause Young (Allocation Failure) 138M->2M(494M) 1.182ms
[61.164s][info][gc] GC(24) Pause Young (Allocation Failure) 138M->2M(494M) 1.410ms
[63.369s][info][gc] GC(25) Pause Young (Allocation Failure) 138M->2M(494M) 0.892ms
[65.588s][info][gc] GC(26) Pause Young (Allocation Failure) 138M->1M(494M) 0.134ms
[67.789s][info][gc] GC(27) Pause Young (Allocation Failure) 138M->1M(494M) 0.346ms
[69.970s][info][gc] GC(28) Pause Young (Allocation Failure) 138M->2M(494M) 0.584ms
[72.157s][info][gc] GC(29) Pause Young (Allocation Failure) 138M->2M(494M) 0.735ms
[74.366s][info][gc] GC(30) Pause Young (Allocation Failure) 138M->2M(494M) 0.686ms
[76.534s][info][gc] GC(31) Pause Young (Allocation Failure) 138M->2M(494M) 0.874ms
[78.721s][info][gc] GC(32) Pause Young (Allocation Failure) 138M->2M(494M) 0.772ms
[80.915s][info][gc] GC(33) Pause Young (Allocation Failure) 138M->2M(494M) 0.866ms
[83.211s][info][gc] GC(34) Pause Young (Allocation Failure) 138M->2M(494M) 0.897ms
[85.443s][info][gc] GC(35) Pause Young (Allocation Failure) 138M->1M(494M) 0.197ms
[87.642s][info][gc] GC(36) Pause Young (Allocation Failure) 138M->1M(494M) 0.313ms
[89.831s][info][gc] GC(37) Pause Young (Allocation Failure) 138M->2M(494M) 0.459ms
[92.013s][info][gc] GC(38) Pause Young (Allocation Failure) 138M->2M(494M) 0.460ms
[94.243s][info][gc] GC(39) Pause Young (Allocation Failure) 138M->2M(494M) 0.540ms
[96.394s][info][gc] GC(40) Pause Young (Allocation Failure) 138M->2M(494M) 0.637ms
[98.604s][info][gc] GC(41) Pause Young (Allocation Failure) 138M->2M(494M) 0.677ms
[100.736s][info][gc] GC(42) Pause Young (Allocation Failure) 138M->2M(494M) 0.960ms
[102.914s][info][gc] GC(43) Pause Young (Allocation Failure) 138M->2M(494M) 0.655ms
[105.133s][info][gc] GC(44) Pause Young (Allocation Failure) 138M->2M(494M) 0.859ms
[107.305s][info][gc] GC(45) Pause Young (Allocation Failure) 138M->2M(494M) 0.924ms
[109.546s][info][gc] GC(46) Pause Young (Allocation Failure) 138M->2M(494M) 0.751ms
[111.743s][info][gc] GC(47) Pause Young (Allocation Failure) 138M->2M(494M) 0.949ms
[113.950s][info][gc] GC(48) Pause Young (Allocation Failure) 138M->2M(494M) 0.990ms
[116.290s][info][gc] GC(49) Pause Young (Allocation Failure) 138M->1M(494M) 0.193ms
[118.446s][info][gc] GC(50) Pause Young (Allocation Failure) 138M->1M(494M) 0.345ms
[120.793s][info][gc] GC(51) Pause Young (Allocation Failure) 138M->2M(494M) 0.417ms
[123.252s][info][gc] GC(52) Pause Young (Allocation Failure) 138M->2M(494M) 0.713ms
[125.605s][info][gc] GC(53) Pause Young (Allocation Failure) 138M->2M(494M) 0.773ms
[127.814s][info][gc] GC(54) Pause Young (Allocation Failure) 138M->2M(494M) 0.956ms
[130.003s][info][gc] GC(55) Pause Young (Allocation Failure) 138M->2M(494M) 0.886ms
[132.233s][info][gc] GC(56) Pause Young (Allocation Failure) 138M->2M(494M) 0.989ms
[134.430s][info][gc] GC(57) Pause Young (Allocation Failure) 138M->2M(494M) 0.926ms
[136.582s][info][gc] GC(58) Pause Young (Allocation Failure) 138M->1M(494M) 0.259ms
[138.752s][info][gc] GC(59) Pause Young (Allocation Failure) 138M->1M(494M) 0.331ms
[141.092s][info][gc] GC(60) Pause Young (Allocation Failure) 138M->2M(494M) 0.575ms
[143.349s][info][gc] GC(61) Pause Young (Allocation Failure) 138M->2M(494M) 0.797ms
[145.587s][info][gc] GC(62) Pause Young (Allocation Failure) 138M->2M(494M) 0.727ms
[147.760s][info][gc] GC(63) Pause Young (Allocation Failure) 138M->2M(494M) 0.850ms
[149.942s][info][gc] GC(64) Pause Young (Allocation Failure) 138M->2M(494M) 0.942ms
[152.084s][info][gc] GC(65) Pause Young (Allocation Failure) 138M->2M(494M) 1.103ms
[154.260s][info][gc] GC(66) Pause Young (Allocation Failure) 138M->2M(494M) 0.785ms
[156.416s][info][gc] GC(67) Pause Young (Allocation Failure) 138M->2M(494M) 0.939ms
[158.596s][info][gc] GC(68) Pause Young (Allocation Failure) 138M->2M(494M) 0.957ms
[160.761s][info][gc] GC(69) Pause Young (Allocation Failure) 138M->1M(494M) 0.203ms
[162.984s][info][gc] GC(70) Pause Young (Allocation Failure) 138M->1M(494M) 0.343ms
[165.141s][info][gc] GC(71) Pause Young (Allocation Failure) 138M->2M(494M) 0.468ms
[167.279s][info][gc] GC(72) Pause Young (Allocation Failure) 138M->2M(494M) 0.661ms
[169.434s][info][gc] GC(73) Pause Young (Allocation Failure) 138M->2M(494M) 0.768ms
[171.596s][info][gc] GC(74) Pause Young (Allocation Failure) 138M->2M(494M) 0.949ms
[173.789s][info][gc] GC(75) Pause Young (Allocation Failure) 138M->2M(494M) 0.942ms
[175.957s][info][gc] GC(76) Pause Young (Allocation Failure) 138M->1M(494M) 0.165ms
[178.274s][info][gc] GC(77) Pause Young (Allocation Failure) 138M->1M(494M) 0.252ms
[180.527s][info][gc] GC(78) Pause Young (Allocation Failure) 138M->2M(494M) 0.374ms
[182.666s][info][gc] GC(79) Pause Young (Allocation Failure) 138M->1M(494M) 0.382ms
