[0.003s][info][gc] Using Serial
[9.972s][info][gc] GC(0) Pause Full (JvmtiEnv ForceGarbageCollection) 170M->2M(486M) 73.723ms
[12.402s][info][gc] GC(1) Pause Full (JvmtiEnv ForceGarbageCollection) 155M->2M(486M) 58.283ms
[14.482s][info][gc] GC(2) Pause Full (JvmtiEnv ForceGarbageCollection) 149M->2M(486M) 46.281ms
[16.788s][info][gc] GC(3) Pause Full (JvmtiEnv ForceGarbageCollection) 148M->2M(486M) 29.514ms
[19.176s][info][gc] GC(4) Pause Full (JvmtiEnv ForceGarbageCollection) 146M->2M(486M) 27.194ms
[21.646s][info][gc] GC(5) Pause Full (JvmtiEnv ForceGarbageCollection) 148M->2M(486M) 29.278ms
[24.029s][info][gc] GC(6) Pause Full (JvmtiEnv ForceGarbageCollection) 144M->2M(486M) 29.851ms
[26.388s][info][gc] GC(7) Pause Full (JvmtiEnv ForceGarbageCollection) 144M->2M(486M) 30.468ms
[28.741s][info][gc] GC(8) Pause Full (JvmtiEnv ForceGarbageCollection) 144M->2M(486M) 29.842ms
[31.075s][info][gc] GC(9) Pause Full (JvmtiEnv ForceGarbageCollection) 147M->2M(486M) 29.088ms
[33.425s][info][gc] GC(10) Pause Full (JvmtiEnv ForceGarbageCollection) 145M->2M(486M) 35.766ms
[35.658s][info][gc] GC(11) Pause Full (JvmtiEnv ForceGarbageCollection) 145M->2M(486M) 27.954ms
[38.083s][info][gc] GC(12) Pause Full (JvmtiEnv ForceGarbageCollection) 143M->2M(486M) 30.629ms
[41.136s][info][gc] GC(13) Pause Full (JvmtiEnv ForceGarbageCollection) 145M->2M(486M) 49.654ms
[43.833s][info][gc] GC(14) Pause Full (JvmtiEnv ForceGarbageCollection) 145M->2M(486M) 34.721ms
[46.355s][info][gc] GC(15) Pause Full (JvmtiEnv ForceGarbageCollection) 146M->2M(486M) 34.488ms
[48.807s][info][gc] GC(16) Pause Full (JvmtiEnv ForceGarbageCollection) 145M->2M(486M) 31.599ms
[51.299s][info][gc] GC(17) Pause Full (JvmtiEnv ForceGarbageCollection) 146M->2M(486M) 65.162ms
[53.845s][info][gc] GC(18) Pause Full (JvmtiEnv ForceGarbageCollection) 145M->2M(486M) 47.305ms
[56.366s][info][gc] GC(19) Pause Full (JvmtiEnv ForceGarbageCollection) 145M->2M(486M) 31.606ms
[58.931s][info][gc] GC(20) Pause Full (JvmtiEnv ForceGarbageCollection) 145M->2M(486M) 32.861ms
[61.458s][info][gc] GC(21) Pause Full (JvmtiEnv ForceGarbageCollection) 146M->2M(486M) 31.937ms
[63.891s][info][gc] GC(22) Pause Full (JvmtiEnv ForceGarbageCollection) 145M->2M(486M) 31.869ms
[71.310s][info][gc] GC(23) Pause Full (JvmtiEnv ForceGarbageCollection) 145M->2M(486M) 81.897ms
[79.584s][info][gc] GC(24) Pause Full (JvmtiEnv ForceGarbageCollection) 145M->2M(486M) 177.604ms
[88.565s][info][gc] GC(25) Pause Full (JvmtiEnv ForceGarbageCollection) 145M->2M(486M) 31.505ms
[93.918s][info][gc] GC(26) Pause Full (JvmtiEnv ForceGarbageCollection) 145M->2M(486M) 30.814ms
[96.924s][info][gc] GC(27) Pause Full (JvmtiEnv ForceGarbageCollection) 145M->2M(486M) 39.628ms
[100.083s][info][gc] GC(28) Pause Full (JvmtiEnv ForceGarbageCollection) 145M->2M(486M) 31.448ms
[103.024s][info][gc] GC(29) Pause Full (JvmtiEnv ForceGarbageCollection) 145M->2M(486M) 29.658ms
[105.971s][info][gc] GC(30) Pause Full (JvmtiEnv ForceGarbageCollection) 145M->2M(486M) 29.583ms
[108.961s][info][gc] GC(31) Pause Full (JvmtiEnv ForceGarbageCollection) 145M->2M(486M) 48.475ms
[112.054s][info][gc] GC(32) Pause Full (JvmtiEnv ForceGarbageCollection) 145M->2M(486M) 71.936ms
[114.713s][info][gc] GC(33) Pause Full (JvmtiEnv ForceGarbageCollection) 145M->2M(486M) 48.811ms
[118.003s][info][gc] GC(34) Pause Full (JvmtiEnv ForceGarbageCollection) 145M->2M(486M) 108.462ms
[121.999s][info][gc] GC(35) Pause Full (JvmtiEnv ForceGarbageCollection) 145M->2M(486M) 82.768ms
[125.634s][info][gc] GC(36) Pause Full (JvmtiEnv ForceGarbageCollection) 145M->2M(486M) 32.150ms
[129.122s][info][gc] GC(37) Pause Full (JvmtiEnv ForceGarbageCollection) 145M->2M(486M) 30.329ms
[132.342s][info][gc] GC(38) Pause Full (JvmtiEnv ForceGarbageCollection) 145M->2M(486M) 29.516ms
[135.709s][info][gc] GC(39) Pause Full (JvmtiEnv ForceGarbageCollection) 145M->2M(486M) 42.609ms
[139.481s][info][gc] GC(40) Pause Full (JvmtiEnv ForceGarbageCollection) 145M->2M(486M) 64.986ms
[143.099s][info][gc] GC(41) Pause Full (JvmtiEnv ForceGarbageCollection) 145M->2M(486M) 52.414ms
[146.607s][info][gc] GC(42) Pause Full (JvmtiEnv ForceGarbageCollection) 145M->2M(486M) 109.312ms
[150.380s][info][gc] GC(43) Pause Full (JvmtiEnv ForceGarbageCollection) 145M->2M(486M) 63.270ms
[153.842s][info][gc] GC(44) Pause Full (JvmtiEnv ForceGarbageCollection) 145M->2M(486M) 92.319ms
[157.472s][info][gc] GC(45) Pause Full (JvmtiEnv ForceGarbageCollection) 145M->2M(486M) 71.816ms
[162.183s][info][gc] GC(46) Pause Full (JvmtiEnv ForceGarbageCollection) 145M->2M(486M) 414.269ms
[166.209s][info][gc] GC(47) Pause Full (JvmtiEnv ForceGarbageCollection) 145M->2M(486M) 87.252ms
[170.515s][info][gc] GC(48) Pause Full (JvmtiEnv ForceGarbageCollection) 145M->2M(486M) 152.249ms
[174.543s][info][gc] GC(49) Pause Full (JvmtiEnv ForceGarbageCollection) 145M->2M(486M) 110.057ms
[178.644s][info][gc] GC(50) Pause Full (JvmtiEnv ForceGarbageCollection) 145M->2M(486M) 47.234ms
[183.325s][info][gc] GC(51) Pause Full (JvmtiEnv ForceGarbageCollection) 145M->2M(486M) 99.917ms
[187.680s][info][gc] GC(52) Pause Full (JvmtiEnv ForceGarbageCollection) 145M->2M(486M) 52.110ms
[191.561s][info][gc] GC(53) Pause Full (JvmtiEnv ForceGarbageCollection) 145M->2M(486M) 53.298ms
[195.687s][info][gc] GC(54) Pause Full (JvmtiEnv ForceGarbageCollection) 145M->2M(486M) 52.615ms
[199.846s][info][gc] GC(55) Pause Full (JvmtiEnv ForceGarbageCollection) 145M->2M(486M) 57.662ms
[203.851s][info][gc] GC(56) Pause Full (JvmtiEnv ForceGarbageCollection) 145M->2M(486M) 99.112ms
[207.919s][info][gc] GC(57) Pause Full (JvmtiEnv ForceGarbageCollection) 145M->2M(486M) 157.954ms
[212.097s][info][gc] GC(58) Pause Full (JvmtiEnv ForceGarbageCollection) 145M->2M(486M) 85.085ms
[216.886s][info][gc] GC(59) Pause Full (JvmtiEnv ForceGarbageCollection) 145M->2M(486M) 150.713ms
