[0.003s][info][gc] Using Serial
[20.318s][info][gc] GC(0) Pause Full (JvmtiEnv ForceGarbageCollection) 170M->2M(486M) 31.978ms
[22.648s][info][gc] GC(1) Pause Full (JvmtiEnv ForceGarbageCollection) 155M->2M(486M) 30.951ms
[24.992s][info][gc] GC(2) Pause Full (JvmtiEnv ForceGarbageCollection) 149M->2M(486M) 30.165ms
[27.359s][info][gc] GC(3) Pause Full (JvmtiEnv ForceGarbageCollection) 148M->2M(486M) 30.277ms
[29.674s][info][gc] GC(4) Pause Full (JvmtiEnv ForceGarbageCollection) 146M->2M(486M) 32.285ms
[31.964s][info][gc] GC(5) Pause Full (JvmtiEnv ForceGarbageCollection) 149M->2M(486M) 29.763ms
[34.312s][info][gc] GC(6) Pause Full (JvmtiEnv ForceGarbageCollection) 144M->2M(486M) 35.304ms
[36.633s][info][gc] GC(7) Pause Full (JvmtiEnv ForceGarbageCollection) 144M->2M(486M) 31.239ms
[39.015s][info][gc] GC(8) Pause Full (JvmtiEnv ForceGarbageCollection) 144M->2M(486M) 30.732ms
[41.345s][info][gc] GC(9) Pause Full (JvmtiEnv ForceGarbageCollection) 147M->2M(486M) 28.703ms
[43.687s][info][gc] GC(10) Pause Full (JvmtiEnv ForceGarbageCollection) 145M->2M(486M) 31.232ms
[46.041s][info][gc] GC(11) Pause Full (JvmtiEnv ForceGarbageCollection) 145M->2M(486M) 34.426ms
[48.371s][info][gc] GC(12) Pause Full (JvmtiEnv ForceGarbageCollection) 144M->2M(486M) 30.542ms
[50.680s][info][gc] GC(13) Pause Full (JvmtiEnv ForceGarbageCollection) 146M->2M(486M) 30.816ms
[52.963s][info][gc] GC(14) Pause Full (JvmtiEnv ForceGarbageCollection) 145M->2M(486M) 30.377ms
[55.340s][info][gc] GC(15) Pause Full (JvmtiEnv ForceGarbageCollection) 144M->2M(486M) 32.918ms
[57.834s][info][gc] GC(16) Pause Full (JvmtiEnv ForceGarbageCollection) 145M->2M(486M) 36.747ms
[60.141s][info][gc] GC(17) Pause Full (JvmtiEnv ForceGarbageCollection) 145M->2M(486M) 29.271ms
[62.466s][info][gc] GC(18) Pause Full (JvmtiEnv ForceGarbageCollection) 146M->2M(486M) 28.806ms
[64.802s][info][gc] GC(19) Pause Full (JvmtiEnv ForceGarbageCollection) 143M->2M(486M) 35.303ms
[67.277s][info][gc] GC(20) Pause Full (JvmtiEnv ForceGarbageCollection) 145M->2M(486M) 28.945ms
[69.592s][info][gc] GC(21) Pause Full (JvmtiEnv ForceGarbageCollection) 146M->2M(486M) 27.707ms
[71.962s][info][gc] GC(22) Pause Full (JvmtiEnv ForceGarbageCollection) 145M->2M(486M) 31.830ms
[74.294s][info][gc] GC(23) Pause Full (JvmtiEnv ForceGarbageCollection) 144M->2M(486M) 29.046ms
[76.587s][info][gc] GC(24) Pause Full (JvmtiEnv ForceGarbageCollection) 145M->2M(486M) 30.258ms
[78.917s][info][gc] GC(25) Pause Full (JvmtiEnv ForceGarbageCollection) 145M->2M(486M) 31.848ms
[81.225s][info][gc] GC(26) Pause Full (JvmtiEnv ForceGarbageCollection) 145M->2M(486M) 29.931ms
[83.575s][info][gc] GC(27) Pause Full (JvmtiEnv ForceGarbageCollection) 144M->2M(486M) 29.725ms
[85.912s][info][gc] GC(28) Pause Full (JvmtiEnv ForceGarbageCollection) 145M->2M(486M) 32.443ms
[88.220s][info][gc] GC(29) Pause Full (JvmtiEnv ForceGarbageCollection) 145M->2M(486M) 33.439ms
[90.585s][info][gc] GC(30) Pause Full (JvmtiEnv ForceGarbageCollection) 145M->2M(486M) 31.485ms
[92.919s][info][gc] GC(31) Pause Full (JvmtiEnv ForceGarbageCollection) 145M->2M(486M) 30.780ms
[95.265s][info][gc] GC(32) Pause Full (JvmtiEnv ForceGarbageCollection) 145M->2M(486M) 28.310ms
[97.562s][info][gc] GC(33) Pause Full (JvmtiEnv ForceGarbageCollection) 143M->2M(486M) 30.315ms
[99.894s][info][gc] GC(34) Pause Full (JvmtiEnv ForceGarbageCollection) 145M->2M(486M) 31.008ms
[102.221s][info][gc] GC(35) Pause Full (JvmtiEnv ForceGarbageCollection) 146M->2M(486M) 32.999ms
[104.552s][info][gc] GC(36) Pause Full (JvmtiEnv ForceGarbageCollection) 146M->2M(486M) 29.851ms
[106.875s][info][gc] GC(37) Pause Full (JvmtiEnv ForceGarbageCollection) 145M->2M(486M) 32.540ms
[109.223s][info][gc] GC(38) Pause Full (JvmtiEnv ForceGarbageCollection) 144M->2M(486M) 35.439ms
[111.545s][info][gc] GC(39) Pause Full (JvmtiEnv ForceGarbageCollection) 144M->2M(486M) 29.659ms
[113.908s][info][gc] GC(40) Pause Full (JvmtiEnv ForceGarbageCollection) 145M->2M(486M) 30.940ms
[116.208s][info][gc] GC(41) Pause Full (JvmtiEnv ForceGarbageCollection) 146M->2M(486M) 28.989ms
[118.546s][info][gc] GC(42) Pause Full (JvmtiEnv ForceGarbageCollection) 146M->2M(486M) 28.772ms
[120.824s][info][gc] GC(43) Pause Full (JvmtiEnv ForceGarbageCollection) 145M->2M(486M) 31.032ms
[123.140s][info][gc] GC(44) Pause Full (JvmtiEnv ForceGarbageCollection) 145M->2M(486M) 30.369ms
[125.429s][info][gc] GC(45) Pause Full (JvmtiEnv ForceGarbageCollection) 145M->2M(486M) 29.574ms
[127.725s][info][gc] GC(46) Pause Full (JvmtiEnv ForceGarbageCollection) 144M->2M(486M) 32.501ms
[130.054s][info][gc] GC(47) Pause Full (JvmtiEnv ForceGarbageCollection) 144M->2M(486M) 29.596ms
[132.370s][info][gc] GC(48) Pause Full (JvmtiEnv ForceGarbageCollection) 146M->2M(486M) 30.016ms
[134.679s][info][gc] GC(49) Pause Full (JvmtiEnv ForceGarbageCollection) 146M->2M(486M) 29.481ms
[136.953s][info][gc] GC(50) Pause Full (JvmtiEnv ForceGarbageCollection) 144M->2M(486M) 29.144ms
[139.248s][info][gc] GC(51) Pause Full (JvmtiEnv ForceGarbageCollection) 145M->2M(486M) 31.975ms
[141.536s][info][gc] GC(52) Pause Full (JvmtiEnv ForceGarbageCollection) 145M->2M(486M) 29.442ms
[143.876s][info][gc] GC(53) Pause Full (JvmtiEnv ForceGarbageCollection) 143M->2M(486M) 35.857ms
[146.182s][info][gc] GC(54) Pause Full (JvmtiEnv ForceGarbageCollection) 145M->2M(486M) 30.193ms
[148.474s][info][gc] GC(55) Pause Full (JvmtiEnv ForceGarbageCollection) 146M->2M(486M) 31.429ms
[150.805s][info][gc] GC(56) Pause Full (JvmtiEnv ForceGarbageCollection) 146M->2M(486M) 31.757ms
[153.122s][info][gc] GC(57) Pause Full (JvmtiEnv ForceGarbageCollection) 144M->2M(486M) 34.334ms
[155.422s][info][gc] GC(58) Pause Full (JvmtiEnv ForceGarbageCollection) 144M->2M(486M) 27.798ms
[157.693s][info][gc] GC(59) Pause Full (JvmtiEnv ForceGarbageCollection) 145M->2M(486M) 30.794ms
[160.013s][info][gc] GC(60) Pause Full (JvmtiEnv ForceGarbageCollection) 146M->2M(486M) 30.329ms
[162.313s][info][gc] GC(61) Pause Full (JvmtiEnv ForceGarbageCollection) 145M->2M(486M) 30.299ms
[164.693s][info][gc] GC(62) Pause Full (JvmtiEnv ForceGarbageCollection) 145M->2M(486M) 31.461ms
[166.976s][info][gc] GC(63) Pause Full (JvmtiEnv ForceGarbageCollection) 145M->2M(486M) 27.402ms
[169.303s][info][gc] GC(64) Pause Full (JvmtiEnv ForceGarbageCollection) 144M->2M(486M) 31.293ms
[171.577s][info][gc] GC(65) Pause Full (JvmtiEnv ForceGarbageCollection) 144M->2M(486M) 31.714ms
[173.927s][info][gc] GC(66) Pause Full (JvmtiEnv ForceGarbageCollection) 146M->2M(486M) 30.165ms
[176.228s][info][gc] GC(67) Pause Full (JvmtiEnv ForceGarbageCollection) 146M->2M(486M) 28.348ms
[178.545s][info][gc] GC(68) Pause Full (JvmtiEnv ForceGarbageCollection) 144M->2M(486M) 31.402ms
[180.861s][info][gc] GC(69) Pause Full (JvmtiEnv ForceGarbageCollection) 145M->2M(486M) 36.138ms
[183.192s][info][gc] GC(70) Pause Full (JvmtiEnv ForceGarbageCollection) 145M->2M(486M) 30.305ms
[185.506s][info][gc] GC(71) Pause Full (JvmtiEnv ForceGarbageCollection) 144M->2M(486M) 31.418ms
[187.807s][info][gc] GC(72) Pause Full (JvmtiEnv ForceGarbageCollection) 145M->2M(486M) 28.790ms
[190.129s][info][gc] GC(73) Pause Full (JvmtiEnv ForceGarbageCollection) 146M->2M(486M) 32.086ms
[192.454s][info][gc] GC(74) Pause Full (JvmtiEnv ForceGarbageCollection) 146M->2M(486M) 29.927ms
[194.816s][info][gc] GC(75) Pause Full (JvmtiEnv ForceGarbageCollection) 145M->2M(486M) 29.067ms
