[0.301s][info][gc] Using Serial
[15.568s][info][gc] GC(0) Pause Full (JvmtiEnv ForceGarbageCollection) 174M->2M(486M) 59.126ms
[17.944s][info][gc] GC(1) Pause Full (JvmtiEnv ForceGarbageCollection) 155M->2M(486M) 34.941ms
[20.346s][info][gc] GC(2) Pause Full (JvmtiEnv ForceGarbageCollection) 149M->2M(486M) 28.280ms
[22.732s][info][gc] GC(3) Pause Full (JvmtiEnv ForceGarbageCollection) 150M->2M(486M) 30.212ms
[25.087s][info][gc] GC(4) Pause Full (JvmtiEnv ForceGarbageCollection) 148M->2M(486M) 30.358ms
[27.382s][info][gc] GC(5) Pause Full (JvmtiEnv ForceGarbageCollection) 146M->2M(486M) 28.525ms
[29.736s][info][gc] GC(6) Pause Full (JvmtiEnv ForceGarbageCollection) 147M->2M(486M) 29.695ms
[32.047s][info][gc] GC(7) Pause Full (JvmtiEnv ForceGarbageCollection) 145M->2M(486M) 31.860ms
[34.368s][info][gc] GC(8) Pause Full (JvmtiEnv ForceGarbageCollection) 144M->2M(486M) 30.194ms
[36.725s][info][gc] GC(9) Pause Full (JvmtiEnv ForceGarbageCollection) 143M->2M(486M) 30.933ms
[39.043s][info][gc] GC(10) Pause Full (JvmtiEnv ForceGarbageCollection) 145M->2M(486M) 30.049ms
[41.428s][info][gc] GC(11) Pause Full (JvmtiEnv ForceGarbageCollection) 147M->2M(486M) 32.873ms
[43.802s][info][gc] GC(12) Pause Full (JvmtiEnv ForceGarbageCollection) 146M->2M(486M) 30.893ms
[46.158s][info][gc] GC(13) Pause Full (JvmtiEnv ForceGarbageCollection) 144M->2M(486M) 27.997ms
[48.508s][info][gc] GC(14) Pause Full (JvmtiEnv ForceGarbageCollection) 144M->2M(486M) 31.335ms
[50.848s][info][gc] GC(15) Pause Full (JvmtiEnv ForceGarbageCollection) 145M->2M(486M) 31.003ms
[53.165s][info][gc] GC(16) Pause Full (JvmtiEnv ForceGarbageCollection) 147M->2M(486M) 28.384ms
[55.499s][info][gc] GC(17) Pause Full (JvmtiEnv ForceGarbageCollection) 145M->2M(486M) 30.738ms
[57.845s][info][gc] GC(18) Pause Full (JvmtiEnv ForceGarbageCollection) 145M->2M(486M) 28.266ms
[60.187s][info][gc] GC(19) Pause Full (JvmtiEnv ForceGarbageCollection) 145M->2M(486M) 30.421ms
[62.652s][info][gc] GC(20) Pause Full (JvmtiEnv ForceGarbageCollection) 145M->2M(486M) 32.578ms
[65.018s][info][gc] GC(21) Pause Full (JvmtiEnv ForceGarbageCollection) 145M->2M(486M) 29.285ms
[67.382s][info][gc] GC(22) Pause Full (JvmtiEnv ForceGarbageCollection) 145M->2M(486M) 28.206ms
[69.823s][info][gc] GC(23) Pause Full (JvmtiEnv ForceGarbageCollection) 145M->2M(486M) 30.716ms
[72.148s][info][gc] GC(24) Pause Full (JvmtiEnv ForceGarbageCollection) 145M->2M(486M) 28.209ms
[74.497s][info][gc] GC(25) Pause Full (JvmtiEnv ForceGarbageCollection) 145M->2M(486M) 32.146ms
[76.860s][info][gc] GC(26) Pause Full (JvmtiEnv ForceGarbageCollection) 145M->2M(486M) 29.815ms
[79.247s][info][gc] GC(27) Pause Full (JvmtiEnv ForceGarbageCollection) 145M->2M(486M) 28.294ms
[81.598s][info][gc] GC(28) Pause Full (JvmtiEnv ForceGarbageCollection) 145M->2M(486M) 30.350ms
[83.958s][info][gc] GC(29) Pause Full (JvmtiEnv ForceGarbageCollection) 145M->2M(486M) 28.083ms
[86.314s][info][gc] GC(30) Pause Full (JvmtiEnv ForceGarbageCollection) 145M->2M(486M) 31.023ms
[88.715s][info][gc] GC(31) Pause Full (JvmtiEnv ForceGarbageCollection) 145M->2M(486M) 32.252ms
[91.067s][info][gc] GC(32) Pause Full (JvmtiEnv ForceGarbageCollection) 145M->2M(486M) 32.503ms
[93.423s][info][gc] GC(33) Pause Full (JvmtiEnv ForceGarbageCollection) 145M->2M(486M) 36.822ms
[95.799s][info][gc] GC(34) Pause Full (JvmtiEnv ForceGarbageCollection) 145M->2M(486M) 32.672ms
[98.170s][info][gc] GC(35) Pause Full (JvmtiEnv ForceGarbageCollection) 145M->2M(486M) 32.267ms
[100.534s][info][gc] GC(36) Pause Full (JvmtiEnv ForceGarbageCollection) 145M->2M(486M) 29.014ms
[102.850s][info][gc] GC(37) Pause Full (JvmtiEnv ForceGarbageCollection) 145M->2M(486M) 29.373ms
[105.222s][info][gc] GC(38) Pause Full (JvmtiEnv ForceGarbageCollection) 145M->2M(486M) 31.374ms
[107.571s][info][gc] GC(39) Pause Full (JvmtiEnv ForceGarbageCollection) 145M->2M(486M) 32.858ms
[109.935s][info][gc] GC(40) Pause Full (JvmtiEnv ForceGarbageCollection) 145M->2M(486M) 29.418ms
[112.298s][info][gc] GC(41) Pause Full (JvmtiEnv ForceGarbageCollection) 145M->2M(486M) 30.529ms
[114.712s][info][gc] GC(42) Pause Full (JvmtiEnv ForceGarbageCollection) 145M->2M(486M) 29.594ms
[117.052s][info][gc] GC(43) Pause Full (JvmtiEnv ForceGarbageCollection) 145M->2M(486M) 30.953ms
[119.405s][info][gc] GC(44) Pause Full (JvmtiEnv ForceGarbageCollection) 145M->2M(486M) 30.398ms
[121.729s][info][gc] GC(45) Pause Full (JvmtiEnv ForceGarbageCollection) 145M->2M(486M) 30.565ms
[124.050s][info][gc] GC(46) Pause Full (JvmtiEnv ForceGarbageCollection) 145M->2M(486M) 29.423ms
[126.400s][info][gc] GC(47) Pause Full (JvmtiEnv ForceGarbageCollection) 145M->2M(486M) 29.355ms
[128.775s][info][gc] GC(48) Pause Full (JvmtiEnv ForceGarbageCollection) 145M->2M(486M) 30.685ms
[131.085s][info][gc] GC(49) Pause Full (JvmtiEnv ForceGarbageCollection) 145M->2M(486M) 30.758ms
[133.579s][info][gc] GC(50) Pause Full (JvmtiEnv ForceGarbageCollection) 145M->2M(486M) 40.445ms
[135.917s][info][gc] GC(51) Pause Full (JvmtiEnv ForceGarbageCollection) 145M->2M(486M) 30.407ms
[138.258s][info][gc] GC(52) Pause Full (JvmtiEnv ForceGarbageCollection) 145M->2M(486M) 30.838ms
[140.644s][info][gc] GC(53) Pause Full (JvmtiEnv ForceGarbageCollection) 145M->2M(486M) 31.978ms
[143.012s][info][gc] GC(54) Pause Full (JvmtiEnv ForceGarbageCollection) 145M->2M(486M) 28.917ms
[145.355s][info][gc] GC(55) Pause Full (JvmtiEnv ForceGarbageCollection) 145M->2M(486M) 29.561ms
[147.723s][info][gc] GC(56) Pause Full (JvmtiEnv ForceGarbageCollection) 145M->2M(486M) 30.236ms
[150.077s][info][gc] GC(57) Pause Full (JvmtiEnv ForceGarbageCollection) 145M->2M(486M) 28.257ms
[152.421s][info][gc] GC(58) Pause Full (JvmtiEnv ForceGarbageCollection) 145M->2M(486M) 30.618ms
[154.756s][info][gc] GC(59) Pause Full (JvmtiEnv ForceGarbageCollection) 145M->2M(486M) 32.360ms
[157.096s][info][gc] GC(60) Pause Full (JvmtiEnv ForceGarbageCollection) 145M->2M(486M) 30.948ms
[159.439s][info][gc] GC(61) Pause Full (JvmtiEnv ForceGarbageCollection) 145M->2M(486M) 30.173ms
[161.760s][info][gc] GC(62) Pause Full (JvmtiEnv ForceGarbageCollection) 145M->2M(486M) 31.315ms
[164.161s][info][gc] GC(63) Pause Full (JvmtiEnv ForceGarbageCollection) 145M->2M(486M) 30.967ms
[166.658s][info][gc] GC(64) Pause Full (JvmtiEnv ForceGarbageCollection) 145M->2M(486M) 28.594ms
[169.035s][info][gc] GC(65) Pause Full (JvmtiEnv ForceGarbageCollection) 145M->2M(486M) 28.544ms
[171.402s][info][gc] GC(66) Pause Full (JvmtiEnv ForceGarbageCollection) 145M->2M(486M) 31.119ms
[173.805s][info][gc] GC(67) Pause Full (JvmtiEnv ForceGarbageCollection) 145M->2M(486M) 28.909ms
[176.262s][info][gc] GC(68) Pause Full (JvmtiEnv ForceGarbageCollection) 145M->2M(486M) 33.706ms
[178.629s][info][gc] GC(69) Pause Full (JvmtiEnv ForceGarbageCollection) 145M->2M(486M) 30.981ms
[181.015s][info][gc] GC(70) Pause Full (JvmtiEnv ForceGarbageCollection) 145M->2M(486M) 32.199ms
[183.386s][info][gc] GC(71) Pause Full (JvmtiEnv ForceGarbageCollection) 145M->2M(486M) 29.464ms
[185.720s][info][gc] GC(72) Pause Full (JvmtiEnv ForceGarbageCollection) 145M->2M(486M) 32.009ms
[188.069s][info][gc] GC(73) Pause Full (JvmtiEnv ForceGarbageCollection) 145M->2M(486M) 30.507ms
[190.488s][info][gc] GC(74) Pause Full (JvmtiEnv ForceGarbageCollection) 145M->2M(486M) 31.011ms
[192.842s][info][gc] GC(75) Pause Full (JvmtiEnv ForceGarbageCollection) 145M->2M(486M) 27.641ms
