[0.004s][info][gc] Using Serial
[16.009s][info][gc] GC(0) Pause Full (JvmtiEnv ForceGarbageCollection) 166M->2M(486M) 32.517ms
[18.382s][info][gc] GC(1) Pause Full (JvmtiEnv ForceGarbageCollection) 155M->2M(486M) 31.825ms
[20.766s][info][gc] GC(2) Pause Full (JvmtiEnv ForceGarbageCollection) 151M->2M(486M) 29.439ms
[23.125s][info][gc] GC(3) Pause Full (JvmtiEnv ForceGarbageCollection) 147M->2M(486M) 33.241ms
[25.536s][info][gc] GC(4) Pause Full (JvmtiEnv ForceGarbageCollection) 145M->2M(486M) 34.725ms
[27.852s][info][gc] GC(5) Pause Full (JvmtiEnv ForceGarbageCollection) 147M->2M(486M) 30.301ms
[30.241s][info][gc] GC(6) Pause Full (JvmtiEnv ForceGarbageCollection) 145M->2M(486M) 37.308ms
[32.616s][info][gc] GC(7) Pause Full (JvmtiEnv ForceGarbageCollection) 144M->2M(486M) 30.199ms
[34.989s][info][gc] GC(8) Pause Full (JvmtiEnv ForceGarbageCollection) 144M->2M(486M) 31.117ms
[37.358s][info][gc] GC(9) Pause Full (JvmtiEnv ForceGarbageCollection) 145M->2M(486M) 29.137ms
[39.737s][info][gc] GC(10) Pause Full (JvmtiEnv ForceGarbageCollection) 146M->2M(486M) 30.030ms
[42.114s][info][gc] GC(11) Pause Full (JvmtiEnv ForceGarbageCollection) 146M->2M(486M) 30.354ms
[44.514s][info][gc] GC(12) Pause Full (JvmtiEnv ForceGarbageCollection) 144M->2M(486M) 30.079ms
[46.913s][info][gc] GC(13) Pause Full (JvmtiEnv ForceGarbageCollection) 144M->2M(486M) 30.964ms
[49.285s][info][gc] GC(14) Pause Full (JvmtiEnv ForceGarbageCollection) 145M->2M(486M) 30.457ms
[51.650s][info][gc] GC(15) Pause Full (JvmtiEnv ForceGarbageCollection) 147M->2M(486M) 30.948ms
[54.033s][info][gc] GC(16) Pause Full (JvmtiEnv ForceGarbageCollection) 146M->2M(486M) 31.384ms
[56.425s][info][gc] GC(17) Pause Full (JvmtiEnv ForceGarbageCollection) 144M->2M(486M) 31.845ms
[58.811s][info][gc] GC(18) Pause Full (JvmtiEnv ForceGarbageCollection) 144M->2M(486M) 30.863ms
[61.177s][info][gc] GC(19) Pause Full (JvmtiEnv ForceGarbageCollection) 145M->2M(486M) 33.495ms
[63.528s][info][gc] GC(20) Pause Full (JvmtiEnv ForceGarbageCollection) 146M->2M(486M) 30.377ms
[65.918s][info][gc] GC(21) Pause Full (JvmtiEnv ForceGarbageCollection) 145M->2M(486M) 27.447ms
[68.282s][info][gc] GC(22) Pause Full (JvmtiEnv ForceGarbageCollection) 145M->2M(486M) 31.574ms
[70.651s][info][gc] GC(23) Pause Full (JvmtiEnv ForceGarbageCollection) 144M->2M(486M) 30.955ms
[73.023s][info][gc] GC(24) Pause Full (JvmtiEnv ForceGarbageCollection) 143M->2M(486M) 33.259ms
[75.355s][info][gc] GC(25) Pause Full (JvmtiEnv ForceGarbageCollection) 146M->2M(486M) 30.479ms
[77.699s][info][gc] GC(26) Pause Full (JvmtiEnv ForceGarbageCollection) 146M->2M(486M) 30.173ms
[80.059s][info][gc] GC(27) Pause Full (JvmtiEnv ForceGarbageCollection) 145M->2M(486M) 28.783ms
[82.451s][info][gc] GC(28) Pause Full (JvmtiEnv ForceGarbageCollection) 145M->2M(486M) 29.624ms
[84.864s][info][gc] GC(29) Pause Full (JvmtiEnv ForceGarbageCollection) 145M->2M(486M) 29.140ms
[87.211s][info][gc] GC(30) Pause Full (JvmtiEnv ForceGarbageCollection) 145M->2M(486M) 27.060ms
[89.602s][info][gc] GC(31) Pause Full (JvmtiEnv ForceGarbageCollection) 145M->2M(486M) 31.453ms
[91.976s][info][gc] GC(32) Pause Full (JvmtiEnv ForceGarbageCollection) 145M->2M(486M) 28.846ms
[94.348s][info][gc] GC(33) Pause Full (JvmtiEnv ForceGarbageCollection) 145M->2M(486M) 40.029ms
[96.659s][info][gc] GC(34) Pause Full (JvmtiEnv ForceGarbageCollection) 145M->2M(486M) 29.133ms
[99.046s][info][gc] GC(35) Pause Full (JvmtiEnv ForceGarbageCollection) 145M->2M(486M) 29.560ms
[101.393s][info][gc] GC(36) Pause Full (JvmtiEnv ForceGarbageCollection) 145M->2M(486M) 30.676ms
[103.813s][info][gc] GC(37) Pause Full (JvmtiEnv ForceGarbageCollection) 145M->2M(486M) 29.522ms
[106.195s][info][gc] GC(38) Pause Full (JvmtiEnv ForceGarbageCollection) 145M->2M(486M) 32.183ms
[108.559s][info][gc] GC(39) Pause Full (JvmtiEnv ForceGarbageCollection) 145M->2M(486M) 28.426ms
[110.961s][info][gc] GC(40) Pause Full (JvmtiEnv ForceGarbageCollection) 145M->2M(486M) 30.645ms
[113.301s][info][gc] GC(41) Pause Full (JvmtiEnv ForceGarbageCollection) 145M->2M(486M) 31.245ms
[115.684s][info][gc] GC(42) Pause Full (JvmtiEnv ForceGarbageCollection) 145M->2M(486M) 28.330ms
[118.018s][info][gc] GC(43) Pause Full (JvmtiEnv ForceGarbageCollection) 145M->2M(486M) 30.394ms
[120.406s][info][gc] GC(44) Pause Full (JvmtiEnv ForceGarbageCollection) 145M->2M(486M) 30.212ms
[122.772s][info][gc] GC(45) Pause Full (JvmtiEnv ForceGarbageCollection) 145M->2M(486M) 32.874ms
[125.157s][info][gc] GC(46) Pause Full (JvmtiEnv ForceGarbageCollection) 145M->2M(486M) 31.775ms
[127.483s][info][gc] GC(47) Pause Full (JvmtiEnv ForceGarbageCollection) 145M->2M(486M) 31.061ms
[129.834s][info][gc] GC(48) Pause Full (JvmtiEnv ForceGarbageCollection) 145M->2M(486M) 30.677ms
[132.154s][info][gc] GC(49) Pause Full (JvmtiEnv ForceGarbageCollection) 145M->2M(486M) 29.903ms
[134.533s][info][gc] GC(50) Pause Full (JvmtiEnv ForceGarbageCollection) 145M->2M(486M) 30.392ms
[136.842s][info][gc] GC(51) Pause Full (JvmtiEnv ForceGarbageCollection) 145M->2M(486M) 28.054ms
[139.203s][info][gc] GC(52) Pause Full (JvmtiEnv ForceGarbageCollection) 145M->2M(486M) 30.522ms
[141.539s][info][gc] GC(53) Pause Full (JvmtiEnv ForceGarbageCollection) 145M->2M(486M) 31.884ms
[143.933s][info][gc] GC(54) Pause Full (JvmtiEnv ForceGarbageCollection) 145M->2M(486M) 32.110ms
[146.302s][info][gc] GC(55) Pause Full (JvmtiEnv ForceGarbageCollection) 145M->2M(486M) 32.327ms
[148.639s][info][gc] GC(56) Pause Full (JvmtiEnv ForceGarbageCollection) 145M->2M(486M) 32.161ms
[151.052s][info][gc] GC(57) Pause Full (JvmtiEnv ForceGarbageCollection) 145M->2M(486M) 27.856ms
[153.381s][info][gc] GC(58) Pause Full (JvmtiEnv ForceGarbageCollection) 145M->2M(486M) 28.660ms
[155.749s][info][gc] GC(59) Pause Full (JvmtiEnv ForceGarbageCollection) 145M->2M(486M) 28.349ms
[158.088s][info][gc] GC(60) Pause Full (JvmtiEnv ForceGarbageCollection) 145M->2M(486M) 30.223ms
[160.451s][info][gc] GC(61) Pause Full (JvmtiEnv ForceGarbageCollection) 145M->2M(486M) 31.898ms
[162.762s][info][gc] GC(62) Pause Full (JvmtiEnv ForceGarbageCollection) 145M->2M(486M) 27.972ms
[165.128s][info][gc] GC(63) Pause Full (JvmtiEnv ForceGarbageCollection) 145M->2M(486M) 32.507ms
[167.486s][info][gc] GC(64) Pause Full (JvmtiEnv ForceGarbageCollection) 145M->2M(486M) 29.279ms
[169.871s][info][gc] GC(65) Pause Full (JvmtiEnv ForceGarbageCollection) 145M->2M(486M) 29.394ms
[172.192s][info][gc] GC(66) Pause Full (JvmtiEnv ForceGarbageCollection) 145M->2M(486M) 31.505ms
[174.545s][info][gc] GC(67) Pause Full (JvmtiEnv ForceGarbageCollection) 145M->2M(486M) 28.760ms
[176.912s][info][gc] GC(68) Pause Full (JvmtiEnv ForceGarbageCollection) 145M->2M(486M) 30.553ms
[179.261s][info][gc] GC(69) Pause Full (JvmtiEnv ForceGarbageCollection) 145M->2M(486M) 30.891ms
[181.638s][info][gc] GC(70) Pause Full (JvmtiEnv ForceGarbageCollection) 145M->2M(486M) 31.352ms
[183.966s][info][gc] GC(71) Pause Full (JvmtiEnv ForceGarbageCollection) 145M->2M(486M) 32.359ms
[186.314s][info][gc] GC(72) Pause Full (JvmtiEnv ForceGarbageCollection) 145M->2M(486M) 30.554ms
[188.638s][info][gc] GC(73) Pause Full (JvmtiEnv ForceGarbageCollection) 145M->2M(486M) 32.487ms
[190.991s][info][gc] GC(74) Pause Full (JvmtiEnv ForceGarbageCollection) 145M->2M(486M) 29.721ms
[193.357s][info][gc] GC(75) Pause Full (JvmtiEnv ForceGarbageCollection) 145M->2M(486M) 32.856ms
