[0.004s][info][gc] Using Serial
[19.008s][info][gc] GC(0) Pause Young (Allocation Failure) 136M->2M(494M) 4.102ms
[21.252s][info][gc] GC(1) Pause Young (Allocation Failure) 138M->2M(494M) 3.329ms
[23.418s][info][gc] GC(2) Pause Young (Allocation Failure) 138M->1M(494M) 2.368ms
[25.579s][info][gc] GC(3) Pause Young (Allocation Failure) 138M->2M(494M) 3.017ms
[27.707s][info][gc] GC(4) Pause Young (Allocation Failure) 138M->2M(494M) 2.382ms
[29.976s][info][gc] GC(5) Pause Young (Allocation Failure) 138M->1M(494M) 2.131ms
[32.185s][info][gc] GC(6) Pause Young (Allocation Failure) 138M->2M(494M) 2.789ms
[34.299s][info][gc] GC(7) Pause Young (Allocation Failure) 138M->2M(494M) 2.964ms
[36.502s][info][gc] GC(8) Pause Young (Allocation Failure) 138M->1M(494M) 2.863ms
[38.687s][info][gc] GC(9) Pause Young (Allocation Failure) 138M->2M(494M) 2.625ms
[40.864s][info][gc] GC(10) Pause Young (Allocation Failure) 138M->2M(494M) 2.539ms
[43.042s][info][gc] GC(11) Pause Young (Allocation Failure) 138M->2M(494M) 2.908ms
[45.313s][info][gc] GC(12) Pause Young (Allocation Failure) 138M->2M(494M) 3.193ms
[47.649s][info][gc] GC(13) Pause Young (Allocation Failure) 138M->2M(494M) 2.900ms
[49.879s][info][gc] GC(14) Pause Young (Allocation Failure) 138M->2M(494M) 2.955ms
[52.046s][info][gc] GC(15) Pause Young (Allocation Failure) 138M->2M(494M) 3.444ms
[54.225s][info][gc] GC(16) Pause Young (Allocation Failure) 138M->2M(494M) 0.968ms
[56.381s][info][gc] GC(17) Pause Young (Allocation Failure) 138M->2M(494M) 1.109ms
[58.575s][info][gc] GC(18) Pause Young (Allocation Failure) 138M->1M(494M) 0.239ms
[60.765s][info][gc] GC(19) Pause Young (Allocation Failure) 138M->1M(494M) 0.243ms
[62.941s][info][gc] GC(20) Pause Young (Allocation Failure) 138M->2M(494M) 0.468ms
[65.399s][info][gc] GC(21) Pause Young (Allocation Failure) 138M->2M(494M) 0.496ms
[67.851s][info][gc] GC(22) Pause Young (Allocation Failure) 138M->2M(494M) 0.679ms
[70.164s][info][gc] GC(23) Pause Young (Allocation Failure) 138M->2M(494M) 0.757ms
[72.366s][info][gc] GC(24) Pause Young (Allocation Failure) 138M->2M(494M) 0.873ms
[74.610s][info][gc] GC(25) Pause Young (Allocation Failure) 138M->2M(494M) 0.889ms
[76.817s][info][gc] GC(26) Pause Young (Allocation Failure) 138M->1M(494M) 0.130ms
[78.995s][info][gc] GC(27) Pause Young (Allocation Failure) 138M->1M(494M) 0.303ms
[81.160s][info][gc] GC(28) Pause Young (Allocation Failure) 138M->2M(494M) 0.578ms
[83.356s][info][gc] GC(29) Pause Young (Allocation Failure) 138M->2M(494M) 0.656ms
[85.515s][info][gc] GC(30) Pause Young (Allocation Failure) 138M->2M(494M) 0.848ms
[87.740s][info][gc] GC(31) Pause Young (Allocation Failure) 138M->2M(494M) 0.973ms
[89.898s][info][gc] GC(32) Pause Young (Allocation Failure) 138M->2M(494M) 0.779ms
[92.085s][info][gc] GC(33) Pause Young (Allocation Failure) 138M->2M(494M) 0.867ms
[94.392s][info][gc] GC(34) Pause Young (Allocation Failure) 138M->2M(494M) 0.921ms
[96.579s][info][gc] GC(35) Pause Young (Allocation Failure) 138M->1M(494M) 0.167ms
[98.709s][info][gc] GC(36) Pause Young (Allocation Failure) 138M->1M(494M) 0.262ms
[100.878s][info][gc] GC(37) Pause Young (Allocation Failure) 138M->2M(494M) 0.591ms
[103.088s][info][gc] GC(38) Pause Young (Allocation Failure) 138M->2M(494M) 0.465ms
[105.236s][info][gc] GC(39) Pause Young (Allocation Failure) 138M->2M(494M) 0.462ms
[107.437s][info][gc] GC(40) Pause Young (Allocation Failure) 138M->2M(494M) 0.666ms
[109.627s][info][gc] GC(41) Pause Young (Allocation Failure) 138M->2M(494M) 0.753ms
[111.781s][info][gc] GC(42) Pause Young (Allocation Failure) 138M->2M(494M) 0.887ms
[113.972s][info][gc] GC(43) Pause Young (Allocation Failure) 138M->2M(494M) 0.748ms
[116.122s][info][gc] GC(44) Pause Young (Allocation Failure) 138M->2M(494M) 0.809ms
[118.304s][info][gc] GC(45) Pause Young (Allocation Failure) 138M->2M(494M) 1.062ms
[120.476s][info][gc] GC(46) Pause Young (Allocation Failure) 138M->2M(494M) 0.877ms
[122.655s][info][gc] GC(47) Pause Young (Allocation Failure) 138M->2M(494M) 0.964ms
[124.790s][info][gc] GC(48) Pause Young (Allocation Failure) 138M->2M(494M) 0.974ms
[126.951s][info][gc] GC(49) Pause Young (Allocation Failure) 138M->1M(494M) 0.205ms
[129.122s][info][gc] GC(50) Pause Young (Allocation Failure) 138M->1M(494M) 0.352ms
[131.257s][info][gc] GC(51) Pause Young (Allocation Failure) 138M->2M(494M) 0.456ms
[133.425s][info][gc] GC(52) Pause Young (Allocation Failure) 138M->2M(494M) 0.658ms
[135.611s][info][gc] GC(53) Pause Young (Allocation Failure) 138M->2M(494M) 0.820ms
[137.793s][info][gc] GC(54) Pause Young (Allocation Failure) 138M->2M(494M) 0.887ms
[139.926s][info][gc] GC(55) Pause Young (Allocation Failure) 138M->2M(494M) 1.100ms
[142.102s][info][gc] GC(56) Pause Young (Allocation Failure) 138M->2M(494M) 1.058ms
[144.333s][info][gc] GC(57) Pause Young (Allocation Failure) 138M->2M(494M) 1.015ms
[146.510s][info][gc] GC(58) Pause Young (Allocation Failure) 138M->1M(494M) 0.478ms
[148.687s][info][gc] GC(59) Pause Young (Allocation Failure) 138M->1M(494M) 0.435ms
[150.863s][info][gc] GC(60) Pause Young (Allocation Failure) 138M->2M(494M) 0.558ms
[153.053s][info][gc] GC(61) Pause Young (Allocation Failure) 138M->2M(494M) 0.658ms
[155.208s][info][gc] GC(62) Pause Young (Allocation Failure) 138M->2M(494M) 0.725ms
[157.383s][info][gc] GC(63) Pause Young (Allocation Failure) 138M->2M(494M) 0.790ms
[159.563s][info][gc] GC(64) Pause Young (Allocation Failure) 138M->2M(494M) 0.989ms
[161.736s][info][gc] GC(65) Pause Young (Allocation Failure) 138M->2M(494M) 1.110ms
[163.933s][info][gc] GC(66) Pause Young (Allocation Failure) 138M->2M(494M) 0.780ms
[166.103s][info][gc] GC(67) Pause Young (Allocation Failure) 138M->2M(494M) 1.261ms
[168.274s][info][gc] GC(68) Pause Young (Allocation Failure) 138M->2M(494M) 1.018ms
[170.459s][info][gc] GC(69) Pause Young (Allocation Failure) 138M->1M(494M) 0.198ms
[172.635s][info][gc] GC(70) Pause Young (Allocation Failure) 138M->1M(494M) 0.342ms
[174.796s][info][gc] GC(71) Pause Young (Allocation Failure) 138M->2M(494M) 0.563ms
[176.969s][info][gc] GC(72) Pause Young (Allocation Failure) 138M->2M(494M) 0.661ms
[179.130s][info][gc] GC(73) Pause Young (Allocation Failure) 138M->2M(494M) 0.806ms
[181.340s][info][gc] GC(74) Pause Young (Allocation Failure) 138M->2M(494M) 1.338ms
[183.532s][info][gc] GC(75) Pause Young (Allocation Failure) 138M->2M(494M) 0.887ms
[185.749s][info][gc] GC(76) Pause Young (Allocation Failure) 138M->1M(494M) 0.155ms
[188.132s][info][gc] GC(77) Pause Young (Allocation Failure) 138M->1M(494M) 0.274ms
[190.472s][info][gc] GC(78) Pause Young (Allocation Failure) 138M->2M(494M) 0.397ms
[192.674s][info][gc] GC(79) Pause Young (Allocation Failure) 138M->1M(494M) 0.443ms
