[0.003s][info][gc] Using Serial
[188.939s][info][gc] GC(0) Pause Young (Allocation Failure) 136M->2M(494M) 5.119ms
[191.180s][info][gc] GC(1) Pause Young (Allocation Failure) 138M->2M(494M) 3.134ms
[193.419s][info][gc] GC(2) Pause Young (Allocation Failure) 138M->2M(494M) 2.129ms
[195.620s][info][gc] GC(3) Pause Young (Allocation Failure) 138M->2M(494M) 2.649ms
[197.827s][info][gc] GC(4) Pause Young (Allocation Failure) 138M->1M(494M) 1.955ms
[200.012s][info][gc] GC(5) Pause Young (Allocation Failure) 138M->2M(494M) 2.559ms
[202.287s][info][gc] GC(6) Pause Young (Allocation Failure) 138M->1M(494M) 2.027ms
[204.481s][info][gc] GC(7) Pause Young (Allocation Failure) 138M->1M(494M) 2.592ms
[206.719s][info][gc] GC(8) Pause Young (Allocation Failure) 138M->1M(494M) 2.188ms
[208.973s][info][gc] GC(9) Pause Young (Allocation Failure) 138M->2M(494M) 2.939ms
[211.260s][info][gc] GC(10) Pause Young (Allocation Failure) 138M->2M(494M) 3.725ms
[213.486s][info][gc] GC(11) Pause Young (Allocation Failure) 138M->2M(494M) 3.030ms
[215.707s][info][gc] GC(12) Pause Young (Allocation Failure) 138M->2M(494M) 3.160ms
[217.952s][info][gc] GC(13) Pause Young (Allocation Failure) 138M->2M(494M) 2.694ms
[220.126s][info][gc] GC(14) Pause Young (Allocation Failure) 138M->1M(494M) 2.313ms
[222.389s][info][gc] GC(15) Pause Young (Allocation Failure) 138M->1M(494M) 2.600ms
[224.612s][info][gc] GC(16) Pause Young (Allocation Failure) 138M->2M(494M) 0.598ms
[226.838s][info][gc] GC(17) Pause Young (Allocation Failure) 138M->2M(494M) 0.620ms
[229.044s][info][gc] GC(18) Pause Young (Allocation Failure) 138M->2M(494M) 0.712ms
[231.220s][info][gc] GC(19) Pause Young (Allocation Failure) 138M->2M(494M) 0.881ms
[233.433s][info][gc] GC(20) Pause Young (Allocation Failure) 138M->2M(494M) 1.392ms
[235.626s][info][gc] GC(21) Pause Young (Allocation Failure) 138M->2M(494M) 0.967ms
[237.890s][info][gc] GC(22) Pause Young (Allocation Failure) 138M->1M(494M) 0.189ms
[240.105s][info][gc] GC(23) Pause Young (Allocation Failure) 138M->1M(494M) 0.363ms
[242.401s][info][gc] GC(24) Pause Young (Allocation Failure) 138M->2M(494M) 0.409ms
[244.596s][info][gc] GC(25) Pause Young (Allocation Failure) 138M->2M(494M) 0.558ms
[246.812s][info][gc] GC(26) Pause Young (Allocation Failure) 138M->2M(494M) 0.586ms
[249.058s][info][gc] GC(27) Pause Young (Allocation Failure) 138M->2M(494M) 0.604ms
[251.266s][info][gc] GC(28) Pause Young (Allocation Failure) 138M->2M(494M) 0.825ms
[253.523s][info][gc] GC(29) Pause Young (Allocation Failure) 138M->2M(494M) 1.002ms
[255.777s][info][gc] GC(30) Pause Young (Allocation Failure) 138M->2M(494M) 0.703ms
[258.046s][info][gc] GC(31) Pause Young (Allocation Failure) 138M->2M(494M) 1.001ms
[260.257s][info][gc] GC(32) Pause Young (Allocation Failure) 138M->2M(494M) 0.998ms
[262.508s][info][gc] GC(33) Pause Young (Allocation Failure) 138M->1M(494M) 0.152ms
[264.722s][info][gc] GC(34) Pause Young (Allocation Failure) 138M->1M(494M) 0.338ms
[266.930s][info][gc] GC(35) Pause Young (Allocation Failure) 138M->2M(494M) 0.504ms
[269.188s][info][gc] GC(36) Pause Young (Allocation Failure) 138M->2M(494M) 0.608ms
[271.444s][info][gc] GC(37) Pause Young (Allocation Failure) 138M->2M(494M) 0.702ms
[273.649s][info][gc] GC(38) Pause Young (Allocation Failure) 138M->2M(494M) 0.957ms
[275.931s][info][gc] GC(39) Pause Young (Allocation Failure) 138M->2M(494M) 0.964ms
[278.165s][info][gc] GC(40) Pause Young (Allocation Failure) 138M->1M(494M) 0.122ms
[280.380s][info][gc] GC(41) Pause Young (Allocation Failure) 138M->1M(494M) 0.218ms
[282.572s][info][gc] GC(42) Pause Young (Allocation Failure) 138M->1M(494M) 0.415ms
[284.831s][info][gc] GC(43) Pause Young (Allocation Failure) 138M->1M(494M) 0.419ms
[287.042s][info][gc] GC(44) Pause Young (Allocation Failure) 138M->2M(494M) 0.587ms
[289.278s][info][gc] GC(45) Pause Young (Allocation Failure) 138M->2M(494M) 0.826ms
[291.454s][info][gc] GC(46) Pause Young (Allocation Failure) 138M->2M(494M) 0.681ms
[293.679s][info][gc] GC(47) Pause Young (Allocation Failure) 138M->2M(494M) 0.864ms
[295.885s][info][gc] GC(48) Pause Young (Allocation Failure) 138M->2M(494M) 0.875ms
[298.105s][info][gc] GC(49) Pause Young (Allocation Failure) 138M->2M(494M) 0.689ms
[300.290s][info][gc] GC(50) Pause Young (Allocation Failure) 138M->2M(494M) 1.095ms
[302.510s][info][gc] GC(51) Pause Young (Allocation Failure) 138M->2M(494M) 1.235ms
[304.749s][info][gc] GC(52) Pause Young (Allocation Failure) 138M->1M(494M) 0.140ms
[306.989s][info][gc] GC(53) Pause Young (Allocation Failure) 138M->1M(494M) 0.376ms
[309.202s][info][gc] GC(54) Pause Young (Allocation Failure) 138M->2M(494M) 0.500ms
[311.421s][info][gc] GC(55) Pause Young (Allocation Failure) 138M->2M(494M) 0.646ms
[313.613s][info][gc] GC(56) Pause Young (Allocation Failure) 138M->2M(494M) 0.852ms
[315.829s][info][gc] GC(57) Pause Young (Allocation Failure) 138M->2M(494M) 0.892ms
[318.072s][info][gc] GC(58) Pause Young (Allocation Failure) 138M->2M(494M) 1.028ms
[320.224s][info][gc] GC(59) Pause Young (Allocation Failure) 138M->2M(494M) 1.418ms
[322.431s][info][gc] GC(60) Pause Young (Allocation Failure) 138M->2M(494M) 0.793ms
[324.648s][info][gc] GC(61) Pause Young (Allocation Failure) 138M->2M(494M) 0.947ms
[326.880s][info][gc] GC(62) Pause Young (Allocation Failure) 138M->2M(494M) 1.080ms
[329.149s][info][gc] GC(63) Pause Young (Allocation Failure) 138M->1M(494M) 0.208ms
[331.343s][info][gc] GC(64) Pause Young (Allocation Failure) 138M->1M(494M) 0.395ms
[333.588s][info][gc] GC(65) Pause Young (Allocation Failure) 138M->2M(494M) 0.569ms
[335.832s][info][gc] GC(66) Pause Young (Allocation Failure) 138M->1M(494M) 0.350ms
[338.061s][info][gc] GC(67) Pause Young (Allocation Failure) 138M->2M(494M) 0.528ms
[340.290s][info][gc] GC(68) Pause Young (Allocation Failure) 138M->1M(494M) 0.392ms
[342.545s][info][gc] GC(69) Pause Young (Allocation Failure) 138M->2M(494M) 0.624ms
[344.732s][info][gc] GC(70) Pause Young (Allocation Failure) 138M->2M(494M) 1.074ms
[346.942s][info][gc] GC(71) Pause Young (Allocation Failure) 138M->2M(494M) 0.913ms
[349.200s][info][gc] GC(72) Pause Young (Allocation Failure) 138M->1M(494M) 0.145ms
[351.423s][info][gc] GC(73) Pause Young (Allocation Failure) 138M->1M(494M) 0.391ms
[353.666s][info][gc] GC(74) Pause Young (Allocation Failure) 138M->1M(494M) 0.418ms
[355.876s][info][gc] GC(75) Pause Young (Allocation Failure) 138M->1M(494M) 0.371ms
[358.078s][info][gc] GC(76) Pause Young (Allocation Failure) 138M->2M(494M) 0.595ms
[360.318s][info][gc] GC(77) Pause Young (Allocation Failure) 138M->2M(494M) 0.577ms
[362.574s][info][gc] GC(78) Pause Young (Allocation Failure) 138M->2M(494M) 0.646ms
[364.790s][info][gc] GC(79) Pause Young (Allocation Failure) 138M->2M(494M) 0.476ms
