[0.224s][info][gc] Using Serial
[15.511s][info][gc] GC(0) Pause Young (Allocation Failure) 409M->2M(972M) 5.522ms
[16.203s][info][gc] GC(1) Pause Full (JvmtiEnv ForceGarbageCollection) 163M->2M(972M) 33.112ms
[18.190s][info][gc] GC(2) Pause Young (Allocation Failure) 412M->3M(972M) 1.915ms
[18.687s][info][gc] GC(3) Pause Full (JvmtiEnv ForceGarbageCollection) 114M->2M(972M) 27.743ms
[20.663s][info][gc] GC(4) Pause Young (Allocation Failure) 412M->3M(972M) 1.652ms
[21.117s][info][gc] GC(5) Pause Full (JvmtiEnv ForceGarbageCollection) 105M->2M(972M) 24.455ms
[23.135s][info][gc] GC(6) Pause Young (Allocation Failure) 412M->3M(972M) 1.024ms
[23.612s][info][gc] GC(7) Pause Full (JvmtiEnv ForceGarbageCollection) 105M->2M(972M) 26.818ms
[25.599s][info][gc] GC(8) Pause Young (Allocation Failure) 412M->4M(972M) 2.309ms
[26.040s][info][gc] GC(9) Pause Full (JvmtiEnv ForceGarbageCollection) 98M->2M(972M) 24.813ms
[28.032s][info][gc] GC(10) Pause Young (Allocation Failure) 412M->4M(972M) 2.951ms
[28.494s][info][gc] GC(11) Pause Full (JvmtiEnv ForceGarbageCollection) 98M->2M(972M) 24.483ms
[30.494s][info][gc] GC(12) Pause Young (Allocation Failure) 412M->4M(972M) 2.853ms
[30.948s][info][gc] GC(13) Pause Full (JvmtiEnv ForceGarbageCollection) 96M->2M(972M) 26.376ms
[32.940s][info][gc] GC(14) Pause Young (Allocation Failure) 412M->3M(972M) 2.246ms
[33.394s][info][gc] GC(15) Pause Full (JvmtiEnv ForceGarbageCollection) 96M->2M(972M) 24.746ms
[35.411s][info][gc] GC(16) Pause Young (Allocation Failure) 412M->3M(972M) 0.877ms
[35.839s][info][gc] GC(17) Pause Full (JvmtiEnv ForceGarbageCollection) 96M->2M(972M) 25.575ms
[37.845s][info][gc] GC(18) Pause Young (Allocation Failure) 412M->3M(972M) 0.712ms
[38.286s][info][gc] GC(19) Pause Full (JvmtiEnv ForceGarbageCollection) 96M->2M(972M) 22.659ms
[40.324s][info][gc] GC(20) Pause Young (Allocation Failure) 412M->2M(972M) 0.621ms
[40.755s][info][gc] GC(21) Pause Full (JvmtiEnv ForceGarbageCollection) 96M->2M(972M) 23.575ms
[42.788s][info][gc] GC(22) Pause Young (Allocation Failure) 412M->4M(972M) 2.854ms
[43.255s][info][gc] GC(23) Pause Full (JvmtiEnv ForceGarbageCollection) 96M->2M(972M) 26.904ms
[45.352s][info][gc] GC(24) Pause Young (Allocation Failure) 412M->4M(972M) 2.577ms
[45.774s][info][gc] GC(25) Pause Full (JvmtiEnv ForceGarbageCollection) 97M->2M(972M) 22.295ms
[47.865s][info][gc] GC(26) Pause Young (Allocation Failure) 412M->3M(972M) 0.787ms
[48.305s][info][gc] GC(27) Pause Full (JvmtiEnv ForceGarbageCollection) 94M->2M(972M) 22.982ms
[50.309s][info][gc] GC(28) Pause Young (Allocation Failure) 412M->3M(972M) 0.714ms
[50.754s][info][gc] GC(29) Pause Full (JvmtiEnv ForceGarbageCollection) 95M->2M(972M) 23.921ms
[52.717s][info][gc] GC(30) Pause Young (Allocation Failure) 411M->4M(972M) 2.750ms
[53.149s][info][gc] GC(31) Pause Full (JvmtiEnv ForceGarbageCollection) 96M->2M(972M) 23.968ms
[55.161s][info][gc] GC(32) Pause Young (Allocation Failure) 412M->2M(972M) 0.217ms
[55.598s][info][gc] GC(33) Pause Full (JvmtiEnv ForceGarbageCollection) 94M->2M(972M) 23.193ms
[57.645s][info][gc] GC(34) Pause Young (Allocation Failure) 412M->3M(972M) 1.015ms
[58.110s][info][gc] GC(35) Pause Full (JvmtiEnv ForceGarbageCollection) 96M->2M(972M) 23.182ms
[60.143s][info][gc] GC(36) Pause Young (Allocation Failure) 412M->3M(972M) 1.060ms
[60.589s][info][gc] GC(37) Pause Full (JvmtiEnv ForceGarbageCollection) 95M->2M(972M) 22.229ms
[62.592s][info][gc] GC(38) Pause Young (Allocation Failure) 412M->2M(972M) 0.180ms
[63.064s][info][gc] GC(39) Pause Full (JvmtiEnv ForceGarbageCollection) 103M->2M(972M) 21.917ms
[65.074s][info][gc] GC(40) Pause Young (Allocation Failure) 412M->3M(972M) 0.903ms
[65.498s][info][gc] GC(41) Pause Full (JvmtiEnv ForceGarbageCollection) 95M->2M(972M) 22.447ms
[67.520s][info][gc] GC(42) Pause Young (Allocation Failure) 412M->3M(972M) 0.757ms
[67.950s][info][gc] GC(43) Pause Full (JvmtiEnv ForceGarbageCollection) 95M->2M(972M) 24.487ms
[69.958s][info][gc] GC(44) Pause Young (Allocation Failure) 412M->3M(972M) 0.779ms
[70.365s][info][gc] GC(45) Pause Full (JvmtiEnv ForceGarbageCollection) 96M->2M(972M) 21.057ms
[72.425s][info][gc] GC(46) Pause Young (Allocation Failure) 412M->3M(972M) 1.135ms
[72.878s][info][gc] GC(47) Pause Full (JvmtiEnv ForceGarbageCollection) 96M->2M(972M) 23.727ms
[74.850s][info][gc] GC(48) Pause Young (Allocation Failure) 412M->3M(972M) 0.832ms
[75.287s][info][gc] GC(49) Pause Full (JvmtiEnv ForceGarbageCollection) 94M->2M(972M) 22.695ms
[77.322s][info][gc] GC(50) Pause Young (Allocation Failure) 412M->3M(972M) 0.843ms
[77.786s][info][gc] GC(51) Pause Full (JvmtiEnv ForceGarbageCollection) 96M->2M(972M) 23.346ms
[79.801s][info][gc] GC(52) Pause Young (Allocation Failure) 412M->3M(972M) 0.726ms
[80.247s][info][gc] GC(53) Pause Full (JvmtiEnv ForceGarbageCollection) 95M->2M(972M) 27.113ms
[82.225s][info][gc] GC(54) Pause Young (Allocation Failure) 412M->3M(972M) 0.725ms
[82.675s][info][gc] GC(55) Pause Full (JvmtiEnv ForceGarbageCollection) 96M->2M(972M) 24.216ms
[84.683s][info][gc] GC(56) Pause Young (Allocation Failure) 412M->3M(972M) 0.707ms
[85.143s][info][gc] GC(57) Pause Full (JvmtiEnv ForceGarbageCollection) 96M->2M(972M) 27.870ms
[87.123s][info][gc] GC(58) Pause Young (Allocation Failure) 412M->2M(972M) 0.270ms
[87.558s][info][gc] GC(59) Pause Full (JvmtiEnv ForceGarbageCollection) 95M->2M(972M) 22.472ms
[89.584s][info][gc] GC(60) Pause Young (Allocation Failure) 412M->2M(972M) 0.258ms
[90.050s][info][gc] GC(61) Pause Full (JvmtiEnv ForceGarbageCollection) 95M->2M(972M) 31.355ms
[92.103s][info][gc] GC(62) Pause Young (Allocation Failure) 412M->2M(972M) 0.320ms
[92.533s][info][gc] GC(63) Pause Full (JvmtiEnv ForceGarbageCollection) 95M->2M(972M) 22.345ms
[94.544s][info][gc] GC(64) Pause Young (Allocation Failure) 412M->4M(972M) 2.728ms
[95.000s][info][gc] GC(65) Pause Full (JvmtiEnv ForceGarbageCollection) 97M->2M(972M) 30.287ms
[97.022s][info][gc] GC(66) Pause Young (Allocation Failure) 412M->3M(972M) 0.822ms
[97.452s][info][gc] GC(67) Pause Full (JvmtiEnv ForceGarbageCollection) 95M->2M(972M) 23.180ms
[99.509s][info][gc] GC(68) Pause Young (Allocation Failure) 412M->3M(972M) 0.964ms
[99.925s][info][gc] GC(69) Pause Full (JvmtiEnv ForceGarbageCollection) 95M->2M(972M) 25.588ms
[101.940s][info][gc] GC(70) Pause Young (Allocation Failure) 412M->3M(972M) 0.822ms
[102.384s][info][gc] GC(71) Pause Full (JvmtiEnv ForceGarbageCollection) 94M->2M(972M) 37.129ms
[104.406s][info][gc] GC(72) Pause Young (Allocation Failure) 412M->2M(972M) 0.375ms
[104.886s][info][gc] GC(73) Pause Full (JvmtiEnv ForceGarbageCollection) 95M->2M(972M) 24.008ms
[106.904s][info][gc] GC(74) Pause Young (Allocation Failure) 412M->3M(972M) 0.708ms
[107.354s][info][gc] GC(75) Pause Full (JvmtiEnv ForceGarbageCollection) 95M->2M(972M) 22.844ms
[109.418s][info][gc] GC(76) Pause Young (Allocation Failure) 412M->3M(972M) 0.692ms
[109.863s][info][gc] GC(77) Pause Full (JvmtiEnv ForceGarbageCollection) 96M->2M(972M) 28.270ms
[112.002s][info][gc] GC(78) Pause Young (Allocation Failure) 412M->3M(972M) 0.697ms
[112.434s][info][gc] GC(79) Pause Full (JvmtiEnv ForceGarbageCollection) 96M->2M(972M) 23.823ms
[114.504s][info][gc] GC(80) Pause Young (Allocation Failure) 412M->5M(972M) 3.249ms
[114.964s][info][gc] GC(81) Pause Full (JvmtiEnv ForceGarbageCollection) 97M->2M(972M) 25.879ms
[117.034s][info][gc] GC(82) Pause Young (Allocation Failure) 412M->2M(972M) 0.279ms
[117.488s][info][gc] GC(83) Pause Full (JvmtiEnv ForceGarbageCollection) 95M->2M(972M) 25.276ms
[119.588s][info][gc] GC(84) Pause Young (Allocation Failure) 412M->2M(972M) 0.294ms
[120.023s][info][gc] GC(85) Pause Full (JvmtiEnv ForceGarbageCollection) 95M->2M(972M) 22.163ms
[121.983s][info][gc] GC(86) Pause Young (Allocation Failure) 412M->4M(972M) 2.772ms
[122.434s][info][gc] GC(87) Pause Full (JvmtiEnv ForceGarbageCollection) 97M->2M(972M) 25.017ms
[124.421s][info][gc] GC(88) Pause Young (Allocation Failure) 412M->2M(972M) 0.549ms
[124.853s][info][gc] GC(89) Pause Full (JvmtiEnv ForceGarbageCollection) 96M->2M(972M) 24.190ms
[126.847s][info][gc] GC(90) Pause Young (Allocation Failure) 412M->3M(972M) 0.981ms
[127.259s][info][gc] GC(91) Pause Full (JvmtiEnv ForceGarbageCollection) 95M->2M(972M) 23.467ms
[129.286s][info][gc] GC(92) Pause Young (Allocation Failure) 412M->3M(972M) 0.795ms
[129.708s][info][gc] GC(93) Pause Full (JvmtiEnv ForceGarbageCollection) 94M->2M(972M) 24.836ms
[131.695s][info][gc] GC(94) Pause Young (Allocation Failure) 412M->3M(972M) 0.793ms
[132.107s][info][gc] GC(95) Pause Full (JvmtiEnv ForceGarbageCollection) 95M->2M(972M) 25.178ms
[134.146s][info][gc] GC(96) Pause Young (Allocation Failure) 412M->2M(972M) 0.670ms
[134.560s][info][gc] GC(97) Pause Full (JvmtiEnv ForceGarbageCollection) 96M->2M(972M) 23.462ms
[136.559s][info][gc] GC(98) Pause Young (Allocation Failure) 412M->3M(972M) 0.720ms
[136.993s][info][gc] GC(99) Pause Full (JvmtiEnv ForceGarbageCollection) 96M->2M(972M) 23.078ms
[138.946s][info][gc] GC(100) Pause Young (Allocation Failure) 412M->2M(972M) 0.298ms
[139.424s][info][gc] GC(101) Pause Full (JvmtiEnv ForceGarbageCollection) 95M->2M(972M) 25.484ms
[141.418s][info][gc] GC(102) Pause Young (Allocation Failure) 412M->2M(972M) 0.358ms
[141.865s][info][gc] GC(103) Pause Full (JvmtiEnv ForceGarbageCollection) 95M->2M(972M) 28.247ms
[143.787s][info][gc] GC(104) Pause Young (Allocation Failure) 412M->4M(972M) 2.901ms
[144.271s][info][gc] GC(105) Pause Full (JvmtiEnv ForceGarbageCollection) 97M->2M(972M) 27.302ms
[146.287s][info][gc] GC(106) Pause Young (Allocation Failure) 412M->3M(972M) 0.728ms
[146.791s][info][gc] GC(107) Pause Full (JvmtiEnv ForceGarbageCollection) 95M->2M(972M) 27.836ms
[148.797s][info][gc] GC(108) Pause Young (Allocation Failure) 412M->3M(972M) 1.048ms
[149.294s][info][gc] GC(109) Pause Full (JvmtiEnv ForceGarbageCollection) 95M->2M(972M) 26.945ms
[151.359s][info][gc] GC(110) Pause Young (Allocation Failure) 412M->3M(972M) 0.847ms
[151.859s][info][gc] GC(111) Pause Full (JvmtiEnv ForceGarbageCollection) 94M->2M(972M) 23.010ms
[153.889s][info][gc] GC(112) Pause Young (Allocation Failure) 412M->2M(972M) 0.814ms
[154.382s][info][gc] GC(113) Pause Full (JvmtiEnv ForceGarbageCollection) 95M->2M(972M) 23.252ms
[156.415s][info][gc] GC(114) Pause Young (Allocation Failure) 412M->3M(972M) 0.733ms
[156.900s][info][gc] GC(115) Pause Full (JvmtiEnv ForceGarbageCollection) 95M->2M(972M) 24.670ms
[158.959s][info][gc] GC(116) Pause Young (Allocation Failure) 412M->3M(972M) 0.747ms
[159.427s][info][gc] GC(117) Pause Full (JvmtiEnv ForceGarbageCollection) 96M->2M(972M) 22.788ms
[161.513s][info][gc] GC(118) Pause Young (Allocation Failure) 412M->3M(972M) 0.791ms
[161.941s][info][gc] GC(119) Pause Full (JvmtiEnv ForceGarbageCollection) 96M->2M(972M) 24.091ms
[164.028s][info][gc] GC(120) Pause Young (Allocation Failure) 412M->2M(972M) 0.298ms
[164.449s][info][gc] GC(121) Pause Full (JvmtiEnv ForceGarbageCollection) 95M->2M(972M) 25.698ms
[166.525s][info][gc] GC(122) Pause Young (Allocation Failure) 412M->2M(972M) 0.298ms
[166.964s][info][gc] GC(123) Pause Full (JvmtiEnv ForceGarbageCollection) 95M->2M(972M) 26.730ms
[169.011s][info][gc] GC(124) Pause Young (Allocation Failure) 412M->2M(972M) 0.292ms
[169.458s][info][gc] GC(125) Pause Full (JvmtiEnv ForceGarbageCollection) 95M->2M(972M) 26.718ms
[171.518s][info][gc] GC(126) Pause Young (Allocation Failure) 412M->2M(972M) 0.274ms
[171.961s][info][gc] GC(127) Pause Full (JvmtiEnv ForceGarbageCollection) 95M->2M(972M) 25.749ms
[174.029s][info][gc] GC(128) Pause Young (Allocation Failure) 412M->2M(972M) 0.263ms
[174.495s][info][gc] GC(129) Pause Full (JvmtiEnv ForceGarbageCollection) 95M->2M(972M) 24.889ms
[176.571s][info][gc] GC(130) Pause Young (Allocation Failure) 412M->2M(972M) 0.281ms
[177.013s][info][gc] GC(131) Pause Full (JvmtiEnv ForceGarbageCollection) 95M->2M(972M) 22.069ms
[179.099s][info][gc] GC(132) Pause Young (Allocation Failure) 412M->2M(972M) 0.288ms
[179.565s][info][gc] GC(133) Pause Full (JvmtiEnv ForceGarbageCollection) 95M->2M(972M) 23.783ms
[181.633s][info][gc] GC(134) Pause Young (Allocation Failure) 412M->2M(972M) 0.341ms
[182.081s][info][gc] GC(135) Pause Full (JvmtiEnv ForceGarbageCollection) 95M->2M(972M) 25.456ms
[184.122s][info][gc] GC(136) Pause Young (Allocation Failure) 412M->2M(972M) 0.254ms
[184.579s][info][gc] GC(137) Pause Full (JvmtiEnv ForceGarbageCollection) 95M->2M(972M) 24.701ms
[186.613s][info][gc] GC(138) Pause Young (Allocation Failure) 412M->2M(972M) 0.274ms
[187.055s][info][gc] GC(139) Pause Full (JvmtiEnv ForceGarbageCollection) 95M->2M(972M) 23.435ms
[189.121s][info][gc] GC(140) Pause Young (Allocation Failure) 412M->2M(972M) 0.315ms
[189.580s][info][gc] GC(141) Pause Full (JvmtiEnv ForceGarbageCollection) 95M->2M(972M) 24.364ms
[191.668s][info][gc] GC(142) Pause Young (Allocation Failure) 412M->2M(972M) 0.276ms
[192.121s][info][gc] GC(143) Pause Full (JvmtiEnv ForceGarbageCollection) 95M->2M(972M) 24.288ms
[194.198s][info][gc] GC(144) Pause Young (Allocation Failure) 412M->2M(972M) 0.275ms
[194.657s][info][gc] GC(145) Pause Full (JvmtiEnv ForceGarbageCollection) 95M->2M(972M) 22.446ms
[196.697s][info][gc] GC(146) Pause Young (Allocation Failure) 412M->2M(972M) 0.292ms
[197.145s][info][gc] GC(147) Pause Full (JvmtiEnv ForceGarbageCollection) 95M->2M(972M) 25.372ms
[199.158s][info][gc] GC(148) Pause Young (Allocation Failure) 412M->2M(972M) 0.308ms
[199.620s][info][gc] GC(149) Pause Full (JvmtiEnv ForceGarbageCollection) 95M->2M(972M) 25.847ms
[201.700s][info][gc] GC(150) Pause Young (Allocation Failure) 412M->2M(972M) 0.275ms
[202.141s][info][gc] GC(151) Pause Full (JvmtiEnv ForceGarbageCollection) 95M->2M(972M) 21.186ms
