[0.006s][info][gc] Using Serial
[20.325s][info][gc] GC(0) Pause Full (JvmtiEnv ForceGarbageCollection) 166M->2M(486M) 34.945ms
[22.709s][info][gc] GC(1) Pause Full (JvmtiEnv ForceGarbageCollection) 155M->2M(486M) 30.316ms
[25.132s][info][gc] GC(2) Pause Full (JvmtiEnv ForceGarbageCollection) 149M->2M(486M) 31.089ms
[27.469s][info][gc] GC(3) Pause Full (JvmtiEnv ForceGarbageCollection) 149M->2M(486M) 29.714ms
[29.833s][info][gc] GC(4) Pause Full (JvmtiEnv ForceGarbageCollection) 147M->2M(486M) 31.248ms
[32.135s][info][gc] GC(5) Pause Full (JvmtiEnv ForceGarbageCollection) 146M->2M(486M) 32.631ms
[34.515s][info][gc] GC(6) Pause Full (JvmtiEnv ForceGarbageCollection) 147M->2M(486M) 28.932ms
[36.815s][info][gc] GC(7) Pause Full (JvmtiEnv ForceGarbageCollection) 144M->2M(486M) 28.666ms
[39.115s][info][gc] GC(8) Pause Full (JvmtiEnv ForceGarbageCollection) 144M->2M(486M) 28.241ms
[41.488s][info][gc] GC(9) Pause Full (JvmtiEnv ForceGarbageCollection) 145M->2M(486M) 28.712ms
[43.813s][info][gc] GC(10) Pause Full (JvmtiEnv ForceGarbageCollection) 145M->2M(486M) 31.725ms
[46.134s][info][gc] GC(11) Pause Full (JvmtiEnv ForceGarbageCollection) 145M->2M(486M) 30.001ms
[48.438s][info][gc] GC(12) Pause Full (JvmtiEnv ForceGarbageCollection) 145M->2M(486M) 31.200ms
[50.754s][info][gc] GC(13) Pause Full (JvmtiEnv ForceGarbageCollection) 145M->2M(486M) 35.657ms
[53.073s][info][gc] GC(14) Pause Full (JvmtiEnv ForceGarbageCollection) 145M->2M(486M) 34.184ms
[55.403s][info][gc] GC(15) Pause Full (JvmtiEnv ForceGarbageCollection) 145M->2M(486M) 29.824ms
[57.765s][info][gc] GC(16) Pause Full (JvmtiEnv ForceGarbageCollection) 145M->2M(486M) 30.091ms
[60.110s][info][gc] GC(17) Pause Full (JvmtiEnv ForceGarbageCollection) 145M->2M(486M) 30.222ms
[62.379s][info][gc] GC(18) Pause Full (JvmtiEnv ForceGarbageCollection) 146M->2M(486M) 30.596ms
[64.725s][info][gc] GC(19) Pause Full (JvmtiEnv ForceGarbageCollection) 145M->2M(486M) 27.185ms
[67.032s][info][gc] GC(20) Pause Full (JvmtiEnv ForceGarbageCollection) 145M->2M(486M) 30.948ms
[69.403s][info][gc] GC(21) Pause Full (JvmtiEnv ForceGarbageCollection) 145M->2M(486M) 30.288ms
[71.710s][info][gc] GC(22) Pause Full (JvmtiEnv ForceGarbageCollection) 146M->2M(486M) 29.623ms
[74.034s][info][gc] GC(23) Pause Full (JvmtiEnv ForceGarbageCollection) 145M->2M(486M) 29.993ms
[76.311s][info][gc] GC(24) Pause Full (JvmtiEnv ForceGarbageCollection) 145M->2M(486M) 29.472ms
[78.728s][info][gc] GC(25) Pause Full (JvmtiEnv ForceGarbageCollection) 145M->2M(486M) 32.096ms
[81.034s][info][gc] GC(26) Pause Full (JvmtiEnv ForceGarbageCollection) 145M->2M(486M) 28.946ms
[83.391s][info][gc] GC(27) Pause Full (JvmtiEnv ForceGarbageCollection) 145M->2M(486M) 30.863ms
[85.773s][info][gc] GC(28) Pause Full (JvmtiEnv ForceGarbageCollection) 145M->2M(486M) 30.131ms
[88.068s][info][gc] GC(29) Pause Full (JvmtiEnv ForceGarbageCollection) 145M->2M(486M) 28.866ms
[90.357s][info][gc] GC(30) Pause Full (JvmtiEnv ForceGarbageCollection) 145M->2M(486M) 32.819ms
[92.673s][info][gc] GC(31) Pause Full (JvmtiEnv ForceGarbageCollection) 145M->2M(486M) 29.194ms
[94.987s][info][gc] GC(32) Pause Full (JvmtiEnv ForceGarbageCollection) 145M->2M(486M) 31.592ms
[97.297s][info][gc] GC(33) Pause Full (JvmtiEnv ForceGarbageCollection) 145M->2M(486M) 29.608ms
[99.605s][info][gc] GC(34) Pause Full (JvmtiEnv ForceGarbageCollection) 145M->2M(486M) 28.331ms
[101.984s][info][gc] GC(35) Pause Full (JvmtiEnv ForceGarbageCollection) 145M->2M(486M) 29.999ms
[104.325s][info][gc] GC(36) Pause Full (JvmtiEnv ForceGarbageCollection) 145M->2M(486M) 30.488ms
[106.611s][info][gc] GC(37) Pause Full (JvmtiEnv ForceGarbageCollection) 145M->2M(486M) 29.814ms
[108.932s][info][gc] GC(38) Pause Full (JvmtiEnv ForceGarbageCollection) 145M->2M(486M) 29.585ms
[111.260s][info][gc] GC(39) Pause Full (JvmtiEnv ForceGarbageCollection) 145M->2M(486M) 28.673ms
[113.578s][info][gc] GC(40) Pause Full (JvmtiEnv ForceGarbageCollection) 145M->2M(486M) 31.299ms
[115.872s][info][gc] GC(41) Pause Full (JvmtiEnv ForceGarbageCollection) 145M->2M(486M) 32.452ms
[118.142s][info][gc] GC(42) Pause Full (JvmtiEnv ForceGarbageCollection) 145M->2M(486M) 30.690ms
[120.450s][info][gc] GC(43) Pause Full (JvmtiEnv ForceGarbageCollection) 145M->2M(486M) 31.277ms
[122.768s][info][gc] GC(44) Pause Full (JvmtiEnv ForceGarbageCollection) 145M->2M(486M) 31.293ms
[125.057s][info][gc] GC(45) Pause Full (JvmtiEnv ForceGarbageCollection) 145M->2M(486M) 29.180ms
[127.366s][info][gc] GC(46) Pause Full (JvmtiEnv ForceGarbageCollection) 145M->2M(486M) 29.210ms
[129.626s][info][gc] GC(47) Pause Full (JvmtiEnv ForceGarbageCollection) 145M->2M(486M) 30.907ms
[131.890s][info][gc] GC(48) Pause Full (JvmtiEnv ForceGarbageCollection) 145M->2M(486M) 30.444ms
[134.213s][info][gc] GC(49) Pause Full (JvmtiEnv ForceGarbageCollection) 145M->2M(486M) 32.079ms
[136.483s][info][gc] GC(50) Pause Full (JvmtiEnv ForceGarbageCollection) 145M->2M(486M) 29.230ms
[138.790s][info][gc] GC(51) Pause Full (JvmtiEnv ForceGarbageCollection) 145M->2M(486M) 30.013ms
[141.081s][info][gc] GC(52) Pause Full (JvmtiEnv ForceGarbageCollection) 145M->2M(486M) 31.022ms
[143.403s][info][gc] GC(53) Pause Full (JvmtiEnv ForceGarbageCollection) 145M->2M(486M) 31.228ms
[145.720s][info][gc] GC(54) Pause Full (JvmtiEnv ForceGarbageCollection) 145M->2M(486M) 30.602ms
[147.968s][info][gc] GC(55) Pause Full (JvmtiEnv ForceGarbageCollection) 145M->2M(486M) 30.623ms
[150.323s][info][gc] GC(56) Pause Full (JvmtiEnv ForceGarbageCollection) 145M->2M(486M) 30.630ms
[152.625s][info][gc] GC(57) Pause Full (JvmtiEnv ForceGarbageCollection) 145M->2M(486M) 28.827ms
[154.967s][info][gc] GC(58) Pause Full (JvmtiEnv ForceGarbageCollection) 145M->2M(486M) 28.893ms
[157.248s][info][gc] GC(59) Pause Full (JvmtiEnv ForceGarbageCollection) 145M->2M(486M) 28.380ms
[159.591s][info][gc] GC(60) Pause Full (JvmtiEnv ForceGarbageCollection) 145M->2M(486M) 30.808ms
[161.879s][info][gc] GC(61) Pause Full (JvmtiEnv ForceGarbageCollection) 145M->2M(486M) 33.020ms
[164.204s][info][gc] GC(62) Pause Full (JvmtiEnv ForceGarbageCollection) 145M->2M(486M) 31.259ms
[166.580s][info][gc] GC(63) Pause Full (JvmtiEnv ForceGarbageCollection) 145M->2M(486M) 30.552ms
[168.919s][info][gc] GC(64) Pause Full (JvmtiEnv ForceGarbageCollection) 145M->2M(486M) 30.442ms
[171.221s][info][gc] GC(65) Pause Full (JvmtiEnv ForceGarbageCollection) 145M->2M(486M) 30.320ms
[173.510s][info][gc] GC(66) Pause Full (JvmtiEnv ForceGarbageCollection) 145M->2M(486M) 29.924ms
[175.842s][info][gc] GC(67) Pause Full (JvmtiEnv ForceGarbageCollection) 145M->2M(486M) 31.667ms
[178.174s][info][gc] GC(68) Pause Full (JvmtiEnv ForceGarbageCollection) 145M->2M(486M) 29.661ms
[180.468s][info][gc] GC(69) Pause Full (JvmtiEnv ForceGarbageCollection) 145M->2M(486M) 28.972ms
[182.735s][info][gc] GC(70) Pause Full (JvmtiEnv ForceGarbageCollection) 145M->2M(486M) 39.954ms
[185.103s][info][gc] GC(71) Pause Full (JvmtiEnv ForceGarbageCollection) 145M->2M(486M) 29.793ms
[187.443s][info][gc] GC(72) Pause Full (JvmtiEnv ForceGarbageCollection) 145M->2M(486M) 29.873ms
[189.787s][info][gc] GC(73) Pause Full (JvmtiEnv ForceGarbageCollection) 145M->2M(486M) 39.776ms
[192.106s][info][gc] GC(74) Pause Full (JvmtiEnv ForceGarbageCollection) 145M->2M(486M) 33.302ms
[194.422s][info][gc] GC(75) Pause Full (JvmtiEnv ForceGarbageCollection) 145M->2M(486M) 31.249ms
