[0.002s][info][gc] Using Serial
[190.207s][info][gc] GC(0) Pause Young (Allocation Failure) 136M->2M(494M) 3.568ms
[192.475s][info][gc] GC(1) Pause Young (Allocation Failure) 138M->2M(494M) 2.976ms
[194.738s][info][gc] GC(2) Pause Young (Allocation Failure) 138M->2M(494M) 2.874ms
[196.958s][info][gc] GC(3) Pause Young (Allocation Failure) 138M->2M(494M) 3.071ms
[199.131s][info][gc] GC(4) Pause Young (Allocation Failure) 138M->1M(494M) 2.486ms
[201.339s][info][gc] GC(5) Pause Young (Allocation Failure) 138M->2M(494M) 2.587ms
[203.602s][info][gc] GC(6) Pause Young (Allocation Failure) 138M->2M(494M) 2.613ms
[205.883s][info][gc] GC(7) Pause Young (Allocation Failure) 138M->2M(494M) 2.668ms
[208.147s][info][gc] GC(8) Pause Young (Allocation Failure) 138M->2M(494M) 2.384ms
[210.307s][info][gc] GC(9) Pause Young (Allocation Failure) 138M->2M(494M) 2.826ms
[212.566s][info][gc] GC(10) Pause Young (Allocation Failure) 138M->2M(494M) 3.302ms
[214.769s][info][gc] GC(11) Pause Young (Allocation Failure) 138M->2M(494M) 2.908ms
[216.970s][info][gc] GC(12) Pause Young (Allocation Failure) 138M->2M(494M) 2.810ms
[219.191s][info][gc] GC(13) Pause Young (Allocation Failure) 138M->2M(494M) 2.674ms
[221.410s][info][gc] GC(14) Pause Young (Allocation Failure) 138M->2M(494M) 3.490ms
[223.661s][info][gc] GC(15) Pause Young (Allocation Failure) 138M->2M(494M) 3.301ms
[225.913s][info][gc] GC(16) Pause Young (Allocation Failure) 138M->1M(494M) 0.225ms
[228.085s][info][gc] GC(17) Pause Young (Allocation Failure) 138M->1M(494M) 0.460ms
[230.324s][info][gc] GC(18) Pause Young (Allocation Failure) 138M->2M(494M) 0.743ms
[232.571s][info][gc] GC(19) Pause Young (Allocation Failure) 138M->1M(494M) 0.298ms
[234.792s][info][gc] GC(20) Pause Young (Allocation Failure) 138M->2M(494M) 0.678ms
[237.041s][info][gc] GC(21) Pause Young (Allocation Failure) 138M->2M(494M) 0.718ms
[239.255s][info][gc] GC(22) Pause Young (Allocation Failure) 138M->2M(494M) 0.724ms
[241.458s][info][gc] GC(23) Pause Young (Allocation Failure) 138M->2M(494M) 1.091ms
[243.664s][info][gc] GC(24) Pause Young (Allocation Failure) 138M->2M(494M) 0.900ms
[245.853s][info][gc] GC(25) Pause Young (Allocation Failure) 138M->1M(494M) 0.199ms
[248.082s][info][gc] GC(26) Pause Young (Allocation Failure) 138M->1M(494M) 0.233ms
[250.285s][info][gc] GC(27) Pause Young (Allocation Failure) 138M->2M(494M) 0.402ms
[252.449s][info][gc] GC(28) Pause Young (Allocation Failure) 138M->2M(494M) 0.459ms
[254.674s][info][gc] GC(29) Pause Young (Allocation Failure) 138M->2M(494M) 0.444ms
[256.887s][info][gc] GC(30) Pause Young (Allocation Failure) 138M->2M(494M) 0.709ms
[259.099s][info][gc] GC(31) Pause Young (Allocation Failure) 138M->2M(494M) 0.737ms
[261.313s][info][gc] GC(32) Pause Young (Allocation Failure) 138M->2M(494M) 1.013ms
[263.545s][info][gc] GC(33) Pause Young (Allocation Failure) 138M->2M(494M) 0.779ms
[265.788s][info][gc] GC(34) Pause Young (Allocation Failure) 138M->2M(494M) 0.884ms
[267.989s][info][gc] GC(35) Pause Young (Allocation Failure) 138M->2M(494M) 1.305ms
[270.263s][info][gc] GC(36) Pause Young (Allocation Failure) 138M->1M(494M) 0.166ms
[272.484s][info][gc] GC(37) Pause Young (Allocation Failure) 138M->1M(494M) 0.326ms
[274.681s][info][gc] GC(38) Pause Young (Allocation Failure) 138M->2M(494M) 0.448ms
[276.882s][info][gc] GC(39) Pause Young (Allocation Failure) 138M->1M(494M) 0.279ms
[279.114s][info][gc] GC(40) Pause Young (Allocation Failure) 138M->2M(494M) 0.566ms
[281.348s][info][gc] GC(41) Pause Young (Allocation Failure) 138M->1M(494M) 0.349ms
[283.596s][info][gc] GC(42) Pause Young (Allocation Failure) 138M->2M(494M) 0.705ms
[285.818s][info][gc] GC(43) Pause Young (Allocation Failure) 138M->2M(494M) 0.974ms
[288.043s][info][gc] GC(44) Pause Young (Allocation Failure) 138M->2M(494M) 0.942ms
[290.291s][info][gc] GC(45) Pause Young (Allocation Failure) 138M->1M(494M) 0.213ms
[292.507s][info][gc] GC(46) Pause Young (Allocation Failure) 138M->1M(494M) 0.243ms
[294.726s][info][gc] GC(47) Pause Young (Allocation Failure) 138M->1M(494M) 0.428ms
[296.896s][info][gc] GC(48) Pause Young (Allocation Failure) 138M->1M(494M) 0.302ms
[299.224s][info][gc] GC(49) Pause Young (Allocation Failure) 138M->2M(494M) 0.475ms
[301.439s][info][gc] GC(50) Pause Young (Allocation Failure) 138M->2M(494M) 0.590ms
[303.670s][info][gc] GC(51) Pause Young (Allocation Failure) 138M->2M(494M) 0.629ms
[305.871s][info][gc] GC(52) Pause Young (Allocation Failure) 138M->2M(494M) 0.692ms
[308.167s][info][gc] GC(53) Pause Young (Allocation Failure) 138M->2M(494M) 0.906ms
[310.446s][info][gc] GC(54) Pause Young (Allocation Failure) 138M->2M(494M) 0.766ms
[312.645s][info][gc] GC(55) Pause Young (Allocation Failure) 138M->2M(494M) 1.389ms
[314.883s][info][gc] GC(56) Pause Young (Allocation Failure) 138M->2M(494M) 1.211ms
[317.103s][info][gc] GC(57) Pause Young (Allocation Failure) 138M->2M(494M) 0.958ms
[319.374s][info][gc] GC(58) Pause Young (Allocation Failure) 138M->2M(494M) 1.223ms
[321.621s][info][gc] GC(59) Pause Young (Allocation Failure) 138M->2M(494M) 0.929ms
[323.862s][info][gc] GC(60) Pause Young (Allocation Failure) 138M->1M(494M) 0.198ms
[326.186s][info][gc] GC(61) Pause Young (Allocation Failure) 138M->1M(494M) 0.405ms
[328.393s][info][gc] GC(62) Pause Young (Allocation Failure) 138M->2M(494M) 0.541ms
[330.612s][info][gc] GC(63) Pause Young (Allocation Failure) 138M->2M(494M) 0.755ms
[332.866s][info][gc] GC(64) Pause Young (Allocation Failure) 138M->2M(494M) 0.820ms
[335.106s][info][gc] GC(65) Pause Young (Allocation Failure) 138M->2M(494M) 0.915ms
[337.272s][info][gc] GC(66) Pause Young (Allocation Failure) 138M->2M(494M) 1.043ms
[339.516s][info][gc] GC(67) Pause Young (Allocation Failure) 138M->1M(494M) 0.208ms
[341.720s][info][gc] GC(68) Pause Young (Allocation Failure) 138M->1M(494M) 0.348ms
[343.947s][info][gc] GC(69) Pause Young (Allocation Failure) 138M->1M(494M) 0.457ms
[346.187s][info][gc] GC(70) Pause Young (Allocation Failure) 138M->1M(494M) 0.372ms
[348.406s][info][gc] GC(71) Pause Young (Allocation Failure) 138M->1M(494M) 0.530ms
[350.641s][info][gc] GC(72) Pause Young (Allocation Failure) 138M->2M(494M) 0.774ms
[352.858s][info][gc] GC(73) Pause Young (Allocation Failure) 138M->2M(494M) 0.675ms
[355.111s][info][gc] GC(74) Pause Young (Allocation Failure) 138M->2M(494M) 1.000ms
[357.363s][info][gc] GC(75) Pause Young (Allocation Failure) 138M->2M(494M) 1.190ms
[359.619s][info][gc] GC(76) Pause Young (Allocation Failure) 138M->1M(494M) 0.163ms
[361.836s][info][gc] GC(77) Pause Young (Allocation Failure) 138M->1M(494M) 0.308ms
[364.110s][info][gc] GC(78) Pause Young (Allocation Failure) 138M->2M(494M) 0.463ms
[366.269s][info][gc] GC(79) Pause Young (Allocation Failure) 138M->1M(494M) 0.319ms
