[0.003s][info][gc] Using Serial
[6.441s][info][gc] GC(0) Pause Young (Allocation Failure) 136M->2M(494M) 4.040ms
[8.508s][info][gc] GC(1) Pause Young (Allocation Failure) 138M->2M(494M) 3.152ms
[10.539s][info][gc] GC(2) Pause Young (Allocation Failure) 138M->1M(494M) 2.102ms
[12.580s][info][gc] GC(3) Pause Young (Allocation Failure) 138M->2M(494M) 2.754ms
[14.585s][info][gc] GC(4) Pause Young (Allocation Failure) 138M->2M(494M) 3.081ms
[16.632s][info][gc] GC(5) Pause Young (Allocation Failure) 138M->1M(494M) 1.965ms
[18.664s][info][gc] GC(6) Pause Young (Allocation Failure) 138M->2M(494M) 2.796ms
[20.709s][info][gc] GC(7) Pause Young (Allocation Failure) 138M->2M(494M) 2.878ms
[22.742s][info][gc] GC(8) Pause Young (Allocation Failure) 138M->2M(494M) 3.159ms
[24.770s][info][gc] GC(9) Pause Young (Allocation Failure) 138M->2M(494M) 2.539ms
[26.799s][info][gc] GC(10) Pause Young (Allocation Failure) 138M->2M(494M) 3.309ms
[29.058s][info][gc] GC(11) Pause Young (Allocation Failure) 138M->2M(494M) 2.950ms
[31.209s][info][gc] GC(12) Pause Young (Allocation Failure) 138M->1M(494M) 2.201ms
[33.419s][info][gc] GC(13) Pause Young (Allocation Failure) 138M->1M(494M) 2.146ms
[35.573s][info][gc] GC(14) Pause Young (Allocation Failure) 138M->1M(494M) 2.372ms
[37.641s][info][gc] GC(15) Pause Young (Allocation Failure) 138M->1M(494M) 3.281ms
[39.691s][info][gc] GC(16) Pause Young (Allocation Failure) 138M->1M(494M) 0.405ms
[41.756s][info][gc] GC(17) Pause Young (Allocation Failure) 138M->2M(494M) 0.611ms
[43.842s][info][gc] GC(18) Pause Young (Allocation Failure) 138M->2M(494M) 0.842ms
[45.942s][info][gc] GC(19) Pause Young (Allocation Failure) 138M->2M(494M) 0.673ms
[47.977s][info][gc] GC(20) Pause Young (Allocation Failure) 138M->2M(494M) 0.662ms
[50.036s][info][gc] GC(21) Pause Young (Allocation Failure) 138M->2M(494M) 0.816ms
[52.035s][info][gc] GC(22) Pause Young (Allocation Failure) 138M->2M(494M) 0.986ms
[54.089s][info][gc] GC(23) Pause Young (Allocation Failure) 138M->2M(494M) 0.809ms
[56.141s][info][gc] GC(24) Pause Young (Allocation Failure) 138M->2M(494M) 0.970ms
[58.150s][info][gc] GC(25) Pause Young (Allocation Failure) 138M->2M(494M) 0.991ms
[60.241s][info][gc] GC(26) Pause Young (Allocation Failure) 138M->1M(494M) 0.191ms
[62.289s][info][gc] GC(27) Pause Young (Allocation Failure) 138M->1M(494M) 0.265ms
[64.322s][info][gc] GC(28) Pause Young (Allocation Failure) 138M->2M(494M) 0.379ms
[66.468s][info][gc] GC(29) Pause Young (Allocation Failure) 138M->2M(494M) 0.514ms
[68.551s][info][gc] GC(30) Pause Young (Allocation Failure) 138M->2M(494M) 0.608ms
[70.801s][info][gc] GC(31) Pause Young (Allocation Failure) 138M->2M(494M) 0.866ms
[73.135s][info][gc] GC(32) Pause Young (Allocation Failure) 138M->2M(494M) 0.903ms
[75.482s][info][gc] GC(33) Pause Young (Allocation Failure) 138M->2M(494M) 0.845ms
[77.748s][info][gc] GC(34) Pause Young (Allocation Failure) 138M->2M(494M) 0.924ms
[80.371s][info][gc] GC(35) Pause Young (Allocation Failure) 138M->2M(494M) 0.928ms
[82.568s][info][gc] GC(36) Pause Young (Allocation Failure) 138M->1M(494M) 0.135ms
[84.728s][info][gc] GC(37) Pause Young (Allocation Failure) 138M->1M(494M) 0.303ms
[86.834s][info][gc] GC(38) Pause Young (Allocation Failure) 138M->2M(494M) 0.460ms
[89.063s][info][gc] GC(39) Pause Young (Allocation Failure) 138M->2M(494M) 0.510ms
[91.334s][info][gc] GC(40) Pause Young (Allocation Failure) 138M->2M(494M) 0.577ms
[93.609s][info][gc] GC(41) Pause Young (Allocation Failure) 138M->2M(494M) 0.661ms
[95.844s][info][gc] GC(42) Pause Young (Allocation Failure) 138M->2M(494M) 0.766ms
[97.967s][info][gc] GC(43) Pause Young (Allocation Failure) 138M->2M(494M) 0.945ms
[100.096s][info][gc] GC(44) Pause Young (Allocation Failure) 138M->2M(494M) 0.758ms
[102.263s][info][gc] GC(45) Pause Young (Allocation Failure) 138M->2M(494M) 0.956ms
[104.567s][info][gc] GC(46) Pause Young (Allocation Failure) 138M->2M(494M) 1.129ms
[106.711s][info][gc] GC(47) Pause Young (Allocation Failure) 138M->1M(494M) 0.146ms
[108.829s][info][gc] GC(48) Pause Young (Allocation Failure) 138M->1M(494M) 0.308ms
[111.003s][info][gc] GC(49) Pause Young (Allocation Failure) 138M->2M(494M) 0.377ms
[113.096s][info][gc] GC(50) Pause Young (Allocation Failure) 138M->1M(494M) 0.204ms
[115.200s][info][gc] GC(51) Pause Young (Allocation Failure) 138M->2M(494M) 0.430ms
[117.492s][info][gc] GC(52) Pause Young (Allocation Failure) 138M->2M(494M) 0.690ms
[119.619s][info][gc] GC(53) Pause Young (Allocation Failure) 138M->2M(494M) 0.711ms
[121.730s][info][gc] GC(54) Pause Young (Allocation Failure) 138M->2M(494M) 0.877ms
[123.827s][info][gc] GC(55) Pause Young (Allocation Failure) 138M->2M(494M) 0.903ms
[125.992s][info][gc] GC(56) Pause Young (Allocation Failure) 138M->2M(494M) 0.969ms
[128.153s][info][gc] GC(57) Pause Young (Allocation Failure) 138M->2M(494M) 0.742ms
[131.317s][info][gc] GC(58) Pause Young (Allocation Failure) 138M->2M(494M) 1.206ms
[133.452s][info][gc] GC(59) Pause Young (Allocation Failure) 138M->2M(494M) 0.991ms
[135.620s][info][gc] GC(60) Pause Young (Allocation Failure) 138M->1M(494M) 0.206ms
[137.794s][info][gc] GC(61) Pause Young (Allocation Failure) 138M->1M(494M) 0.415ms
[140.008s][info][gc] GC(62) Pause Young (Allocation Failure) 138M->2M(494M) 0.514ms
[142.173s][info][gc] GC(63) Pause Young (Allocation Failure) 138M->2M(494M) 0.776ms
[144.291s][info][gc] GC(64) Pause Young (Allocation Failure) 138M->2M(494M) 0.905ms
[146.459s][info][gc] GC(65) Pause Young (Allocation Failure) 138M->2M(494M) 1.167ms
[148.746s][info][gc] GC(66) Pause Young (Allocation Failure) 138M->2M(494M) 0.957ms
[150.927s][info][gc] GC(67) Pause Young (Allocation Failure) 138M->1M(494M) 0.205ms
[153.267s][info][gc] GC(68) Pause Young (Allocation Failure) 138M->1M(494M) 0.259ms
[155.975s][info][gc] GC(69) Pause Young (Allocation Failure) 138M->2M(494M) 0.548ms
[158.574s][info][gc] GC(70) Pause Young (Allocation Failure) 138M->2M(494M) 0.512ms
[160.921s][info][gc] GC(71) Pause Young (Allocation Failure) 138M->2M(494M) 0.819ms
[163.099s][info][gc] GC(72) Pause Young (Allocation Failure) 138M->2M(494M) 0.761ms
[165.291s][info][gc] GC(73) Pause Young (Allocation Failure) 138M->2M(494M) 1.051ms
[167.516s][info][gc] GC(74) Pause Young (Allocation Failure) 138M->2M(494M) 0.950ms
[169.761s][info][gc] GC(75) Pause Young (Allocation Failure) 138M->1M(494M) 0.176ms
[172.116s][info][gc] GC(76) Pause Young (Allocation Failure) 138M->1M(494M) 0.333ms
[174.670s][info][gc] GC(77) Pause Young (Allocation Failure) 138M->2M(494M) 0.582ms
[177.022s][info][gc] GC(78) Pause Young (Allocation Failure) 138M->1M(494M) 0.290ms
[179.518s][info][gc] GC(79) Pause Young (Allocation Failure) 138M->2M(494M) 0.626ms
