[0.005s][info][gc] Using Serial
[190.299s][info][gc] GC(0) Pause Young (Allocation Failure) 136M->2M(494M) 4.940ms
[192.553s][info][gc] GC(1) Pause Young (Allocation Failure) 138M->2M(494M) 4.441ms
[194.785s][info][gc] GC(2) Pause Young (Allocation Failure) 138M->2M(494M) 3.158ms
[197.048s][info][gc] GC(3) Pause Young (Allocation Failure) 138M->2M(494M) 2.752ms
[199.254s][info][gc] GC(4) Pause Young (Allocation Failure) 138M->1M(494M) 2.010ms
[201.432s][info][gc] GC(5) Pause Young (Allocation Failure) 138M->2M(494M) 2.732ms
[203.724s][info][gc] GC(6) Pause Young (Allocation Failure) 138M->1M(494M) 2.370ms
[205.988s][info][gc] GC(7) Pause Young (Allocation Failure) 138M->1M(494M) 2.977ms
[208.236s][info][gc] GC(8) Pause Young (Allocation Failure) 138M->2M(494M) 2.331ms
[210.441s][info][gc] GC(9) Pause Young (Allocation Failure) 138M->1M(494M) 3.105ms
[212.656s][info][gc] GC(10) Pause Young (Allocation Failure) 138M->1M(494M) 2.397ms
[214.907s][info][gc] GC(11) Pause Young (Allocation Failure) 138M->1M(494M) 2.217ms
[217.149s][info][gc] GC(12) Pause Young (Allocation Failure) 138M->2M(494M) 2.285ms
[219.401s][info][gc] GC(13) Pause Young (Allocation Failure) 138M->2M(494M) 2.376ms
[221.650s][info][gc] GC(14) Pause Young (Allocation Failure) 138M->2M(494M) 2.448ms
[223.877s][info][gc] GC(15) Pause Young (Allocation Failure) 138M->2M(494M) 3.299ms
[226.072s][info][gc] GC(16) Pause Young (Allocation Failure) 138M->2M(494M) 0.947ms
[228.322s][info][gc] GC(17) Pause Young (Allocation Failure) 138M->2M(494M) 1.261ms
[230.599s][info][gc] GC(18) Pause Young (Allocation Failure) 138M->1M(494M) 0.331ms
[232.851s][info][gc] GC(19) Pause Young (Allocation Failure) 138M->2M(494M) 0.433ms
[235.104s][info][gc] GC(20) Pause Young (Allocation Failure) 138M->2M(494M) 0.481ms
[237.348s][info][gc] GC(21) Pause Young (Allocation Failure) 138M->2M(494M) 0.789ms
[239.604s][info][gc] GC(22) Pause Young (Allocation Failure) 138M->2M(494M) 0.812ms
[241.830s][info][gc] GC(23) Pause Young (Allocation Failure) 138M->2M(494M) 1.050ms
[244.042s][info][gc] GC(24) Pause Young (Allocation Failure) 138M->2M(494M) 0.657ms
[246.201s][info][gc] GC(25) Pause Young (Allocation Failure) 138M->2M(494M) 0.889ms
[248.450s][info][gc] GC(26) Pause Young (Allocation Failure) 138M->2M(494M) 0.801ms
[250.678s][info][gc] GC(27) Pause Young (Allocation Failure) 138M->1M(494M) 0.164ms
[252.902s][info][gc] GC(28) Pause Young (Allocation Failure) 138M->1M(494M) 0.299ms
[255.142s][info][gc] GC(29) Pause Young (Allocation Failure) 138M->2M(494M) 0.638ms
[257.336s][info][gc] GC(30) Pause Young (Allocation Failure) 138M->1M(494M) 0.271ms
[259.567s][info][gc] GC(31) Pause Young (Allocation Failure) 138M->2M(494M) 0.511ms
[261.822s][info][gc] GC(32) Pause Young (Allocation Failure) 138M->1M(494M) 0.516ms
[264.052s][info][gc] GC(33) Pause Young (Allocation Failure) 138M->2M(494M) 0.695ms
[266.299s][info][gc] GC(34) Pause Young (Allocation Failure) 138M->2M(494M) 0.871ms
[268.544s][info][gc] GC(35) Pause Young (Allocation Failure) 138M->2M(494M) 0.956ms
[270.789s][info][gc] GC(36) Pause Young (Allocation Failure) 138M->1M(494M) 0.182ms
[272.999s][info][gc] GC(37) Pause Young (Allocation Failure) 138M->1M(494M) 0.214ms
[275.215s][info][gc] GC(38) Pause Young (Allocation Failure) 138M->1M(494M) 0.359ms
[277.418s][info][gc] GC(39) Pause Young (Allocation Failure) 138M->1M(494M) 0.348ms
[279.690s][info][gc] GC(40) Pause Young (Allocation Failure) 138M->2M(494M) 0.630ms
[281.894s][info][gc] GC(41) Pause Young (Allocation Failure) 138M->2M(494M) 0.605ms
[284.125s][info][gc] GC(42) Pause Young (Allocation Failure) 138M->2M(494M) 0.629ms
[286.338s][info][gc] GC(43) Pause Young (Allocation Failure) 138M->2M(494M) 0.638ms
[288.638s][info][gc] GC(44) Pause Young (Allocation Failure) 138M->2M(494M) 0.798ms
[290.858s][info][gc] GC(45) Pause Young (Allocation Failure) 138M->2M(494M) 1.085ms
[293.078s][info][gc] GC(46) Pause Young (Allocation Failure) 138M->2M(494M) 0.659ms
[295.301s][info][gc] GC(47) Pause Young (Allocation Failure) 138M->2M(494M) 1.046ms
[297.540s][info][gc] GC(48) Pause Young (Allocation Failure) 138M->2M(494M) 0.861ms
[299.804s][info][gc] GC(49) Pause Young (Allocation Failure) 138M->1M(494M) 0.191ms
[302.008s][info][gc] GC(50) Pause Young (Allocation Failure) 138M->1M(494M) 0.276ms
[304.240s][info][gc] GC(51) Pause Young (Allocation Failure) 138M->1M(494M) 0.357ms
[306.506s][info][gc] GC(52) Pause Young (Allocation Failure) 138M->2M(494M) 0.568ms
[308.740s][info][gc] GC(53) Pause Young (Allocation Failure) 138M->2M(494M) 0.636ms
[310.978s][info][gc] GC(54) Pause Young (Allocation Failure) 138M->2M(494M) 0.682ms
[313.166s][info][gc] GC(55) Pause Young (Allocation Failure) 138M->2M(494M) 0.706ms
[315.423s][info][gc] GC(56) Pause Young (Allocation Failure) 138M->2M(494M) 1.060ms
[317.650s][info][gc] GC(57) Pause Young (Allocation Failure) 138M->2M(494M) 1.058ms
[319.888s][info][gc] GC(58) Pause Young (Allocation Failure) 138M->2M(494M) 1.075ms
[322.114s][info][gc] GC(59) Pause Young (Allocation Failure) 138M->2M(494M) 0.954ms
[324.328s][info][gc] GC(60) Pause Young (Allocation Failure) 138M->2M(494M) 0.936ms
[326.587s][info][gc] GC(61) Pause Young (Allocation Failure) 138M->1M(494M) 0.208ms
[328.838s][info][gc] GC(62) Pause Young (Allocation Failure) 138M->1M(494M) 0.530ms
[331.062s][info][gc] GC(63) Pause Young (Allocation Failure) 138M->1M(494M) 0.601ms
[333.327s][info][gc] GC(64) Pause Young (Allocation Failure) 138M->1M(494M) 0.289ms
[335.535s][info][gc] GC(65) Pause Young (Allocation Failure) 138M->2M(494M) 0.548ms
[337.749s][info][gc] GC(66) Pause Young (Allocation Failure) 138M->2M(494M) 0.622ms
[339.983s][info][gc] GC(67) Pause Young (Allocation Failure) 138M->2M(494M) 0.705ms
[342.215s][info][gc] GC(68) Pause Young (Allocation Failure) 138M->2M(494M) 0.762ms
[344.444s][info][gc] GC(69) Pause Young (Allocation Failure) 138M->2M(494M) 1.148ms
[346.681s][info][gc] GC(70) Pause Young (Allocation Failure) 138M->2M(494M) 0.904ms
[348.967s][info][gc] GC(71) Pause Young (Allocation Failure) 138M->1M(494M) 0.275ms
[351.162s][info][gc] GC(72) Pause Young (Allocation Failure) 138M->1M(494M) 0.413ms
[353.348s][info][gc] GC(73) Pause Young (Allocation Failure) 138M->2M(494M) 0.670ms
[355.588s][info][gc] GC(74) Pause Young (Allocation Failure) 138M->2M(494M) 0.650ms
[357.808s][info][gc] GC(75) Pause Young (Allocation Failure) 138M->2M(494M) 1.105ms
[360.027s][info][gc] GC(76) Pause Young (Allocation Failure) 138M->2M(494M) 0.934ms
[362.308s][info][gc] GC(77) Pause Young (Allocation Failure) 138M->2M(494M) 0.776ms
[364.563s][info][gc] GC(78) Pause Young (Allocation Failure) 138M->2M(494M) 1.044ms
[366.794s][info][gc] GC(79) Pause Young (Allocation Failure) 138M->2M(494M) 0.890ms
