[0.003s][info][gc] Using Serial
[18.996s][info][gc] GC(0) Pause Young (Allocation Failure) 136M->2M(494M) 4.227ms
[21.247s][info][gc] GC(1) Pause Young (Allocation Failure) 138M->2M(494M) 3.174ms
[23.443s][info][gc] GC(2) Pause Young (Allocation Failure) 138M->1M(494M) 1.959ms
[25.819s][info][gc] GC(3) Pause Young (Allocation Failure) 138M->2M(494M) 3.559ms
[28.225s][info][gc] GC(4) Pause Young (Allocation Failure) 138M->2M(494M) 2.997ms
[30.532s][info][gc] GC(5) Pause Young (Allocation Failure) 138M->1M(494M) 2.353ms
[33.000s][info][gc] GC(6) Pause Young (Allocation Failure) 138M->2M(494M) 2.622ms
[35.461s][info][gc] GC(7) Pause Young (Allocation Failure) 138M->2M(494M) 3.047ms
[37.647s][info][gc] GC(8) Pause Young (Allocation Failure) 138M->2M(494M) 3.024ms
[39.830s][info][gc] GC(9) Pause Young (Allocation Failure) 138M->2M(494M) 2.892ms
[42.022s][info][gc] GC(10) Pause Young (Allocation Failure) 138M->2M(494M) 2.715ms
[44.396s][info][gc] GC(11) Pause Young (Allocation Failure) 138M->1M(494M) 2.070ms
[47.107s][info][gc] GC(12) Pause Young (Allocation Failure) 138M->1M(494M) 2.665ms
[49.446s][info][gc] GC(13) Pause Young (Allocation Failure) 138M->2M(494M) 3.053ms
[51.873s][info][gc] GC(14) Pause Young (Allocation Failure) 138M->2M(494M) 2.800ms
[54.103s][info][gc] GC(15) Pause Young (Allocation Failure) 138M->2M(494M) 3.331ms
[56.880s][info][gc] GC(16) Pause Young (Allocation Failure) 138M->2M(494M) 0.970ms
[59.471s][info][gc] GC(17) Pause Young (Allocation Failure) 138M->2M(494M) 1.342ms
[61.861s][info][gc] GC(18) Pause Young (Allocation Failure) 138M->1M(494M) 0.183ms
[64.560s][info][gc] GC(19) Pause Young (Allocation Failure) 138M->1M(494M) 0.467ms
[67.034s][info][gc] GC(20) Pause Young (Allocation Failure) 138M->2M(494M) 0.509ms
[69.366s][info][gc] GC(21) Pause Young (Allocation Failure) 138M->2M(494M) 0.725ms
[71.904s][info][gc] GC(22) Pause Young (Allocation Failure) 138M->2M(494M) 0.764ms
[74.425s][info][gc] GC(23) Pause Young (Allocation Failure) 138M->2M(494M) 0.964ms
[76.699s][info][gc] GC(24) Pause Young (Allocation Failure) 138M->2M(494M) 0.885ms
[79.061s][info][gc] GC(25) Pause Young (Allocation Failure) 138M->1M(494M) 0.168ms
[81.228s][info][gc] GC(26) Pause Young (Allocation Failure) 138M->1M(494M) 0.284ms
[83.452s][info][gc] GC(27) Pause Young (Allocation Failure) 138M->2M(494M) 0.463ms
[85.647s][info][gc] GC(28) Pause Young (Allocation Failure) 138M->2M(494M) 0.647ms
[87.828s][info][gc] GC(29) Pause Young (Allocation Failure) 138M->2M(494M) 0.734ms
[90.187s][info][gc] GC(30) Pause Young (Allocation Failure) 138M->2M(494M) 0.937ms
[92.548s][info][gc] GC(31) Pause Young (Allocation Failure) 138M->2M(494M) 0.918ms
[94.803s][info][gc] GC(32) Pause Young (Allocation Failure) 138M->1M(494M) 0.148ms
[97.068s][info][gc] GC(33) Pause Young (Allocation Failure) 138M->1M(494M) 0.329ms
[99.359s][info][gc] GC(34) Pause Young (Allocation Failure) 138M->2M(494M) 0.477ms
[101.717s][info][gc] GC(35) Pause Young (Allocation Failure) 138M->2M(494M) 0.628ms
[104.284s][info][gc] GC(36) Pause Young (Allocation Failure) 138M->2M(494M) 0.777ms
[106.805s][info][gc] GC(37) Pause Young (Allocation Failure) 138M->2M(494M) 0.984ms
[109.100s][info][gc] GC(38) Pause Young (Allocation Failure) 138M->2M(494M) 0.885ms
[111.486s][info][gc] GC(39) Pause Young (Allocation Failure) 138M->1M(494M) 0.132ms
[113.679s][info][gc] GC(40) Pause Young (Allocation Failure) 138M->1M(494M) 0.297ms
[115.847s][info][gc] GC(41) Pause Young (Allocation Failure) 138M->2M(494M) 0.515ms
[118.019s][info][gc] GC(42) Pause Young (Allocation Failure) 138M->2M(494M) 0.729ms
[120.192s][info][gc] GC(43) Pause Young (Allocation Failure) 138M->2M(494M) 0.740ms
[122.407s][info][gc] GC(44) Pause Young (Allocation Failure) 138M->2M(494M) 1.136ms
[124.701s][info][gc] GC(45) Pause Young (Allocation Failure) 138M->2M(494M) 1.043ms
[127.071s][info][gc] GC(46) Pause Young (Allocation Failure) 138M->1M(494M) 0.145ms
[129.350s][info][gc] GC(47) Pause Young (Allocation Failure) 138M->1M(494M) 0.351ms
[131.877s][info][gc] GC(48) Pause Young (Allocation Failure) 138M->2M(494M) 0.458ms
[134.227s][info][gc] GC(49) Pause Young (Allocation Failure) 138M->1M(494M) 0.273ms
[136.434s][info][gc] GC(50) Pause Young (Allocation Failure) 138M->2M(494M) 0.524ms
[138.599s][info][gc] GC(51) Pause Young (Allocation Failure) 138M->2M(494M) 0.741ms
[140.899s][info][gc] GC(52) Pause Young (Allocation Failure) 138M->2M(494M) 0.749ms
[143.141s][info][gc] GC(53) Pause Young (Allocation Failure) 138M->2M(494M) 0.874ms
[145.412s][info][gc] GC(54) Pause Young (Allocation Failure) 138M->2M(494M) 0.870ms
[148.020s][info][gc] GC(55) Pause Young (Allocation Failure) 138M->2M(494M) 1.069ms
[150.276s][info][gc] GC(56) Pause Young (Allocation Failure) 138M->2M(494M) 0.971ms
[152.821s][info][gc] GC(57) Pause Young (Allocation Failure) 138M->1M(494M) 0.202ms
[155.212s][info][gc] GC(58) Pause Young (Allocation Failure) 138M->1M(494M) 0.449ms
[157.555s][info][gc] GC(59) Pause Young (Allocation Failure) 138M->2M(494M) 0.579ms
[160.005s][info][gc] GC(60) Pause Young (Allocation Failure) 138M->2M(494M) 0.711ms
[162.313s][info][gc] GC(61) Pause Young (Allocation Failure) 138M->2M(494M) 0.855ms
[164.571s][info][gc] GC(62) Pause Young (Allocation Failure) 138M->2M(494M) 0.993ms
[166.767s][info][gc] GC(63) Pause Young (Allocation Failure) 138M->2M(494M) 0.989ms
[169.191s][info][gc] GC(64) Pause Young (Allocation Failure) 138M->1M(494M) 0.241ms
[171.566s][info][gc] GC(65) Pause Young (Allocation Failure) 138M->1M(494M) 0.269ms
[173.980s][info][gc] GC(66) Pause Young (Allocation Failure) 138M->2M(494M) 0.530ms
[176.296s][info][gc] GC(67) Pause Young (Allocation Failure) 138M->2M(494M) 0.582ms
[178.583s][info][gc] GC(68) Pause Young (Allocation Failure) 138M->2M(494M) 0.775ms
[180.773s][info][gc] GC(69) Pause Young (Allocation Failure) 138M->2M(494M) 0.774ms
[182.997s][info][gc] GC(70) Pause Young (Allocation Failure) 138M->2M(494M) 0.962ms
[185.217s][info][gc] GC(71) Pause Young (Allocation Failure) 138M->2M(494M) 0.956ms
[187.533s][info][gc] GC(72) Pause Young (Allocation Failure) 138M->1M(494M) 0.154ms
[190.112s][info][gc] GC(73) Pause Young (Allocation Failure) 138M->1M(494M) 0.451ms
[192.455s][info][gc] GC(74) Pause Young (Allocation Failure) 138M->2M(494M) 0.483ms
[194.632s][info][gc] GC(75) Pause Young (Allocation Failure) 138M->1M(494M) 0.322ms
[196.824s][info][gc] GC(76) Pause Young (Allocation Failure) 138M->2M(494M) 0.550ms
[199.011s][info][gc] GC(77) Pause Young (Allocation Failure) 138M->1M(494M) 0.399ms
[201.464s][info][gc] GC(78) Pause Young (Allocation Failure) 138M->2M(494M) 0.568ms
[203.775s][info][gc] GC(79) Pause Young (Allocation Failure) 138M->2M(494M) 0.790ms
