[0.003s][info][gc] Using Serial
[4.665s][info][gc] GC(0) Pause Young (Allocation Failure) 136M->2M(494M) 4.161ms
[6.787s][info][gc] GC(1) Pause Young (Allocation Failure) 138M->2M(494M) 3.075ms
[8.999s][info][gc] GC(2) Pause Young (Allocation Failure) 138M->2M(494M) 2.657ms
[11.058s][info][gc] GC(3) Pause Young (Allocation Failure) 138M->1M(494M) 2.170ms
[13.156s][info][gc] GC(4) Pause Young (Allocation Failure) 138M->2M(494M) 3.009ms
[15.412s][info][gc] GC(5) Pause Young (Allocation Failure) 138M->1M(494M) 2.299ms
[17.656s][info][gc] GC(6) Pause Young (Allocation Failure) 138M->2M(494M) 2.587ms
[20.057s][info][gc] GC(7) Pause Young (Allocation Failure) 138M->2M(494M) 2.588ms
[22.492s][info][gc] GC(8) Pause Young (Allocation Failure) 138M->2M(494M) 2.650ms
[24.901s][info][gc] GC(9) Pause Young (Allocation Failure) 138M->2M(494M) 2.624ms
[27.275s][info][gc] GC(10) Pause Young (Allocation Failure) 138M->2M(494M) 2.386ms
[29.634s][info][gc] GC(11) Pause Young (Allocation Failure) 138M->2M(494M) 2.784ms
[31.989s][info][gc] GC(12) Pause Young (Allocation Failure) 138M->2M(494M) 2.861ms
[34.859s][info][gc] GC(13) Pause Young (Allocation Failure) 138M->2M(494M) 2.681ms
[37.225s][info][gc] GC(14) Pause Young (Allocation Failure) 138M->2M(494M) 2.753ms
[39.583s][info][gc] GC(15) Pause Young (Allocation Failure) 138M->2M(494M) 3.219ms
[42.451s][info][gc] GC(16) Pause Young (Allocation Failure) 138M->2M(494M) 0.886ms
[45.480s][info][gc] GC(17) Pause Young (Allocation Failure) 138M->1M(494M) 0.211ms
[47.952s][info][gc] GC(18) Pause Young (Allocation Failure) 138M->1M(494M) 0.262ms
[50.356s][info][gc] GC(19) Pause Young (Allocation Failure) 138M->2M(494M) 0.541ms
[52.781s][info][gc] GC(20) Pause Young (Allocation Failure) 138M->2M(494M) 0.638ms
[55.305s][info][gc] GC(21) Pause Young (Allocation Failure) 138M->2M(494M) 0.635ms
[57.526s][info][gc] GC(22) Pause Young (Allocation Failure) 138M->2M(494M) 0.642ms
[60.012s][info][gc] GC(23) Pause Young (Allocation Failure) 138M->2M(494M) 0.900ms
[63.013s][info][gc] GC(24) Pause Young (Allocation Failure) 138M->2M(494M) 0.875ms
[65.871s][info][gc] GC(25) Pause Young (Allocation Failure) 138M->2M(494M) 0.665ms
[68.964s][info][gc] GC(26) Pause Young (Allocation Failure) 138M->2M(494M) 0.889ms
[71.756s][info][gc] GC(27) Pause Young (Allocation Failure) 138M->2M(494M) 0.867ms
[74.805s][info][gc] GC(28) Pause Young (Allocation Failure) 138M->1M(494M) 0.133ms
[77.938s][info][gc] GC(29) Pause Young (Allocation Failure) 138M->1M(494M) 0.280ms
[80.880s][info][gc] GC(30) Pause Young (Allocation Failure) 138M->2M(494M) 0.495ms
[83.584s][info][gc] GC(31) Pause Young (Allocation Failure) 138M->1M(494M) 0.295ms
[86.267s][info][gc] GC(32) Pause Young (Allocation Failure) 138M->2M(494M) 0.479ms
[88.689s][info][gc] GC(33) Pause Young (Allocation Failure) 138M->1M(494M) 0.367ms
[91.276s][info][gc] GC(34) Pause Young (Allocation Failure) 138M->1M(494M) 0.256ms
[93.383s][info][gc] GC(35) Pause Young (Allocation Failure) 138M->2M(494M) 0.409ms
[96.154s][info][gc] GC(36) Pause Young (Allocation Failure) 138M->2M(494M) 0.504ms
[99.397s][info][gc] GC(37) Pause Young (Allocation Failure) 138M->2M(494M) 0.461ms
[102.132s][info][gc] GC(38) Pause Young (Allocation Failure) 138M->2M(494M) 0.623ms
[105.521s][info][gc] GC(39) Pause Young (Allocation Failure) 138M->2M(494M) 0.441ms
[109.038s][info][gc] GC(40) Pause Young (Allocation Failure) 138M->2M(494M) 0.614ms
[112.590s][info][gc] GC(41) Pause Young (Allocation Failure) 138M->2M(494M) 0.686ms
[116.587s][info][gc] GC(42) Pause Young (Allocation Failure) 138M->2M(494M) 0.881ms
[119.920s][info][gc] GC(43) Pause Young (Allocation Failure) 138M->2M(494M) 0.637ms
[123.087s][info][gc] GC(44) Pause Young (Allocation Failure) 138M->2M(494M) 0.829ms
[126.062s][info][gc] GC(45) Pause Young (Allocation Failure) 138M->2M(494M) 1.246ms
[128.605s][info][gc] GC(46) Pause Young (Allocation Failure) 138M->2M(494M) 0.685ms
[131.108s][info][gc] GC(47) Pause Young (Allocation Failure) 138M->2M(494M) 0.930ms
[133.950s][info][gc] GC(48) Pause Young (Allocation Failure) 138M->2M(494M) 0.882ms
[136.626s][info][gc] GC(49) Pause Young (Allocation Failure) 138M->1M(494M) 0.135ms
[140.103s][info][gc] GC(50) Pause Young (Allocation Failure) 138M->1M(494M) 0.347ms
[143.809s][info][gc] GC(51) Pause Young (Allocation Failure) 138M->2M(494M) 0.487ms
[147.923s][info][gc] GC(52) Pause Young (Allocation Failure) 138M->2M(494M) 0.685ms
[151.334s][info][gc] GC(53) Pause Young (Allocation Failure) 138M->2M(494M) 0.723ms
[155.066s][info][gc] GC(54) Pause Young (Allocation Failure) 138M->2M(494M) 0.925ms
[159.387s][info][gc] GC(55) Pause Young (Allocation Failure) 138M->2M(494M) 0.953ms
[163.131s][info][gc] GC(56) Pause Young (Allocation Failure) 138M->1M(494M) 0.222ms
[166.732s][info][gc] GC(57) Pause Young (Allocation Failure) 138M->1M(494M) 0.477ms
[169.756s][info][gc] GC(58) Pause Young (Allocation Failure) 138M->2M(494M) 0.577ms
[172.929s][info][gc] GC(59) Pause Young (Allocation Failure) 138M->1M(494M) 0.336ms
[176.167s][info][gc] GC(60) Pause Young (Allocation Failure) 138M->2M(494M) 0.609ms
[179.708s][info][gc] GC(61) Pause Young (Allocation Failure) 138M->1M(494M) 0.396ms
[183.743s][info][gc] GC(62) Pause Young (Allocation Failure) 138M->2M(494M) 0.612ms
