[0.003s][info][gc] Using Serial
[190.725s][info][gc] GC(0) Pause Young (Allocation Failure) 136M->2M(494M) 3.865ms
[192.916s][info][gc] GC(1) Pause Young (Allocation Failure) 138M->2M(494M) 3.031ms
[195.152s][info][gc] GC(2) Pause Young (Allocation Failure) 138M->2M(494M) 2.591ms
[197.397s][info][gc] GC(3) Pause Young (Allocation Failure) 138M->1M(494M) 2.519ms
[199.571s][info][gc] GC(4) Pause Young (Allocation Failure) 138M->2M(494M) 3.821ms
[201.838s][info][gc] GC(5) Pause Young (Allocation Failure) 138M->2M(494M) 2.931ms
[204.054s][info][gc] GC(6) Pause Young (Allocation Failure) 138M->2M(494M) 3.408ms
[206.289s][info][gc] GC(7) Pause Young (Allocation Failure) 138M->1M(494M) 2.387ms
[208.544s][info][gc] GC(8) Pause Young (Allocation Failure) 138M->2M(494M) 2.798ms
[210.776s][info][gc] GC(9) Pause Young (Allocation Failure) 138M->2M(494M) 2.859ms
[212.988s][info][gc] GC(10) Pause Young (Allocation Failure) 138M->1M(494M) 1.936ms
[215.168s][info][gc] GC(11) Pause Young (Allocation Failure) 138M->2M(494M) 2.836ms
[217.380s][info][gc] GC(12) Pause Young (Allocation Failure) 138M->2M(494M) 3.271ms
[219.659s][info][gc] GC(13) Pause Young (Allocation Failure) 138M->2M(494M) 3.037ms
[221.897s][info][gc] GC(14) Pause Young (Allocation Failure) 138M->2M(494M) 3.227ms
[224.141s][info][gc] GC(15) Pause Young (Allocation Failure) 138M->2M(494M) 3.316ms
[226.415s][info][gc] GC(16) Pause Young (Allocation Failure) 138M->1M(494M) 0.298ms
[228.643s][info][gc] GC(17) Pause Young (Allocation Failure) 138M->1M(494M) 0.355ms
[230.895s][info][gc] GC(18) Pause Young (Allocation Failure) 138M->2M(494M) 0.643ms
[233.121s][info][gc] GC(19) Pause Young (Allocation Failure) 138M->1M(494M) 0.297ms
[235.371s][info][gc] GC(20) Pause Young (Allocation Failure) 138M->2M(494M) 0.495ms
[237.624s][info][gc] GC(21) Pause Young (Allocation Failure) 138M->1M(494M) 0.367ms
[239.800s][info][gc] GC(22) Pause Young (Allocation Failure) 138M->1M(494M) 0.237ms
[241.990s][info][gc] GC(23) Pause Young (Allocation Failure) 138M->2M(494M) 0.508ms
[244.207s][info][gc] GC(24) Pause Young (Allocation Failure) 138M->2M(494M) 0.464ms
[246.440s][info][gc] GC(25) Pause Young (Allocation Failure) 138M->2M(494M) 0.463ms
[248.663s][info][gc] GC(26) Pause Young (Allocation Failure) 138M->2M(494M) 0.852ms
[250.881s][info][gc] GC(27) Pause Young (Allocation Failure) 138M->2M(494M) 0.468ms
[253.091s][info][gc] GC(28) Pause Young (Allocation Failure) 138M->2M(494M) 0.871ms
[255.332s][info][gc] GC(29) Pause Young (Allocation Failure) 138M->2M(494M) 0.872ms
[257.528s][info][gc] GC(30) Pause Young (Allocation Failure) 138M->2M(494M) 0.938ms
[259.753s][info][gc] GC(31) Pause Young (Allocation Failure) 138M->2M(494M) 0.796ms
[261.996s][info][gc] GC(32) Pause Young (Allocation Failure) 138M->2M(494M) 4.068ms
[264.196s][info][gc] GC(33) Pause Young (Allocation Failure) 138M->2M(494M) 0.978ms
[266.416s][info][gc] GC(34) Pause Young (Allocation Failure) 138M->1M(494M) 0.156ms
[268.632s][info][gc] GC(35) Pause Young (Allocation Failure) 138M->1M(494M) 0.431ms
[270.858s][info][gc] GC(36) Pause Young (Allocation Failure) 138M->2M(494M) 0.516ms
[273.093s][info][gc] GC(37) Pause Young (Allocation Failure) 138M->1M(494M) 0.334ms
[275.312s][info][gc] GC(38) Pause Young (Allocation Failure) 138M->2M(494M) 0.693ms
[277.553s][info][gc] GC(39) Pause Young (Allocation Failure) 138M->1M(494M) 0.472ms
[279.811s][info][gc] GC(40) Pause Young (Allocation Failure) 138M->2M(494M) 0.616ms
[282.048s][info][gc] GC(41) Pause Young (Allocation Failure) 138M->2M(494M) 0.763ms
[284.296s][info][gc] GC(42) Pause Young (Allocation Failure) 138M->2M(494M) 1.080ms
[286.544s][info][gc] GC(43) Pause Young (Allocation Failure) 138M->1M(494M) 0.118ms
[288.744s][info][gc] GC(44) Pause Young (Allocation Failure) 138M->1M(494M) 0.245ms
[290.972s][info][gc] GC(45) Pause Young (Allocation Failure) 138M->1M(494M) 0.375ms
[293.127s][info][gc] GC(46) Pause Young (Allocation Failure) 138M->1M(494M) 0.322ms
[295.386s][info][gc] GC(47) Pause Young (Allocation Failure) 138M->2M(494M) 0.470ms
[297.604s][info][gc] GC(48) Pause Young (Allocation Failure) 138M->2M(494M) 0.634ms
[299.804s][info][gc] GC(49) Pause Young (Allocation Failure) 138M->2M(494M) 0.723ms
[301.998s][info][gc] GC(50) Pause Young (Allocation Failure) 138M->2M(494M) 0.641ms
[304.210s][info][gc] GC(51) Pause Young (Allocation Failure) 138M->2M(494M) 1.107ms
[306.430s][info][gc] GC(52) Pause Young (Allocation Failure) 138M->2M(494M) 0.932ms
[308.593s][info][gc] GC(53) Pause Young (Allocation Failure) 138M->2M(494M) 0.644ms
[310.801s][info][gc] GC(54) Pause Young (Allocation Failure) 138M->2M(494M) 0.943ms
[313.048s][info][gc] GC(55) Pause Young (Allocation Failure) 138M->2M(494M) 0.971ms
[315.305s][info][gc] GC(56) Pause Young (Allocation Failure) 138M->1M(494M) 0.217ms
[317.537s][info][gc] GC(57) Pause Young (Allocation Failure) 138M->1M(494M) 0.345ms
[319.760s][info][gc] GC(58) Pause Young (Allocation Failure) 138M->1M(494M) 0.553ms
[321.964s][info][gc] GC(59) Pause Young (Allocation Failure) 138M->2M(494M) 0.640ms
[324.204s][info][gc] GC(60) Pause Young (Allocation Failure) 138M->2M(494M) 0.803ms
[326.444s][info][gc] GC(61) Pause Young (Allocation Failure) 138M->2M(494M) 0.831ms
[328.695s][info][gc] GC(62) Pause Young (Allocation Failure) 138M->2M(494M) 0.994ms
[330.914s][info][gc] GC(63) Pause Young (Allocation Failure) 138M->2M(494M) 0.935ms
[333.128s][info][gc] GC(64) Pause Young (Allocation Failure) 138M->1M(494M) 0.189ms
[335.344s][info][gc] GC(65) Pause Young (Allocation Failure) 138M->1M(494M) 0.431ms
[337.593s][info][gc] GC(66) Pause Young (Allocation Failure) 138M->2M(494M) 0.706ms
[339.815s][info][gc] GC(67) Pause Young (Allocation Failure) 138M->1M(494M) 0.363ms
[342.007s][info][gc] GC(68) Pause Young (Allocation Failure) 138M->2M(494M) 0.665ms
[344.242s][info][gc] GC(69) Pause Young (Allocation Failure) 138M->1M(494M) 0.720ms
[346.469s][info][gc] GC(70) Pause Young (Allocation Failure) 138M->2M(494M) 0.660ms
[348.675s][info][gc] GC(71) Pause Young (Allocation Failure) 138M->2M(494M) 0.842ms
[350.908s][info][gc] GC(72) Pause Young (Allocation Failure) 138M->2M(494M) 1.103ms
[353.143s][info][gc] GC(73) Pause Young (Allocation Failure) 138M->1M(494M) 0.147ms
[355.393s][info][gc] GC(74) Pause Young (Allocation Failure) 138M->1M(494M) 0.280ms
[357.624s][info][gc] GC(75) Pause Young (Allocation Failure) 138M->1M(494M) 0.376ms
[359.852s][info][gc] GC(76) Pause Young (Allocation Failure) 138M->1M(494M) 0.428ms
[362.051s][info][gc] GC(77) Pause Young (Allocation Failure) 138M->2M(494M) 0.483ms
[364.245s][info][gc] GC(78) Pause Young (Allocation Failure) 138M->2M(494M) 0.537ms
[366.495s][info][gc] GC(79) Pause Young (Allocation Failure) 138M->2M(494M) 0.811ms
