[0.003s][info][gc] Using Serial
[8.804s][info][gc] GC(0) Pause Young (Allocation Failure) 136M->2M(494M) 4.146ms
[10.994s][info][gc] GC(1) Pause Young (Allocation Failure) 138M->2M(494M) 3.753ms
[13.330s][info][gc] GC(2) Pause Young (Allocation Failure) 138M->1M(494M) 2.052ms
[15.453s][info][gc] GC(3) Pause Young (Allocation Failure) 138M->2M(494M) 4.203ms
[17.658s][info][gc] GC(4) Pause Young (Allocation Failure) 138M->2M(494M) 2.487ms
[19.841s][info][gc] GC(5) Pause Young (Allocation Failure) 138M->1M(494M) 2.024ms
[22.091s][info][gc] GC(6) Pause Young (Allocation Failure) 138M->2M(494M) 3.189ms
[24.323s][info][gc] GC(7) Pause Young (Allocation Failure) 138M->2M(494M) 3.530ms
[26.456s][info][gc] GC(8) Pause Young (Allocation Failure) 138M->1M(494M) 1.993ms
[28.611s][info][gc] GC(9) Pause Young (Allocation Failure) 138M->2M(494M) 3.057ms
[30.859s][info][gc] GC(10) Pause Young (Allocation Failure) 138M->2M(494M) 2.791ms
[33.056s][info][gc] GC(11) Pause Young (Allocation Failure) 138M->2M(494M) 3.183ms
[35.207s][info][gc] GC(12) Pause Young (Allocation Failure) 138M->2M(494M) 3.673ms
[37.399s][info][gc] GC(13) Pause Young (Allocation Failure) 138M->2M(494M) 3.219ms
[39.589s][info][gc] GC(14) Pause Young (Allocation Failure) 138M->2M(494M) 4.105ms
[41.740s][info][gc] GC(15) Pause Young (Allocation Failure) 138M->2M(494M) 4.002ms
[43.865s][info][gc] GC(16) Pause Young (Allocation Failure) 138M->2M(494M) 1.255ms
[46.051s][info][gc] GC(17) Pause Young (Allocation Failure) 138M->2M(494M) 1.083ms
[48.259s][info][gc] GC(18) Pause Young (Allocation Failure) 138M->1M(494M) 0.211ms
[50.450s][info][gc] GC(19) Pause Young (Allocation Failure) 138M->1M(494M) 0.284ms
[52.598s][info][gc] GC(20) Pause Young (Allocation Failure) 138M->2M(494M) 0.488ms
[54.766s][info][gc] GC(21) Pause Young (Allocation Failure) 138M->2M(494M) 0.490ms
[56.949s][info][gc] GC(22) Pause Young (Allocation Failure) 138M->2M(494M) 0.645ms
[59.099s][info][gc] GC(23) Pause Young (Allocation Failure) 138M->2M(494M) 0.744ms
[61.247s][info][gc] GC(24) Pause Young (Allocation Failure) 138M->2M(494M) 1.216ms
[63.383s][info][gc] GC(25) Pause Young (Allocation Failure) 138M->2M(494M) 0.959ms
[65.474s][info][gc] GC(26) Pause Young (Allocation Failure) 138M->1M(494M) 0.130ms
[67.546s][info][gc] GC(27) Pause Young (Allocation Failure) 138M->1M(494M) 0.301ms
[69.674s][info][gc] GC(28) Pause Young (Allocation Failure) 138M->2M(494M) 0.493ms
[71.796s][info][gc] GC(29) Pause Young (Allocation Failure) 138M->2M(494M) 0.701ms
[73.904s][info][gc] GC(30) Pause Young (Allocation Failure) 138M->2M(494M) 0.753ms
[75.977s][info][gc] GC(31) Pause Young (Allocation Failure) 138M->2M(494M) 1.033ms
[78.091s][info][gc] GC(32) Pause Young (Allocation Failure) 138M->2M(494M) 0.892ms
[80.278s][info][gc] GC(33) Pause Young (Allocation Failure) 138M->2M(494M) 0.967ms
[82.582s][info][gc] GC(34) Pause Young (Allocation Failure) 138M->2M(494M) 0.862ms
[84.686s][info][gc] GC(35) Pause Young (Allocation Failure) 138M->1M(494M) 0.175ms
[86.798s][info][gc] GC(36) Pause Young (Allocation Failure) 138M->1M(494M) 0.318ms
[88.928s][info][gc] GC(37) Pause Young (Allocation Failure) 138M->2M(494M) 0.463ms
[91.042s][info][gc] GC(38) Pause Young (Allocation Failure) 138M->2M(494M) 0.438ms
[93.147s][info][gc] GC(39) Pause Young (Allocation Failure) 138M->2M(494M) 0.560ms
[95.238s][info][gc] GC(40) Pause Young (Allocation Failure) 138M->2M(494M) 0.662ms
[97.378s][info][gc] GC(41) Pause Young (Allocation Failure) 138M->2M(494M) 0.708ms
[99.443s][info][gc] GC(42) Pause Young (Allocation Failure) 138M->2M(494M) 1.057ms
[101.656s][info][gc] GC(43) Pause Young (Allocation Failure) 138M->2M(494M) 0.665ms
[103.809s][info][gc] GC(44) Pause Young (Allocation Failure) 138M->2M(494M) 0.851ms
[105.914s][info][gc] GC(45) Pause Young (Allocation Failure) 138M->2M(494M) 0.878ms
[108.063s][info][gc] GC(46) Pause Young (Allocation Failure) 138M->2M(494M) 0.805ms
[110.256s][info][gc] GC(47) Pause Young (Allocation Failure) 138M->2M(494M) 0.915ms
[112.460s][info][gc] GC(48) Pause Young (Allocation Failure) 138M->2M(494M) 1.108ms
[114.510s][info][gc] GC(49) Pause Young (Allocation Failure) 138M->1M(494M) 0.179ms
[116.582s][info][gc] GC(50) Pause Young (Allocation Failure) 138M->1M(494M) 0.406ms
[118.724s][info][gc] GC(51) Pause Young (Allocation Failure) 138M->2M(494M) 0.443ms
[120.901s][info][gc] GC(52) Pause Young (Allocation Failure) 138M->2M(494M) 0.636ms
[123.056s][info][gc] GC(53) Pause Young (Allocation Failure) 138M->2M(494M) 0.756ms
[125.151s][info][gc] GC(54) Pause Young (Allocation Failure) 138M->2M(494M) 0.905ms
[127.320s][info][gc] GC(55) Pause Young (Allocation Failure) 138M->2M(494M) 1.196ms
[129.447s][info][gc] GC(56) Pause Young (Allocation Failure) 138M->2M(494M) 0.973ms
[131.592s][info][gc] GC(57) Pause Young (Allocation Failure) 138M->2M(494M) 1.231ms
[133.747s][info][gc] GC(58) Pause Young (Allocation Failure) 138M->1M(494M) 0.230ms
[135.959s][info][gc] GC(59) Pause Young (Allocation Failure) 138M->1M(494M) 0.333ms
[138.133s][info][gc] GC(60) Pause Young (Allocation Failure) 138M->2M(494M) 0.486ms
[140.331s][info][gc] GC(61) Pause Young (Allocation Failure) 138M->2M(494M) 0.672ms
[142.998s][info][gc] GC(62) Pause Young (Allocation Failure) 138M->2M(494M) 0.710ms
[145.922s][info][gc] GC(63) Pause Young (Allocation Failure) 138M->2M(494M) 0.722ms
[148.212s][info][gc] GC(64) Pause Young (Allocation Failure) 138M->2M(494M) 1.003ms
[150.443s][info][gc] GC(65) Pause Young (Allocation Failure) 138M->2M(494M) 1.076ms
[152.938s][info][gc] GC(66) Pause Young (Allocation Failure) 138M->2M(494M) 0.866ms
[155.840s][info][gc] GC(67) Pause Young (Allocation Failure) 138M->2M(494M) 1.057ms
[158.168s][info][gc] GC(68) Pause Young (Allocation Failure) 138M->2M(494M) 0.947ms
[160.546s][info][gc] GC(69) Pause Young (Allocation Failure) 138M->1M(494M) 0.223ms
[162.945s][info][gc] GC(70) Pause Young (Allocation Failure) 138M->1M(494M) 0.345ms
[165.314s][info][gc] GC(71) Pause Young (Allocation Failure) 138M->2M(494M) 0.506ms
[167.724s][info][gc] GC(72) Pause Young (Allocation Failure) 138M->2M(494M) 0.759ms
[170.065s][info][gc] GC(73) Pause Young (Allocation Failure) 138M->2M(494M) 0.750ms
[172.457s][info][gc] GC(74) Pause Young (Allocation Failure) 138M->2M(494M) 0.898ms
[174.789s][info][gc] GC(75) Pause Young (Allocation Failure) 138M->2M(494M) 0.944ms
[177.116s][info][gc] GC(76) Pause Young (Allocation Failure) 138M->1M(494M) 0.159ms
[179.506s][info][gc] GC(77) Pause Young (Allocation Failure) 138M->1M(494M) 0.280ms
[181.811s][info][gc] GC(78) Pause Young (Allocation Failure) 138M->2M(494M) 0.453ms
[184.172s][info][gc] GC(79) Pause Young (Allocation Failure) 138M->1M(494M) 0.386ms
