[0.003s][info][gc] Using Serial
[212.121s][info][gc] GC(0) Pause Young (Allocation Failure) 273M->3M(989M) 5.654ms
[213.435s][info][gc] GC(1) Pause Young (Allocation Failure) 276M->3M(989M) 5.407ms
[214.764s][info][gc] GC(2) Pause Young (Allocation Failure) 276M->3M(989M) 5.823ms
[216.133s][info][gc] GC(3) Pause Young (Allocation Failure) 276M->2M(989M) 3.550ms
[217.481s][info][gc] GC(4) Pause Young (Allocation Failure) 275M->3M(989M) 4.196ms
[218.799s][info][gc] GC(5) Pause Young (Allocation Failure) 276M->3M(989M) 3.486ms
[220.157s][info][gc] GC(6) Pause Young (Allocation Failure) 276M->3M(989M) 5.128ms
[221.529s][info][gc] GC(7) Pause Young (Allocation Failure) 276M->3M(989M) 4.846ms
[222.902s][info][gc] GC(8) Pause Young (Allocation Failure) 276M->3M(989M) 4.618ms
[224.248s][info][gc] GC(9) Pause Young (Allocation Failure) 276M->3M(989M) 5.215ms
[225.617s][info][gc] GC(10) Pause Young (Allocation Failure) 276M->3M(989M) 4.921ms
[226.965s][info][gc] GC(11) Pause Young (Allocation Failure) 276M->3M(989M) 4.513ms
[228.305s][info][gc] GC(12) Pause Young (Allocation Failure) 276M->3M(989M) 5.927ms
[229.672s][info][gc] GC(13) Pause Young (Allocation Failure) 276M->3M(989M) 4.941ms
[231.048s][info][gc] GC(14) Pause Young (Allocation Failure) 276M->3M(989M) 4.431ms
[232.353s][info][gc] GC(15) Pause Young (Allocation Failure) 276M->3M(989M) 8.204ms
[233.723s][info][gc] GC(16) Pause Young (Allocation Failure) 276M->3M(989M) 2.715ms
[235.042s][info][gc] GC(17) Pause Young (Allocation Failure) 276M->3M(989M) 3.381ms
[236.408s][info][gc] GC(18) Pause Young (Allocation Failure) 276M->3M(989M) 2.661ms
[237.755s][info][gc] GC(19) Pause Young (Allocation Failure) 276M->3M(989M) 3.834ms
[239.102s][info][gc] GC(20) Pause Young (Allocation Failure) 276M->3M(989M) 2.618ms
[240.441s][info][gc] GC(21) Pause Young (Allocation Failure) 276M->3M(989M) 2.638ms
[241.796s][info][gc] GC(22) Pause Young (Allocation Failure) 276M->3M(989M) 2.692ms
[243.122s][info][gc] GC(23) Pause Young (Allocation Failure) 276M->3M(989M) 4.233ms
[244.451s][info][gc] GC(24) Pause Young (Allocation Failure) 276M->3M(989M) 3.025ms
[245.785s][info][gc] GC(25) Pause Young (Allocation Failure) 276M->3M(989M) 5.277ms
[247.146s][info][gc] GC(26) Pause Young (Allocation Failure) 276M->3M(989M) 3.004ms
[248.500s][info][gc] GC(27) Pause Young (Allocation Failure) 276M->3M(989M) 2.585ms
[249.811s][info][gc] GC(28) Pause Young (Allocation Failure) 276M->3M(989M) 2.594ms
[251.181s][info][gc] GC(29) Pause Young (Allocation Failure) 276M->3M(989M) 2.823ms
[252.503s][info][gc] GC(30) Pause Young (Allocation Failure) 276M->3M(989M) 4.173ms
[253.851s][info][gc] GC(31) Pause Young (Allocation Failure) 276M->3M(989M) 3.245ms
[255.192s][info][gc] GC(32) Pause Young (Allocation Failure) 276M->3M(989M) 2.722ms
[256.573s][info][gc] GC(33) Pause Young (Allocation Failure) 276M->3M(989M) 2.995ms
[257.908s][info][gc] GC(34) Pause Young (Allocation Failure) 276M->3M(989M) 2.706ms
[259.255s][info][gc] GC(35) Pause Young (Allocation Failure) 276M->3M(989M) 3.762ms
[260.587s][info][gc] GC(36) Pause Young (Allocation Failure) 276M->3M(989M) 2.714ms
[261.944s][info][gc] GC(37) Pause Young (Allocation Failure) 276M->3M(989M) 2.699ms
[263.303s][info][gc] GC(38) Pause Young (Allocation Failure) 276M->3M(989M) 2.575ms
[264.633s][info][gc] GC(39) Pause Young (Allocation Failure) 276M->3M(989M) 2.741ms
[266.011s][info][gc] GC(40) Pause Young (Allocation Failure) 276M->3M(989M) 2.644ms
[267.334s][info][gc] GC(41) Pause Young (Allocation Failure) 276M->3M(989M) 3.311ms
[268.687s][info][gc] GC(42) Pause Young (Allocation Failure) 276M->3M(989M) 4.531ms
[270.022s][info][gc] GC(43) Pause Young (Allocation Failure) 276M->3M(989M) 2.988ms
[271.389s][info][gc] GC(44) Pause Young (Allocation Failure) 276M->3M(989M) 2.890ms
[272.711s][info][gc] GC(45) Pause Young (Allocation Failure) 276M->3M(989M) 3.627ms
[274.057s][info][gc] GC(46) Pause Young (Allocation Failure) 276M->3M(989M) 2.710ms
[275.378s][info][gc] GC(47) Pause Young (Allocation Failure) 276M->3M(989M) 2.637ms
[276.688s][info][gc] GC(48) Pause Young (Allocation Failure) 276M->3M(989M) 3.884ms
[278.039s][info][gc] GC(49) Pause Young (Allocation Failure) 276M->3M(989M) 2.687ms
[279.357s][info][gc] GC(50) Pause Young (Allocation Failure) 276M->3M(989M) 2.575ms
[280.691s][info][gc] GC(51) Pause Young (Allocation Failure) 276M->3M(989M) 2.682ms
[282.029s][info][gc] GC(52) Pause Young (Allocation Failure) 276M->3M(989M) 2.605ms
[283.410s][info][gc] GC(53) Pause Young (Allocation Failure) 276M->3M(989M) 3.080ms
[284.727s][info][gc] GC(54) Pause Young (Allocation Failure) 276M->3M(989M) 2.904ms
[286.108s][info][gc] GC(55) Pause Young (Allocation Failure) 276M->3M(989M) 3.365ms
[287.445s][info][gc] GC(56) Pause Young (Allocation Failure) 276M->3M(989M) 2.757ms
[288.782s][info][gc] GC(57) Pause Young (Allocation Failure) 276M->3M(989M) 2.558ms
[290.124s][info][gc] GC(58) Pause Young (Allocation Failure) 276M->3M(989M) 3.092ms
[291.443s][info][gc] GC(59) Pause Young (Allocation Failure) 276M->3M(989M) 4.092ms
[292.822s][info][gc] GC(60) Pause Young (Allocation Failure) 276M->3M(989M) 2.542ms
[294.123s][info][gc] GC(61) Pause Young (Allocation Failure) 276M->3M(989M) 3.017ms
[295.494s][info][gc] GC(62) Pause Young (Allocation Failure) 276M->3M(989M) 2.640ms
[296.824s][info][gc] GC(63) Pause Young (Allocation Failure) 276M->3M(989M) 3.003ms
[298.143s][info][gc] GC(64) Pause Young (Allocation Failure) 276M->3M(989M) 3.628ms
[299.466s][info][gc] GC(65) Pause Young (Allocation Failure) 276M->3M(989M) 4.485ms
[300.853s][info][gc] GC(66) Pause Young (Allocation Failure) 276M->3M(989M) 3.867ms
[302.181s][info][gc] GC(67) Pause Young (Allocation Failure) 276M->3M(989M) 4.023ms
[303.513s][info][gc] GC(68) Pause Young (Allocation Failure) 276M->3M(989M) 2.593ms
[304.839s][info][gc] GC(69) Pause Young (Allocation Failure) 276M->3M(989M) 3.273ms
[306.226s][info][gc] GC(70) Pause Young (Allocation Failure) 276M->3M(989M) 3.750ms
[307.599s][info][gc] GC(71) Pause Young (Allocation Failure) 276M->3M(989M) 2.635ms
[308.920s][info][gc] GC(72) Pause Young (Allocation Failure) 276M->3M(989M) 3.589ms
[310.272s][info][gc] GC(73) Pause Young (Allocation Failure) 276M->3M(989M) 2.885ms
[311.589s][info][gc] GC(74) Pause Young (Allocation Failure) 276M->3M(989M) 3.099ms
[312.941s][info][gc] GC(75) Pause Young (Allocation Failure) 276M->3M(989M) 3.114ms
[314.269s][info][gc] GC(76) Pause Young (Allocation Failure) 276M->3M(989M) 2.608ms
[315.628s][info][gc] GC(77) Pause Young (Allocation Failure) 276M->3M(989M) 3.629ms
[316.971s][info][gc] GC(78) Pause Young (Allocation Failure) 276M->3M(989M) 2.572ms
[318.329s][info][gc] GC(79) Pause Young (Allocation Failure) 276M->3M(989M) 2.512ms
[319.634s][info][gc] GC(80) Pause Young (Allocation Failure) 276M->3M(989M) 3.129ms
[320.934s][info][gc] GC(81) Pause Young (Allocation Failure) 276M->3M(989M) 3.604ms
[322.281s][info][gc] GC(82) Pause Young (Allocation Failure) 276M->3M(989M) 2.660ms
[323.562s][info][gc] GC(83) Pause Young (Allocation Failure) 276M->3M(989M) 2.997ms
[324.852s][info][gc] GC(84) Pause Young (Allocation Failure) 276M->3M(989M) 2.680ms
[326.157s][info][gc] GC(85) Pause Young (Allocation Failure) 276M->3M(989M) 2.826ms
[327.458s][info][gc] GC(86) Pause Young (Allocation Failure) 276M->3M(989M) 2.573ms
[328.731s][info][gc] GC(87) Pause Young (Allocation Failure) 276M->3M(989M) 3.120ms
[330.039s][info][gc] GC(88) Pause Young (Allocation Failure) 276M->3M(989M) 2.715ms
[331.339s][info][gc] GC(89) Pause Young (Allocation Failure) 276M->3M(989M) 2.943ms
[332.643s][info][gc] GC(90) Pause Young (Allocation Failure) 276M->3M(989M) 2.712ms
[333.935s][info][gc] GC(91) Pause Young (Allocation Failure) 276M->3M(989M) 3.043ms
[335.213s][info][gc] GC(92) Pause Young (Allocation Failure) 276M->3M(989M) 3.109ms
[336.511s][info][gc] GC(93) Pause Young (Allocation Failure) 276M->3M(989M) 3.564ms
[337.789s][info][gc] GC(94) Pause Young (Allocation Failure) 276M->3M(989M) 2.921ms
[339.078s][info][gc] GC(95) Pause Young (Allocation Failure) 276M->3M(989M) 3.382ms
[340.364s][info][gc] GC(96) Pause Young (Allocation Failure) 276M->3M(989M) 2.677ms
[341.681s][info][gc] GC(97) Pause Young (Allocation Failure) 276M->3M(989M) 2.895ms
[343.067s][info][gc] GC(98) Pause Young (Allocation Failure) 276M->3M(989M) 2.672ms
[344.398s][info][gc] GC(99) Pause Young (Allocation Failure) 276M->3M(989M) 3.421ms
[345.806s][info][gc] GC(100) Pause Young (Allocation Failure) 276M->3M(989M) 3.696ms
[347.201s][info][gc] GC(101) Pause Young (Allocation Failure) 276M->3M(989M) 2.658ms
[348.509s][info][gc] GC(102) Pause Young (Allocation Failure) 276M->3M(989M) 3.065ms
[349.851s][info][gc] GC(103) Pause Young (Allocation Failure) 276M->3M(989M) 2.760ms
[351.167s][info][gc] GC(104) Pause Young (Allocation Failure) 276M->3M(989M) 3.096ms
[352.538s][info][gc] GC(105) Pause Young (Allocation Failure) 276M->3M(989M) 2.793ms
[353.857s][info][gc] GC(106) Pause Young (Allocation Failure) 276M->3M(989M) 2.859ms
[355.191s][info][gc] GC(107) Pause Young (Allocation Failure) 276M->3M(989M) 4.213ms
[356.522s][info][gc] GC(108) Pause Young (Allocation Failure) 276M->3M(989M) 2.609ms
[357.866s][info][gc] GC(109) Pause Young (Allocation Failure) 276M->3M(989M) 3.535ms
[359.185s][info][gc] GC(110) Pause Young (Allocation Failure) 276M->3M(989M) 3.090ms
[360.499s][info][gc] GC(111) Pause Young (Allocation Failure) 276M->3M(989M) 3.953ms
[361.870s][info][gc] GC(112) Pause Young (Allocation Failure) 276M->3M(989M) 2.642ms
[363.162s][info][gc] GC(113) Pause Young (Allocation Failure) 276M->3M(989M) 2.444ms
[364.527s][info][gc] GC(114) Pause Young (Allocation Failure) 276M->3M(989M) 2.905ms
[365.832s][info][gc] GC(115) Pause Young (Allocation Failure) 276M->3M(989M) 2.701ms
[367.220s][info][gc] GC(116) Pause Young (Allocation Failure) 276M->3M(989M) 3.022ms
[368.543s][info][gc] GC(117) Pause Young (Allocation Failure) 276M->3M(989M) 2.743ms
[369.842s][info][gc] GC(118) Pause Young (Allocation Failure) 276M->3M(989M) 3.430ms
[371.162s][info][gc] GC(119) Pause Young (Allocation Failure) 276M->3M(989M) 2.905ms
[372.510s][info][gc] GC(120) Pause Young (Allocation Failure) 276M->3M(989M) 2.725ms
[373.852s][info][gc] GC(121) Pause Young (Allocation Failure) 276M->3M(989M) 2.843ms
[375.171s][info][gc] GC(122) Pause Young (Allocation Failure) 276M->3M(989M) 2.656ms
[376.499s][info][gc] GC(123) Pause Young (Allocation Failure) 276M->3M(989M) 2.665ms
[377.834s][info][gc] GC(124) Pause Young (Allocation Failure) 276M->3M(989M) 2.568ms
[379.225s][info][gc] GC(125) Pause Young (Allocation Failure) 276M->3M(989M) 2.641ms
[380.531s][info][gc] GC(126) Pause Young (Allocation Failure) 276M->3M(989M) 3.128ms
[381.895s][info][gc] GC(127) Pause Young (Allocation Failure) 276M->3M(989M) 2.593ms
[383.218s][info][gc] GC(128) Pause Young (Allocation Failure) 276M->3M(989M) 3.490ms
[384.605s][info][gc] GC(129) Pause Young (Allocation Failure) 276M->3M(989M) 2.609ms
[385.921s][info][gc] GC(130) Pause Young (Allocation Failure) 276M->3M(989M) 2.837ms
[387.278s][info][gc] GC(131) Pause Young (Allocation Failure) 276M->3M(989M) 2.651ms
[388.633s][info][gc] GC(132) Pause Young (Allocation Failure) 276M->3M(989M) 2.630ms
[390.000s][info][gc] GC(133) Pause Young (Allocation Failure) 276M->3M(989M) 3.494ms
[391.350s][info][gc] GC(134) Pause Young (Allocation Failure) 276M->3M(989M) 2.614ms
[392.717s][info][gc] GC(135) Pause Young (Allocation Failure) 276M->3M(989M) 3.351ms
[394.063s][info][gc] GC(136) Pause Young (Allocation Failure) 276M->3M(989M) 2.698ms
[395.398s][info][gc] GC(137) Pause Young (Allocation Failure) 276M->3M(989M) 2.641ms
[396.766s][info][gc] GC(138) Pause Young (Allocation Failure) 276M->3M(989M) 2.645ms
[398.107s][info][gc] GC(139) Pause Young (Allocation Failure) 276M->3M(989M) 2.740ms
[399.455s][info][gc] GC(140) Pause Young (Allocation Failure) 276M->3M(989M) 2.876ms
[400.758s][info][gc] GC(141) Pause Young (Allocation Failure) 276M->3M(989M) 3.006ms
