[0.005s][info][gc] Using Serial
[15.555s][info][gc] GC(0) Pause Young (Allocation Failure) 409M->2M(972M) 5.400ms
[16.259s][info][gc] GC(1) Pause Full (JvmtiEnv ForceGarbageCollection) 156M->2M(972M) 31.402ms
[18.228s][info][gc] GC(2) Pause Young (Allocation Failure) 412M->3M(972M) 1.927ms
[18.727s][info][gc] GC(3) Pause Full (JvmtiEnv ForceGarbageCollection) 114M->2M(972M) 24.805ms
[20.699s][info][gc] GC(4) Pause Young (Allocation Failure) 412M->3M(972M) 1.430ms
[21.235s][info][gc] GC(5) Pause Full (JvmtiEnv ForceGarbageCollection) 112M->2M(972M) 38.608ms
[23.267s][info][gc] GC(6) Pause Young (Allocation Failure) 412M->3M(972M) 2.100ms
[23.759s][info][gc] GC(7) Pause Full (JvmtiEnv ForceGarbageCollection) 105M->2M(972M) 25.080ms
[25.788s][info][gc] GC(8) Pause Young (Allocation Failure) 412M->4M(972M) 2.821ms
[26.275s][info][gc] GC(9) Pause Full (JvmtiEnv ForceGarbageCollection) 105M->2M(972M) 27.068ms
[28.301s][info][gc] GC(10) Pause Young (Allocation Failure) 412M->4M(972M) 2.862ms
[28.814s][info][gc] GC(11) Pause Full (JvmtiEnv ForceGarbageCollection) 96M->2M(972M) 23.932ms
[30.827s][info][gc] GC(12) Pause Young (Allocation Failure) 412M->3M(972M) 1.226ms
[31.317s][info][gc] GC(13) Pause Full (JvmtiEnv ForceGarbageCollection) 103M->2M(972M) 32.330ms
[33.352s][info][gc] GC(14) Pause Young (Allocation Failure) 412M->2M(972M) 0.218ms
[33.840s][info][gc] GC(15) Pause Full (JvmtiEnv ForceGarbageCollection) 93M->2M(972M) 23.893ms
[35.878s][info][gc] GC(16) Pause Young (Allocation Failure) 412M->2M(972M) 0.488ms
[36.341s][info][gc] GC(17) Pause Full (JvmtiEnv ForceGarbageCollection) 94M->2M(972M) 26.222ms
[38.435s][info][gc] GC(18) Pause Young (Allocation Failure) 412M->3M(972M) 0.918ms
[38.921s][info][gc] GC(19) Pause Full (JvmtiEnv ForceGarbageCollection) 94M->2M(972M) 20.685ms
[40.892s][info][gc] GC(20) Pause Young (Allocation Failure) 412M->4M(972M) 3.014ms
[41.373s][info][gc] GC(21) Pause Full (JvmtiEnv ForceGarbageCollection) 97M->2M(972M) 27.359ms
[43.446s][info][gc] GC(22) Pause Young (Allocation Failure) 412M->3M(972M) 0.709ms
[43.959s][info][gc] GC(23) Pause Full (JvmtiEnv ForceGarbageCollection) 96M->2M(972M) 22.909ms
[45.982s][info][gc] GC(24) Pause Young (Allocation Failure) 412M->4M(972M) 2.471ms
[46.501s][info][gc] GC(25) Pause Full (JvmtiEnv ForceGarbageCollection) 96M->2M(972M) 27.053ms
[48.548s][info][gc] GC(26) Pause Young (Allocation Failure) 412M->2M(972M) 0.612ms
[49.027s][info][gc] GC(27) Pause Full (JvmtiEnv ForceGarbageCollection) 96M->2M(972M) 26.730ms
[51.019s][info][gc] GC(28) Pause Young (Allocation Failure) 412M->4M(972M) 2.286ms
[51.485s][info][gc] GC(29) Pause Full (JvmtiEnv ForceGarbageCollection) 96M->2M(972M) 24.624ms
[53.558s][info][gc] GC(30) Pause Young (Allocation Failure) 412M->3M(972M) 0.802ms
[54.026s][info][gc] GC(31) Pause Full (JvmtiEnv ForceGarbageCollection) 94M->2M(972M) 21.179ms
[56.045s][info][gc] GC(32) Pause Young (Allocation Failure) 412M->5M(972M) 5.497ms
[56.536s][info][gc] GC(33) Pause Full (JvmtiEnv ForceGarbageCollection) 96M->2M(972M) 23.579ms
[58.567s][info][gc] GC(34) Pause Young (Allocation Failure) 412M->3M(972M) 0.702ms
[59.068s][info][gc] GC(35) Pause Full (JvmtiEnv ForceGarbageCollection) 95M->2M(972M) 24.784ms
[61.086s][info][gc] GC(36) Pause Young (Allocation Failure) 412M->5M(972M) 3.881ms
[61.569s][info][gc] GC(37) Pause Full (JvmtiEnv ForceGarbageCollection) 96M->2M(972M) 22.905ms
[63.625s][info][gc] GC(38) Pause Young (Allocation Failure) 412M->3M(972M) 0.726ms
[64.086s][info][gc] GC(39) Pause Full (JvmtiEnv ForceGarbageCollection) 96M->2M(972M) 24.075ms
[66.151s][info][gc] GC(40) Pause Young (Allocation Failure) 412M->2M(972M) 0.250ms
[66.632s][info][gc] GC(41) Pause Full (JvmtiEnv ForceGarbageCollection) 95M->2M(972M) 20.760ms
[68.683s][info][gc] GC(42) Pause Young (Allocation Failure) 412M->2M(972M) 0.252ms
[69.146s][info][gc] GC(43) Pause Full (JvmtiEnv ForceGarbageCollection) 95M->2M(972M) 23.865ms
[71.126s][info][gc] GC(44) Pause Young (Allocation Failure) 412M->4M(972M) 2.871ms
[71.574s][info][gc] GC(45) Pause Full (JvmtiEnv ForceGarbageCollection) 97M->2M(972M) 23.413ms
[73.658s][info][gc] GC(46) Pause Young (Allocation Failure) 412M->2M(972M) 0.260ms
[74.109s][info][gc] GC(47) Pause Full (JvmtiEnv ForceGarbageCollection) 95M->2M(972M) 25.393ms
[76.269s][info][gc] GC(48) Pause Young (Allocation Failure) 412M->2M(972M) 0.251ms
[76.755s][info][gc] GC(49) Pause Full (JvmtiEnv ForceGarbageCollection) 95M->2M(972M) 24.607ms
[78.947s][info][gc] GC(50) Pause Young (Allocation Failure) 412M->2M(972M) 0.250ms
[79.399s][info][gc] GC(51) Pause Full (JvmtiEnv ForceGarbageCollection) 95M->2M(972M) 24.111ms
[81.500s][info][gc] GC(52) Pause Young (Allocation Failure) 412M->5M(972M) 4.722ms
[81.954s][info][gc] GC(53) Pause Full (JvmtiEnv ForceGarbageCollection) 97M->2M(972M) 23.842ms
[84.117s][info][gc] GC(54) Pause Young (Allocation Failure) 412M->2M(972M) 0.252ms
[84.550s][info][gc] GC(55) Pause Full (JvmtiEnv ForceGarbageCollection) 95M->2M(972M) 26.012ms
[86.660s][info][gc] GC(56) Pause Young (Allocation Failure) 412M->2M(972M) 0.264ms
[87.083s][info][gc] GC(57) Pause Full (JvmtiEnv ForceGarbageCollection) 95M->2M(972M) 22.751ms
[89.191s][info][gc] GC(58) Pause Young (Allocation Failure) 412M->2M(972M) 0.318ms
[89.634s][info][gc] GC(59) Pause Full (JvmtiEnv ForceGarbageCollection) 95M->2M(972M) 25.166ms
[91.725s][info][gc] GC(60) Pause Young (Allocation Failure) 412M->5M(972M) 3.829ms
[92.205s][info][gc] GC(61) Pause Full (JvmtiEnv ForceGarbageCollection) 96M->2M(972M) 24.235ms
[94.306s][info][gc] GC(62) Pause Young (Allocation Failure) 412M->2M(972M) 0.310ms
[94.757s][info][gc] GC(63) Pause Full (JvmtiEnv ForceGarbageCollection) 95M->2M(972M) 23.353ms
[96.875s][info][gc] GC(64) Pause Young (Allocation Failure) 412M->2M(972M) 0.253ms
[97.322s][info][gc] GC(65) Pause Full (JvmtiEnv ForceGarbageCollection) 95M->2M(972M) 21.655ms
[99.412s][info][gc] GC(66) Pause Young (Allocation Failure) 412M->2M(972M) 0.269ms
[99.864s][info][gc] GC(67) Pause Full (JvmtiEnv ForceGarbageCollection) 95M->2M(972M) 25.077ms
[101.892s][info][gc] GC(68) Pause Young (Allocation Failure) 412M->5M(972M) 5.126ms
[102.361s][info][gc] GC(69) Pause Full (JvmtiEnv ForceGarbageCollection) 96M->2M(972M) 24.558ms
[104.453s][info][gc] GC(70) Pause Young (Allocation Failure) 412M->2M(972M) 0.271ms
[104.905s][info][gc] GC(71) Pause Full (JvmtiEnv ForceGarbageCollection) 95M->2M(972M) 25.810ms
[106.977s][info][gc] GC(72) Pause Young (Allocation Failure) 412M->2M(972M) 0.324ms
[107.433s][info][gc] GC(73) Pause Full (JvmtiEnv ForceGarbageCollection) 95M->2M(972M) 25.017ms
[109.538s][info][gc] GC(74) Pause Young (Allocation Failure) 412M->2M(972M) 0.311ms
[109.981s][info][gc] GC(75) Pause Full (JvmtiEnv ForceGarbageCollection) 95M->2M(972M) 23.175ms
[112.042s][info][gc] GC(76) Pause Young (Allocation Failure) 412M->2M(972M) 0.240ms
[112.479s][info][gc] GC(77) Pause Full (JvmtiEnv ForceGarbageCollection) 95M->2M(972M) 25.633ms
[114.554s][info][gc] GC(78) Pause Young (Allocation Failure) 412M->2M(972M) 0.279ms
[114.994s][info][gc] GC(79) Pause Full (JvmtiEnv ForceGarbageCollection) 95M->2M(972M) 26.471ms
[117.048s][info][gc] GC(80) Pause Young (Allocation Failure) 412M->4M(972M) 3.108ms
[117.510s][info][gc] GC(81) Pause Full (JvmtiEnv ForceGarbageCollection) 97M->2M(972M) 22.853ms
[119.601s][info][gc] GC(82) Pause Young (Allocation Failure) 412M->2M(972M) 0.263ms
[120.062s][info][gc] GC(83) Pause Full (JvmtiEnv ForceGarbageCollection) 95M->2M(972M) 25.345ms
[122.111s][info][gc] GC(84) Pause Young (Allocation Failure) 412M->2M(972M) 0.263ms
[122.614s][info][gc] GC(85) Pause Full (JvmtiEnv ForceGarbageCollection) 95M->2M(972M) 21.577ms
[124.606s][info][gc] GC(86) Pause Young (Allocation Failure) 412M->2M(972M) 0.252ms
[125.083s][info][gc] GC(87) Pause Full (JvmtiEnv ForceGarbageCollection) 95M->2M(972M) 26.759ms
[127.031s][info][gc] GC(88) Pause Young (Allocation Failure) 412M->2M(972M) 0.268ms
[127.509s][info][gc] GC(89) Pause Full (JvmtiEnv ForceGarbageCollection) 95M->2M(972M) 29.380ms
[129.503s][info][gc] GC(90) Pause Young (Allocation Failure) 412M->2M(972M) 0.254ms
[129.947s][info][gc] GC(91) Pause Full (JvmtiEnv ForceGarbageCollection) 95M->2M(972M) 43.388ms
[131.911s][info][gc] GC(92) Pause Young (Allocation Failure) 412M->2M(972M) 0.226ms
[132.321s][info][gc] GC(93) Pause Full (JvmtiEnv ForceGarbageCollection) 95M->2M(972M) 27.654ms
[134.317s][info][gc] GC(94) Pause Young (Allocation Failure) 412M->2M(972M) 0.265ms
[134.747s][info][gc] GC(95) Pause Full (JvmtiEnv ForceGarbageCollection) 95M->2M(972M) 21.206ms
[136.741s][info][gc] GC(96) Pause Young (Allocation Failure) 412M->2M(972M) 0.271ms
[137.180s][info][gc] GC(97) Pause Full (JvmtiEnv ForceGarbageCollection) 95M->2M(972M) 24.224ms
[139.193s][info][gc] GC(98) Pause Young (Allocation Failure) 412M->2M(972M) 0.277ms
[139.630s][info][gc] GC(99) Pause Full (JvmtiEnv ForceGarbageCollection) 95M->2M(972M) 22.944ms
[141.620s][info][gc] GC(100) Pause Young (Allocation Failure) 412M->2M(972M) 0.295ms
[142.056s][info][gc] GC(101) Pause Full (JvmtiEnv ForceGarbageCollection) 95M->2M(972M) 25.319ms
[144.133s][info][gc] GC(102) Pause Young (Allocation Failure) 412M->2M(972M) 0.255ms
[144.593s][info][gc] GC(103) Pause Full (JvmtiEnv ForceGarbageCollection) 95M->2M(972M) 20.850ms
[146.569s][info][gc] GC(104) Pause Young (Allocation Failure) 412M->5M(972M) 4.682ms
[147.028s][info][gc] GC(105) Pause Full (JvmtiEnv ForceGarbageCollection) 97M->2M(972M) 25.478ms
[149.081s][info][gc] GC(106) Pause Young (Allocation Failure) 412M->2M(972M) 0.291ms
[149.533s][info][gc] GC(107) Pause Full (JvmtiEnv ForceGarbageCollection) 95M->2M(972M) 24.399ms
[151.566s][info][gc] GC(108) Pause Young (Allocation Failure) 412M->2M(972M) 0.255ms
[152.001s][info][gc] GC(109) Pause Full (JvmtiEnv ForceGarbageCollection) 95M->2M(972M) 22.573ms
[154.081s][info][gc] GC(110) Pause Young (Allocation Failure) 412M->2M(972M) 0.269ms
[154.536s][info][gc] GC(111) Pause Full (JvmtiEnv ForceGarbageCollection) 95M->2M(972M) 25.686ms
[156.598s][info][gc] GC(112) Pause Young (Allocation Failure) 412M->2M(972M) 0.273ms
[157.039s][info][gc] GC(113) Pause Full (JvmtiEnv ForceGarbageCollection) 95M->2M(972M) 24.121ms
[159.118s][info][gc] GC(114) Pause Young (Allocation Failure) 412M->2M(972M) 0.339ms
[159.571s][info][gc] GC(115) Pause Full (JvmtiEnv ForceGarbageCollection) 95M->2M(972M) 22.328ms
[161.612s][info][gc] GC(116) Pause Young (Allocation Failure) 412M->2M(972M) 0.257ms
[162.058s][info][gc] GC(117) Pause Full (JvmtiEnv ForceGarbageCollection) 95M->2M(972M) 25.093ms
[164.110s][info][gc] GC(118) Pause Young (Allocation Failure) 412M->2M(972M) 0.288ms
[164.573s][info][gc] GC(119) Pause Full (JvmtiEnv ForceGarbageCollection) 95M->2M(972M) 23.460ms
[166.592s][info][gc] GC(120) Pause Young (Allocation Failure) 412M->2M(972M) 0.270ms
[167.089s][info][gc] GC(121) Pause Full (JvmtiEnv ForceGarbageCollection) 95M->2M(972M) 25.507ms
[169.109s][info][gc] GC(122) Pause Young (Allocation Failure) 412M->2M(972M) 0.305ms
[169.608s][info][gc] GC(123) Pause Full (JvmtiEnv ForceGarbageCollection) 95M->2M(972M) 28.146ms
[171.621s][info][gc] GC(124) Pause Young (Allocation Failure) 412M->2M(972M) 0.264ms
[172.087s][info][gc] GC(125) Pause Full (JvmtiEnv ForceGarbageCollection) 95M->2M(972M) 22.702ms
[174.098s][info][gc] GC(126) Pause Young (Allocation Failure) 412M->2M(972M) 0.313ms
[174.596s][info][gc] GC(127) Pause Full (JvmtiEnv ForceGarbageCollection) 95M->2M(972M) 27.492ms
[176.628s][info][gc] GC(128) Pause Young (Allocation Failure) 412M->2M(972M) 0.284ms
[177.111s][info][gc] GC(129) Pause Full (JvmtiEnv ForceGarbageCollection) 95M->2M(972M) 29.193ms
[179.142s][info][gc] GC(130) Pause Young (Allocation Failure) 412M->2M(972M) 0.272ms
[179.620s][info][gc] GC(131) Pause Full (JvmtiEnv ForceGarbageCollection) 95M->2M(972M) 22.223ms
[181.722s][info][gc] GC(132) Pause Young (Allocation Failure) 412M->2M(972M) 0.277ms
[182.171s][info][gc] GC(133) Pause Full (JvmtiEnv ForceGarbageCollection) 95M->2M(972M) 25.408ms
[184.251s][info][gc] GC(134) Pause Young (Allocation Failure) 412M->2M(972M) 0.288ms
[184.699s][info][gc] GC(135) Pause Full (JvmtiEnv ForceGarbageCollection) 95M->2M(972M) 24.243ms
[186.771s][info][gc] GC(136) Pause Young (Allocation Failure) 412M->2M(972M) 0.284ms
[187.213s][info][gc] GC(137) Pause Full (JvmtiEnv ForceGarbageCollection) 95M->2M(972M) 24.261ms
[189.271s][info][gc] GC(138) Pause Young (Allocation Failure) 412M->2M(972M) 0.268ms
[189.714s][info][gc] GC(139) Pause Full (JvmtiEnv ForceGarbageCollection) 95M->2M(972M) 22.280ms
[191.779s][info][gc] GC(140) Pause Young (Allocation Failure) 412M->2M(972M) 0.271ms
[192.203s][info][gc] GC(141) Pause Full (JvmtiEnv ForceGarbageCollection) 95M->2M(972M) 24.472ms
[194.300s][info][gc] GC(142) Pause Young (Allocation Failure) 412M->2M(972M) 0.271ms
[194.735s][info][gc] GC(143) Pause Full (JvmtiEnv ForceGarbageCollection) 95M->2M(972M) 24.504ms
[196.777s][info][gc] GC(144) Pause Young (Allocation Failure) 412M->2M(972M) 0.301ms
[197.227s][info][gc] GC(145) Pause Full (JvmtiEnv ForceGarbageCollection) 95M->2M(972M) 21.269ms
[199.272s][info][gc] GC(146) Pause Young (Allocation Failure) 412M->2M(972M) 0.313ms
[199.735s][info][gc] GC(147) Pause Full (JvmtiEnv ForceGarbageCollection) 95M->2M(972M) 22.537ms
[201.847s][info][gc] GC(148) Pause Young (Allocation Failure) 412M->2M(972M) 0.262ms
[202.267s][info][gc] GC(149) Pause Full (JvmtiEnv ForceGarbageCollection) 95M->2M(972M) 28.090ms
[204.297s][info][gc] GC(150) Pause Young (Allocation Failure) 412M->2M(972M) 0.305ms
[204.747s][info][gc] GC(151) Pause Full (JvmtiEnv ForceGarbageCollection) 95M->2M(972M) 23.186ms
