[0.004s][info][gc] Using Serial
[15.467s][info][gc] GC(0) Pause Full (JvmtiEnv ForceGarbageCollection) 170M->2M(486M) 31.686ms
[17.811s][info][gc] GC(1) Pause Full (JvmtiEnv ForceGarbageCollection) 155M->2M(486M) 27.691ms
[20.190s][info][gc] GC(2) Pause Full (JvmtiEnv ForceGarbageCollection) 149M->2M(486M) 31.041ms
[22.553s][info][gc] GC(3) Pause Full (JvmtiEnv ForceGarbageCollection) 150M->2M(486M) 28.791ms
[24.922s][info][gc] GC(4) Pause Full (JvmtiEnv ForceGarbageCollection) 148M->2M(486M) 30.773ms
[27.222s][info][gc] GC(5) Pause Full (JvmtiEnv ForceGarbageCollection) 147M->2M(486M) 29.840ms
[29.569s][info][gc] GC(6) Pause Full (JvmtiEnv ForceGarbageCollection) 143M->2M(486M) 31.582ms
[31.915s][info][gc] GC(7) Pause Full (JvmtiEnv ForceGarbageCollection) 146M->2M(486M) 28.100ms
[34.271s][info][gc] GC(8) Pause Full (JvmtiEnv ForceGarbageCollection) 143M->2M(486M) 31.020ms
[36.592s][info][gc] GC(9) Pause Full (JvmtiEnv ForceGarbageCollection) 144M->2M(486M) 28.495ms
[39.005s][info][gc] GC(10) Pause Full (JvmtiEnv ForceGarbageCollection) 145M->2M(486M) 31.697ms
[41.377s][info][gc] GC(11) Pause Full (JvmtiEnv ForceGarbageCollection) 147M->2M(486M) 31.327ms
[43.748s][info][gc] GC(12) Pause Full (JvmtiEnv ForceGarbageCollection) 145M->2M(486M) 31.066ms
[46.137s][info][gc] GC(13) Pause Full (JvmtiEnv ForceGarbageCollection) 144M->2M(486M) 31.368ms
[48.478s][info][gc] GC(14) Pause Full (JvmtiEnv ForceGarbageCollection) 145M->2M(486M) 27.236ms
[50.823s][info][gc] GC(15) Pause Full (JvmtiEnv ForceGarbageCollection) 146M->2M(486M) 30.371ms
[53.165s][info][gc] GC(16) Pause Full (JvmtiEnv ForceGarbageCollection) 145M->2M(486M) 30.618ms
[55.521s][info][gc] GC(17) Pause Full (JvmtiEnv ForceGarbageCollection) 143M->2M(486M) 30.054ms
[57.864s][info][gc] GC(18) Pause Full (JvmtiEnv ForceGarbageCollection) 144M->2M(486M) 28.986ms
[60.218s][info][gc] GC(19) Pause Full (JvmtiEnv ForceGarbageCollection) 146M->2M(486M) 32.508ms
[62.524s][info][gc] GC(20) Pause Full (JvmtiEnv ForceGarbageCollection) 146M->2M(486M) 27.968ms
[64.902s][info][gc] GC(21) Pause Full (JvmtiEnv ForceGarbageCollection) 143M->2M(486M) 29.916ms
[67.285s][info][gc] GC(22) Pause Full (JvmtiEnv ForceGarbageCollection) 145M->2M(486M) 29.827ms
[69.811s][info][gc] GC(23) Pause Full (JvmtiEnv ForceGarbageCollection) 145M->2M(486M) 29.170ms
[72.207s][info][gc] GC(24) Pause Full (JvmtiEnv ForceGarbageCollection) 145M->2M(486M) 30.720ms
[74.577s][info][gc] GC(25) Pause Full (JvmtiEnv ForceGarbageCollection) 144M->2M(486M) 32.368ms
[76.920s][info][gc] GC(26) Pause Full (JvmtiEnv ForceGarbageCollection) 146M->2M(486M) 28.625ms
[79.326s][info][gc] GC(27) Pause Full (JvmtiEnv ForceGarbageCollection) 145M->2M(486M) 30.041ms
[81.719s][info][gc] GC(28) Pause Full (JvmtiEnv ForceGarbageCollection) 144M->2M(486M) 31.468ms
[84.083s][info][gc] GC(29) Pause Full (JvmtiEnv ForceGarbageCollection) 145M->2M(486M) 28.524ms
[86.488s][info][gc] GC(30) Pause Full (JvmtiEnv ForceGarbageCollection) 146M->2M(486M) 38.021ms
[88.808s][info][gc] GC(31) Pause Full (JvmtiEnv ForceGarbageCollection) 145M->2M(486M) 28.331ms
[91.175s][info][gc] GC(32) Pause Full (JvmtiEnv ForceGarbageCollection) 145M->2M(486M) 29.052ms
[93.539s][info][gc] GC(33) Pause Full (JvmtiEnv ForceGarbageCollection) 145M->2M(486M) 31.381ms
[95.857s][info][gc] GC(34) Pause Full (JvmtiEnv ForceGarbageCollection) 145M->2M(486M) 30.314ms
[98.239s][info][gc] GC(35) Pause Full (JvmtiEnv ForceGarbageCollection) 145M->2M(486M) 30.724ms
[100.551s][info][gc] GC(36) Pause Full (JvmtiEnv ForceGarbageCollection) 145M->2M(486M) 29.856ms
[102.901s][info][gc] GC(37) Pause Full (JvmtiEnv ForceGarbageCollection) 145M->2M(486M) 27.634ms
[105.294s][info][gc] GC(38) Pause Full (JvmtiEnv ForceGarbageCollection) 145M->2M(486M) 29.300ms
[107.664s][info][gc] GC(39) Pause Full (JvmtiEnv ForceGarbageCollection) 145M->2M(486M) 31.368ms
[110.033s][info][gc] GC(40) Pause Full (JvmtiEnv ForceGarbageCollection) 145M->2M(486M) 32.407ms
[112.394s][info][gc] GC(41) Pause Full (JvmtiEnv ForceGarbageCollection) 145M->2M(486M) 26.891ms
[114.743s][info][gc] GC(42) Pause Full (JvmtiEnv ForceGarbageCollection) 145M->2M(486M) 28.060ms
[117.118s][info][gc] GC(43) Pause Full (JvmtiEnv ForceGarbageCollection) 145M->2M(486M) 29.665ms
[119.488s][info][gc] GC(44) Pause Full (JvmtiEnv ForceGarbageCollection) 145M->2M(486M) 29.427ms
[121.780s][info][gc] GC(45) Pause Full (JvmtiEnv ForceGarbageCollection) 145M->2M(486M) 29.632ms
[124.137s][info][gc] GC(46) Pause Full (JvmtiEnv ForceGarbageCollection) 145M->2M(486M) 31.297ms
[126.535s][info][gc] GC(47) Pause Full (JvmtiEnv ForceGarbageCollection) 145M->2M(486M) 28.769ms
[128.898s][info][gc] GC(48) Pause Full (JvmtiEnv ForceGarbageCollection) 145M->2M(486M) 31.535ms
[131.242s][info][gc] GC(49) Pause Full (JvmtiEnv ForceGarbageCollection) 145M->2M(486M) 30.766ms
[133.597s][info][gc] GC(50) Pause Full (JvmtiEnv ForceGarbageCollection) 145M->2M(486M) 28.019ms
[135.926s][info][gc] GC(51) Pause Full (JvmtiEnv ForceGarbageCollection) 145M->2M(486M) 27.313ms
[138.243s][info][gc] GC(52) Pause Full (JvmtiEnv ForceGarbageCollection) 145M->2M(486M) 30.451ms
[140.614s][info][gc] GC(53) Pause Full (JvmtiEnv ForceGarbageCollection) 145M->2M(486M) 27.387ms
[142.964s][info][gc] GC(54) Pause Full (JvmtiEnv ForceGarbageCollection) 145M->2M(486M) 28.211ms
[145.325s][info][gc] GC(55) Pause Full (JvmtiEnv ForceGarbageCollection) 145M->2M(486M) 28.881ms
[147.706s][info][gc] GC(56) Pause Full (JvmtiEnv ForceGarbageCollection) 145M->2M(486M) 30.533ms
[150.077s][info][gc] GC(57) Pause Full (JvmtiEnv ForceGarbageCollection) 145M->2M(486M) 44.686ms
[152.374s][info][gc] GC(58) Pause Full (JvmtiEnv ForceGarbageCollection) 145M->2M(486M) 31.736ms
[154.771s][info][gc] GC(59) Pause Full (JvmtiEnv ForceGarbageCollection) 145M->2M(486M) 32.389ms
[157.107s][info][gc] GC(60) Pause Full (JvmtiEnv ForceGarbageCollection) 145M->2M(486M) 30.267ms
[159.515s][info][gc] GC(61) Pause Full (JvmtiEnv ForceGarbageCollection) 145M->2M(486M) 31.284ms
[161.849s][info][gc] GC(62) Pause Full (JvmtiEnv ForceGarbageCollection) 145M->2M(486M) 32.564ms
[164.237s][info][gc] GC(63) Pause Full (JvmtiEnv ForceGarbageCollection) 145M->2M(486M) 31.042ms
[166.585s][info][gc] GC(64) Pause Full (JvmtiEnv ForceGarbageCollection) 145M->2M(486M) 32.629ms
[168.980s][info][gc] GC(65) Pause Full (JvmtiEnv ForceGarbageCollection) 145M->2M(486M) 29.884ms
[171.353s][info][gc] GC(66) Pause Full (JvmtiEnv ForceGarbageCollection) 145M->2M(486M) 31.103ms
[173.701s][info][gc] GC(67) Pause Full (JvmtiEnv ForceGarbageCollection) 145M->2M(486M) 31.757ms
[176.041s][info][gc] GC(68) Pause Full (JvmtiEnv ForceGarbageCollection) 145M->2M(486M) 29.489ms
[178.392s][info][gc] GC(69) Pause Full (JvmtiEnv ForceGarbageCollection) 145M->2M(486M) 28.288ms
[180.718s][info][gc] GC(70) Pause Full (JvmtiEnv ForceGarbageCollection) 145M->2M(486M) 30.509ms
[183.092s][info][gc] GC(71) Pause Full (JvmtiEnv ForceGarbageCollection) 145M->2M(486M) 31.814ms
[185.460s][info][gc] GC(72) Pause Full (JvmtiEnv ForceGarbageCollection) 145M->2M(486M) 30.278ms
[187.786s][info][gc] GC(73) Pause Full (JvmtiEnv ForceGarbageCollection) 145M->2M(486M) 30.955ms
[190.171s][info][gc] GC(74) Pause Full (JvmtiEnv ForceGarbageCollection) 145M->2M(486M) 32.401ms
[192.514s][info][gc] GC(75) Pause Full (JvmtiEnv ForceGarbageCollection) 145M->2M(486M) 30.416ms
