[0.003s][info][gc] Using Serial
[190.760s][info][gc] GC(0) Pause Young (Allocation Failure) 136M->2M(494M) 4.075ms
[193.026s][info][gc] GC(1) Pause Young (Allocation Failure) 138M->2M(494M) 3.503ms
[195.252s][info][gc] GC(2) Pause Young (Allocation Failure) 138M->2M(494M) 2.279ms
[197.484s][info][gc] GC(3) Pause Young (Allocation Failure) 138M->2M(494M) 2.361ms
[199.641s][info][gc] GC(4) Pause Young (Allocation Failure) 138M->1M(494M) 2.000ms
[201.862s][info][gc] GC(5) Pause Young (Allocation Failure) 138M->2M(494M) 2.665ms
[204.133s][info][gc] GC(6) Pause Young (Allocation Failure) 138M->1M(494M) 2.062ms
[206.326s][info][gc] GC(7) Pause Young (Allocation Failure) 138M->1M(494M) 2.202ms
[208.566s][info][gc] GC(8) Pause Young (Allocation Failure) 138M->1M(494M) 2.296ms
[210.735s][info][gc] GC(9) Pause Young (Allocation Failure) 138M->2M(494M) 3.049ms
[213.090s][info][gc] GC(10) Pause Young (Allocation Failure) 138M->2M(494M) 3.760ms
[215.413s][info][gc] GC(11) Pause Young (Allocation Failure) 138M->2M(494M) 2.649ms
[217.629s][info][gc] GC(12) Pause Young (Allocation Failure) 138M->2M(494M) 2.896ms
[219.895s][info][gc] GC(13) Pause Young (Allocation Failure) 138M->2M(494M) 4.148ms
[222.091s][info][gc] GC(14) Pause Young (Allocation Failure) 138M->1M(494M) 1.933ms
[224.337s][info][gc] GC(15) Pause Young (Allocation Failure) 138M->1M(494M) 2.616ms
[226.515s][info][gc] GC(16) Pause Young (Allocation Failure) 138M->2M(494M) 0.526ms
[228.768s][info][gc] GC(17) Pause Young (Allocation Failure) 138M->2M(494M) 0.964ms
[230.987s][info][gc] GC(18) Pause Young (Allocation Failure) 138M->2M(494M) 0.714ms
[233.226s][info][gc] GC(19) Pause Young (Allocation Failure) 138M->2M(494M) 1.140ms
[235.468s][info][gc] GC(20) Pause Young (Allocation Failure) 138M->2M(494M) 1.174ms
[237.718s][info][gc] GC(21) Pause Young (Allocation Failure) 138M->2M(494M) 0.942ms
[239.961s][info][gc] GC(22) Pause Young (Allocation Failure) 138M->1M(494M) 0.207ms
[242.169s][info][gc] GC(23) Pause Young (Allocation Failure) 138M->1M(494M) 0.299ms
[244.413s][info][gc] GC(24) Pause Young (Allocation Failure) 138M->2M(494M) 0.433ms
[246.684s][info][gc] GC(25) Pause Young (Allocation Failure) 138M->2M(494M) 0.459ms
[248.953s][info][gc] GC(26) Pause Young (Allocation Failure) 138M->2M(494M) 0.440ms
[251.200s][info][gc] GC(27) Pause Young (Allocation Failure) 138M->2M(494M) 0.608ms
[253.404s][info][gc] GC(28) Pause Young (Allocation Failure) 138M->2M(494M) 1.065ms
[255.661s][info][gc] GC(29) Pause Young (Allocation Failure) 138M->2M(494M) 0.970ms
[257.857s][info][gc] GC(30) Pause Young (Allocation Failure) 138M->2M(494M) 0.677ms
[260.083s][info][gc] GC(31) Pause Young (Allocation Failure) 138M->2M(494M) 0.969ms
[262.314s][info][gc] GC(32) Pause Young (Allocation Failure) 138M->2M(494M) 0.938ms
[264.600s][info][gc] GC(33) Pause Young (Allocation Failure) 138M->1M(494M) 0.210ms
[266.831s][info][gc] GC(34) Pause Young (Allocation Failure) 138M->1M(494M) 0.291ms
[269.046s][info][gc] GC(35) Pause Young (Allocation Failure) 138M->2M(494M) 0.558ms
[271.288s][info][gc] GC(36) Pause Young (Allocation Failure) 138M->1M(494M) 0.272ms
[273.505s][info][gc] GC(37) Pause Young (Allocation Failure) 138M->2M(494M) 0.438ms
[275.728s][info][gc] GC(38) Pause Young (Allocation Failure) 138M->1M(494M) 0.399ms
[277.936s][info][gc] GC(39) Pause Young (Allocation Failure) 138M->2M(494M) 0.551ms
[280.185s][info][gc] GC(40) Pause Young (Allocation Failure) 138M->2M(494M) 0.737ms
[282.410s][info][gc] GC(41) Pause Young (Allocation Failure) 138M->2M(494M) 0.884ms
[284.650s][info][gc] GC(42) Pause Young (Allocation Failure) 138M->1M(494M) 0.117ms
[286.866s][info][gc] GC(43) Pause Young (Allocation Failure) 138M->1M(494M) 0.264ms
[289.111s][info][gc] GC(44) Pause Young (Allocation Failure) 138M->1M(494M) 0.381ms
[291.321s][info][gc] GC(45) Pause Young (Allocation Failure) 138M->1M(494M) 0.314ms
[293.513s][info][gc] GC(46) Pause Young (Allocation Failure) 138M->2M(494M) 0.472ms
[295.796s][info][gc] GC(47) Pause Young (Allocation Failure) 138M->2M(494M) 0.573ms
[298.024s][info][gc] GC(48) Pause Young (Allocation Failure) 138M->2M(494M) 0.647ms
[300.205s][info][gc] GC(49) Pause Young (Allocation Failure) 138M->2M(494M) 0.753ms
[302.401s][info][gc] GC(50) Pause Young (Allocation Failure) 138M->2M(494M) 0.969ms
[304.607s][info][gc] GC(51) Pause Young (Allocation Failure) 138M->2M(494M) 1.135ms
[306.795s][info][gc] GC(52) Pause Young (Allocation Failure) 138M->2M(494M) 0.747ms
[309.016s][info][gc] GC(53) Pause Young (Allocation Failure) 138M->2M(494M) 1.016ms
[311.227s][info][gc] GC(54) Pause Young (Allocation Failure) 138M->2M(494M) 0.838ms
[313.422s][info][gc] GC(55) Pause Young (Allocation Failure) 138M->2M(494M) 0.974ms
[315.673s][info][gc] GC(56) Pause Young (Allocation Failure) 138M->2M(494M) 0.991ms
[317.905s][info][gc] GC(57) Pause Young (Allocation Failure) 138M->2M(494M) 0.962ms
[320.177s][info][gc] GC(58) Pause Young (Allocation Failure) 138M->1M(494M) 0.218ms
[322.397s][info][gc] GC(59) Pause Young (Allocation Failure) 138M->1M(494M) 0.713ms
[324.595s][info][gc] GC(60) Pause Young (Allocation Failure) 138M->2M(494M) 0.594ms
[326.831s][info][gc] GC(61) Pause Young (Allocation Failure) 138M->1M(494M) 0.456ms
[329.066s][info][gc] GC(62) Pause Young (Allocation Failure) 138M->2M(494M) 0.473ms
[331.294s][info][gc] GC(63) Pause Young (Allocation Failure) 138M->2M(494M) 0.862ms
[333.572s][info][gc] GC(64) Pause Young (Allocation Failure) 138M->2M(494M) 1.061ms
[335.801s][info][gc] GC(65) Pause Young (Allocation Failure) 138M->2M(494M) 1.057ms
[338.036s][info][gc] GC(66) Pause Young (Allocation Failure) 138M->2M(494M) 0.954ms
[340.264s][info][gc] GC(67) Pause Young (Allocation Failure) 138M->1M(494M) 0.203ms
[342.472s][info][gc] GC(68) Pause Young (Allocation Failure) 138M->1M(494M) 0.331ms
[344.686s][info][gc] GC(69) Pause Young (Allocation Failure) 138M->2M(494M) 0.572ms
[346.888s][info][gc] GC(70) Pause Young (Allocation Failure) 138M->2M(494M) 0.905ms
[349.142s][info][gc] GC(71) Pause Young (Allocation Failure) 138M->2M(494M) 0.693ms
[351.411s][info][gc] GC(72) Pause Young (Allocation Failure) 138M->2M(494M) 0.872ms
[353.605s][info][gc] GC(73) Pause Young (Allocation Failure) 138M->2M(494M) 0.906ms
[355.854s][info][gc] GC(74) Pause Young (Allocation Failure) 138M->1M(494M) 0.159ms
[358.055s][info][gc] GC(75) Pause Young (Allocation Failure) 138M->1M(494M) 0.370ms
[360.316s][info][gc] GC(76) Pause Young (Allocation Failure) 138M->2M(494M) 0.540ms
[362.513s][info][gc] GC(77) Pause Young (Allocation Failure) 138M->1M(494M) 0.291ms
[364.771s][info][gc] GC(78) Pause Young (Allocation Failure) 138M->2M(494M) 0.537ms
[366.996s][info][gc] GC(79) Pause Young (Allocation Failure) 138M->1M(494M) 0.506ms
