[0.004s][info][gc] Using Serial
[213.492s][info][gc] GC(0) Pause Young (Allocation Failure) 273M->3M(989M) 55.265ms
[214.846s][info][gc] GC(1) Pause Young (Allocation Failure) 276M->3M(989M) 6.796ms
[216.215s][info][gc] GC(2) Pause Young (Allocation Failure) 276M->3M(989M) 4.847ms
[217.569s][info][gc] GC(3) Pause Young (Allocation Failure) 276M->2M(989M) 3.624ms
[218.903s][info][gc] GC(4) Pause Young (Allocation Failure) 275M->3M(989M) 5.544ms
[220.249s][info][gc] GC(5) Pause Young (Allocation Failure) 276M->3M(989M) 3.595ms
[221.596s][info][gc] GC(6) Pause Young (Allocation Failure) 276M->3M(989M) 5.754ms
[222.958s][info][gc] GC(7) Pause Young (Allocation Failure) 276M->3M(989M) 6.703ms
[224.306s][info][gc] GC(8) Pause Young (Allocation Failure) 276M->3M(989M) 4.646ms
[225.669s][info][gc] GC(9) Pause Young (Allocation Failure) 276M->3M(989M) 4.560ms
[227.020s][info][gc] GC(10) Pause Young (Allocation Failure) 276M->3M(989M) 5.057ms
[228.436s][info][gc] GC(11) Pause Young (Allocation Failure) 276M->3M(989M) 4.492ms
[229.764s][info][gc] GC(12) Pause Young (Allocation Failure) 276M->3M(989M) 4.432ms
[231.125s][info][gc] GC(13) Pause Young (Allocation Failure) 276M->3M(989M) 4.335ms
[232.488s][info][gc] GC(14) Pause Young (Allocation Failure) 276M->3M(989M) 5.274ms
[233.840s][info][gc] GC(15) Pause Young (Allocation Failure) 276M->3M(989M) 6.046ms
[235.205s][info][gc] GC(16) Pause Young (Allocation Failure) 276M->3M(989M) 3.417ms
[236.545s][info][gc] GC(17) Pause Young (Allocation Failure) 276M->3M(989M) 2.578ms
[237.946s][info][gc] GC(18) Pause Young (Allocation Failure) 276M->3M(989M) 2.676ms
[239.253s][info][gc] GC(19) Pause Young (Allocation Failure) 276M->3M(989M) 2.763ms
[240.638s][info][gc] GC(20) Pause Young (Allocation Failure) 276M->3M(989M) 2.808ms
[241.967s][info][gc] GC(21) Pause Young (Allocation Failure) 276M->3M(989M) 3.066ms
[243.321s][info][gc] GC(22) Pause Young (Allocation Failure) 276M->3M(989M) 3.125ms
[244.662s][info][gc] GC(23) Pause Young (Allocation Failure) 276M->3M(989M) 2.831ms
[245.978s][info][gc] GC(24) Pause Young (Allocation Failure) 276M->3M(989M) 3.631ms
[247.360s][info][gc] GC(25) Pause Young (Allocation Failure) 276M->3M(989M) 2.611ms
[248.709s][info][gc] GC(26) Pause Young (Allocation Failure) 276M->3M(989M) 3.178ms
[250.065s][info][gc] GC(27) Pause Young (Allocation Failure) 276M->3M(989M) 2.515ms
[251.381s][info][gc] GC(28) Pause Young (Allocation Failure) 276M->3M(989M) 2.911ms
[252.753s][info][gc] GC(29) Pause Young (Allocation Failure) 276M->3M(989M) 2.588ms
[254.070s][info][gc] GC(30) Pause Young (Allocation Failure) 276M->3M(989M) 3.919ms
[255.429s][info][gc] GC(31) Pause Young (Allocation Failure) 276M->3M(989M) 2.482ms
[256.768s][info][gc] GC(32) Pause Young (Allocation Failure) 276M->3M(989M) 4.104ms
[258.124s][info][gc] GC(33) Pause Young (Allocation Failure) 276M->3M(989M) 2.720ms
[259.483s][info][gc] GC(34) Pause Young (Allocation Failure) 276M->3M(989M) 3.098ms
[260.818s][info][gc] GC(35) Pause Young (Allocation Failure) 276M->3M(989M) 2.632ms
[262.182s][info][gc] GC(36) Pause Young (Allocation Failure) 276M->3M(989M) 2.632ms
[263.526s][info][gc] GC(37) Pause Young (Allocation Failure) 276M->3M(989M) 3.218ms
[264.862s][info][gc] GC(38) Pause Young (Allocation Failure) 276M->3M(989M) 2.677ms
[266.196s][info][gc] GC(39) Pause Young (Allocation Failure) 276M->3M(989M) 3.003ms
[267.533s][info][gc] GC(40) Pause Young (Allocation Failure) 276M->3M(989M) 2.641ms
[268.887s][info][gc] GC(41) Pause Young (Allocation Failure) 276M->3M(989M) 2.754ms
[270.234s][info][gc] GC(42) Pause Young (Allocation Failure) 276M->3M(989M) 2.611ms
[271.553s][info][gc] GC(43) Pause Young (Allocation Failure) 276M->3M(989M) 2.586ms
[272.954s][info][gc] GC(44) Pause Young (Allocation Failure) 276M->3M(989M) 2.693ms
[274.286s][info][gc] GC(45) Pause Young (Allocation Failure) 276M->3M(989M) 3.023ms
[275.625s][info][gc] GC(46) Pause Young (Allocation Failure) 276M->3M(989M) 2.881ms
[276.958s][info][gc] GC(47) Pause Young (Allocation Failure) 276M->3M(989M) 2.642ms
[278.348s][info][gc] GC(48) Pause Young (Allocation Failure) 276M->3M(989M) 2.642ms
[279.664s][info][gc] GC(49) Pause Young (Allocation Failure) 276M->3M(989M) 3.107ms
[281.035s][info][gc] GC(50) Pause Young (Allocation Failure) 276M->3M(989M) 3.757ms
[282.405s][info][gc] GC(51) Pause Young (Allocation Failure) 276M->3M(989M) 2.599ms
[283.759s][info][gc] GC(52) Pause Young (Allocation Failure) 276M->3M(989M) 3.260ms
[285.096s][info][gc] GC(53) Pause Young (Allocation Failure) 276M->3M(989M) 3.344ms
[286.457s][info][gc] GC(54) Pause Young (Allocation Failure) 276M->3M(989M) 2.669ms
[287.850s][info][gc] GC(55) Pause Young (Allocation Failure) 276M->3M(989M) 2.570ms
[289.154s][info][gc] GC(56) Pause Young (Allocation Failure) 276M->3M(989M) 3.598ms
[290.504s][info][gc] GC(57) Pause Young (Allocation Failure) 276M->3M(989M) 3.850ms
[291.826s][info][gc] GC(58) Pause Young (Allocation Failure) 276M->3M(989M) 2.986ms
[293.199s][info][gc] GC(59) Pause Young (Allocation Failure) 276M->3M(989M) 2.507ms
[294.524s][info][gc] GC(60) Pause Young (Allocation Failure) 276M->3M(989M) 2.993ms
[295.868s][info][gc] GC(61) Pause Young (Allocation Failure) 276M->3M(989M) 2.576ms
[297.200s][info][gc] GC(62) Pause Young (Allocation Failure) 276M->3M(989M) 2.750ms
[298.594s][info][gc] GC(63) Pause Young (Allocation Failure) 276M->3M(989M) 2.626ms
[299.924s][info][gc] GC(64) Pause Young (Allocation Failure) 276M->3M(989M) 2.527ms
[301.224s][info][gc] GC(65) Pause Young (Allocation Failure) 276M->3M(989M) 2.748ms
[302.600s][info][gc] GC(66) Pause Young (Allocation Failure) 276M->3M(989M) 2.605ms
[303.897s][info][gc] GC(67) Pause Young (Allocation Failure) 276M->3M(989M) 2.591ms
[305.234s][info][gc] GC(68) Pause Young (Allocation Failure) 276M->3M(989M) 2.644ms
[306.572s][info][gc] GC(69) Pause Young (Allocation Failure) 276M->3M(989M) 3.093ms
[307.912s][info][gc] GC(70) Pause Young (Allocation Failure) 276M->3M(989M) 3.605ms
[309.254s][info][gc] GC(71) Pause Young (Allocation Failure) 276M->3M(989M) 3.636ms
[310.604s][info][gc] GC(72) Pause Young (Allocation Failure) 276M->3M(989M) 2.990ms
[311.921s][info][gc] GC(73) Pause Young (Allocation Failure) 276M->3M(989M) 3.198ms
[313.256s][info][gc] GC(74) Pause Young (Allocation Failure) 276M->3M(989M) 3.475ms
[314.601s][info][gc] GC(75) Pause Young (Allocation Failure) 276M->3M(989M) 3.932ms
[315.936s][info][gc] GC(76) Pause Young (Allocation Failure) 276M->3M(989M) 4.602ms
[317.294s][info][gc] GC(77) Pause Young (Allocation Failure) 276M->3M(989M) 2.910ms
[318.667s][info][gc] GC(78) Pause Young (Allocation Failure) 276M->3M(989M) 3.251ms
[320.026s][info][gc] GC(79) Pause Young (Allocation Failure) 276M->3M(989M) 7.552ms
[321.347s][info][gc] GC(80) Pause Young (Allocation Failure) 276M->3M(989M) 2.859ms
[322.689s][info][gc] GC(81) Pause Young (Allocation Failure) 276M->3M(989M) 2.603ms
[323.971s][info][gc] GC(82) Pause Young (Allocation Failure) 276M->3M(989M) 2.590ms
[325.261s][info][gc] GC(83) Pause Young (Allocation Failure) 276M->3M(989M) 2.589ms
[326.556s][info][gc] GC(84) Pause Young (Allocation Failure) 276M->3M(989M) 3.043ms
[327.877s][info][gc] GC(85) Pause Young (Allocation Failure) 276M->3M(989M) 2.687ms
[329.150s][info][gc] GC(86) Pause Young (Allocation Failure) 276M->3M(989M) 3.554ms
[330.422s][info][gc] GC(87) Pause Young (Allocation Failure) 276M->3M(989M) 2.824ms
[331.687s][info][gc] GC(88) Pause Young (Allocation Failure) 276M->3M(989M) 2.845ms
[332.993s][info][gc] GC(89) Pause Young (Allocation Failure) 276M->3M(989M) 2.579ms
[334.285s][info][gc] GC(90) Pause Young (Allocation Failure) 276M->3M(989M) 2.619ms
[335.564s][info][gc] GC(91) Pause Young (Allocation Failure) 276M->3M(989M) 3.835ms
[336.835s][info][gc] GC(92) Pause Young (Allocation Failure) 276M->3M(989M) 3.461ms
[338.146s][info][gc] GC(93) Pause Young (Allocation Failure) 276M->3M(989M) 2.667ms
[339.411s][info][gc] GC(94) Pause Young (Allocation Failure) 276M->3M(989M) 2.927ms
[340.702s][info][gc] GC(95) Pause Young (Allocation Failure) 276M->3M(989M) 3.139ms
[341.981s][info][gc] GC(96) Pause Young (Allocation Failure) 276M->3M(989M) 2.669ms
[343.350s][info][gc] GC(97) Pause Young (Allocation Failure) 276M->3M(989M) 2.732ms
[344.673s][info][gc] GC(98) Pause Young (Allocation Failure) 276M->3M(989M) 2.787ms
[346.063s][info][gc] GC(99) Pause Young (Allocation Failure) 276M->3M(989M) 2.703ms
[347.410s][info][gc] GC(100) Pause Young (Allocation Failure) 276M->3M(989M) 2.581ms
[348.760s][info][gc] GC(101) Pause Young (Allocation Failure) 276M->3M(989M) 3.200ms
[350.117s][info][gc] GC(102) Pause Young (Allocation Failure) 276M->3M(989M) 3.053ms
[351.446s][info][gc] GC(103) Pause Young (Allocation Failure) 276M->3M(989M) 2.702ms
[352.866s][info][gc] GC(104) Pause Young (Allocation Failure) 276M->3M(989M) 3.634ms
[354.204s][info][gc] GC(105) Pause Young (Allocation Failure) 276M->3M(989M) 3.300ms
[355.542s][info][gc] GC(106) Pause Young (Allocation Failure) 276M->3M(989M) 2.655ms
[356.850s][info][gc] GC(107) Pause Young (Allocation Failure) 276M->3M(989M) 3.490ms
[358.214s][info][gc] GC(108) Pause Young (Allocation Failure) 276M->3M(989M) 2.667ms
[359.548s][info][gc] GC(109) Pause Young (Allocation Failure) 276M->3M(989M) 2.640ms
[360.949s][info][gc] GC(110) Pause Young (Allocation Failure) 276M->3M(989M) 2.669ms
[362.325s][info][gc] GC(111) Pause Young (Allocation Failure) 276M->3M(989M) 2.629ms
[363.664s][info][gc] GC(112) Pause Young (Allocation Failure) 276M->3M(989M) 3.121ms
[365.001s][info][gc] GC(113) Pause Young (Allocation Failure) 276M->3M(989M) 2.624ms
[366.346s][info][gc] GC(114) Pause Young (Allocation Failure) 276M->3M(989M) 3.787ms
[367.757s][info][gc] GC(115) Pause Young (Allocation Failure) 276M->3M(989M) 2.541ms
[369.091s][info][gc] GC(116) Pause Young (Allocation Failure) 276M->3M(989M) 3.698ms
[370.432s][info][gc] GC(117) Pause Young (Allocation Failure) 276M->3M(989M) 3.033ms
[371.784s][info][gc] GC(118) Pause Young (Allocation Failure) 276M->3M(989M) 2.826ms
[373.136s][info][gc] GC(119) Pause Young (Allocation Failure) 276M->3M(989M) 2.757ms
[374.458s][info][gc] GC(120) Pause Young (Allocation Failure) 276M->3M(989M) 4.317ms
[375.827s][info][gc] GC(121) Pause Young (Allocation Failure) 276M->3M(989M) 4.791ms
[377.191s][info][gc] GC(122) Pause Young (Allocation Failure) 276M->3M(989M) 3.238ms
[378.559s][info][gc] GC(123) Pause Young (Allocation Failure) 276M->3M(989M) 3.253ms
[379.934s][info][gc] GC(124) Pause Young (Allocation Failure) 276M->3M(989M) 2.627ms
[381.273s][info][gc] GC(125) Pause Young (Allocation Failure) 276M->3M(989M) 3.006ms
[382.659s][info][gc] GC(126) Pause Young (Allocation Failure) 276M->3M(989M) 3.243ms
[384.012s][info][gc] GC(127) Pause Young (Allocation Failure) 276M->3M(989M) 2.606ms
[385.366s][info][gc] GC(128) Pause Young (Allocation Failure) 276M->3M(989M) 2.607ms
[386.724s][info][gc] GC(129) Pause Young (Allocation Failure) 276M->3M(989M) 2.649ms
[388.077s][info][gc] GC(130) Pause Young (Allocation Failure) 276M->3M(989M) 2.815ms
[389.406s][info][gc] GC(131) Pause Young (Allocation Failure) 276M->3M(989M) 2.657ms
[390.743s][info][gc] GC(132) Pause Young (Allocation Failure) 276M->3M(989M) 2.637ms
[392.080s][info][gc] GC(133) Pause Young (Allocation Failure) 276M->3M(989M) 4.513ms
[393.400s][info][gc] GC(134) Pause Young (Allocation Failure) 276M->3M(989M) 3.014ms
[394.754s][info][gc] GC(135) Pause Young (Allocation Failure) 276M->3M(989M) 2.698ms
[396.089s][info][gc] GC(136) Pause Young (Allocation Failure) 276M->3M(989M) 4.506ms
[397.421s][info][gc] GC(137) Pause Young (Allocation Failure) 276M->3M(989M) 3.000ms
[398.808s][info][gc] GC(138) Pause Young (Allocation Failure) 276M->3M(989M) 2.789ms
[400.150s][info][gc] GC(139) Pause Young (Allocation Failure) 276M->3M(989M) 2.550ms
[401.473s][info][gc] GC(140) Pause Young (Allocation Failure) 276M->3M(989M) 2.533ms
[402.815s][info][gc] GC(141) Pause Young (Allocation Failure) 276M->3M(989M) 3.580ms
