[0.005s][info][gc] Using Serial
[14.815s][info][gc] GC(0) Pause Young (Allocation Failure) 409M->2M(972M) 6.739ms
[15.504s][info][gc] GC(1) Pause Full (JvmtiEnv ForceGarbageCollection) 156M->2M(972M) 30.684ms
[17.519s][info][gc] GC(2) Pause Young (Allocation Failure) 412M->3M(972M) 2.222ms
[18.027s][info][gc] GC(3) Pause Full (JvmtiEnv ForceGarbageCollection) 114M->2M(972M) 25.291ms
[20.065s][info][gc] GC(4) Pause Young (Allocation Failure) 412M->3M(972M) 1.646ms
[20.534s][info][gc] GC(5) Pause Full (JvmtiEnv ForceGarbageCollection) 109M->2M(972M) 25.074ms
[22.546s][info][gc] GC(6) Pause Young (Allocation Failure) 412M->3M(972M) 1.285ms
[22.992s][info][gc] GC(7) Pause Full (JvmtiEnv ForceGarbageCollection) 105M->2M(972M) 23.388ms
[25.033s][info][gc] GC(8) Pause Young (Allocation Failure) 412M->4M(972M) 2.877ms
[25.488s][info][gc] GC(9) Pause Full (JvmtiEnv ForceGarbageCollection) 98M->2M(972M) 24.066ms
[27.480s][info][gc] GC(10) Pause Young (Allocation Failure) 412M->4M(972M) 4.271ms
[27.954s][info][gc] GC(11) Pause Full (JvmtiEnv ForceGarbageCollection) 98M->2M(972M) 25.975ms
[29.982s][info][gc] GC(12) Pause Young (Allocation Failure) 412M->2M(972M) 0.596ms
[30.420s][info][gc] GC(13) Pause Full (JvmtiEnv ForceGarbageCollection) 98M->2M(972M) 22.749ms
[32.421s][info][gc] GC(14) Pause Young (Allocation Failure) 412M->2M(972M) 0.641ms
[32.841s][info][gc] GC(15) Pause Full (JvmtiEnv ForceGarbageCollection) 95M->2M(972M) 23.445ms
[34.824s][info][gc] GC(16) Pause Young (Allocation Failure) 412M->3M(972M) 0.780ms
[35.272s][info][gc] GC(17) Pause Full (JvmtiEnv ForceGarbageCollection) 94M->2M(972M) 22.104ms
[37.336s][info][gc] GC(18) Pause Young (Allocation Failure) 412M->3M(972M) 0.715ms
[37.773s][info][gc] GC(19) Pause Full (JvmtiEnv ForceGarbageCollection) 95M->2M(972M) 24.448ms
[39.874s][info][gc] GC(20) Pause Young (Allocation Failure) 412M->3M(972M) 0.697ms
[40.308s][info][gc] GC(21) Pause Full (JvmtiEnv ForceGarbageCollection) 100M->2M(972M) 24.369ms
[42.355s][info][gc] GC(22) Pause Young (Allocation Failure) 412M->2M(972M) 0.621ms
[42.779s][info][gc] GC(23) Pause Full (JvmtiEnv ForceGarbageCollection) 96M->2M(972M) 23.929ms
[44.874s][info][gc] GC(24) Pause Young (Allocation Failure) 412M->4M(972M) 2.457ms
[45.324s][info][gc] GC(25) Pause Full (JvmtiEnv ForceGarbageCollection) 96M->2M(972M) 22.441ms
[47.413s][info][gc] GC(26) Pause Young (Allocation Failure) 412M->3M(972M) 0.837ms
[47.839s][info][gc] GC(27) Pause Full (JvmtiEnv ForceGarbageCollection) 94M->2M(972M) 25.056ms
[49.915s][info][gc] GC(28) Pause Young (Allocation Failure) 412M->3M(972M) 0.849ms
[50.350s][info][gc] GC(29) Pause Full (JvmtiEnv ForceGarbageCollection) 98M->2M(972M) 25.751ms
[52.397s][info][gc] GC(30) Pause Young (Allocation Failure) 412M->3M(972M) 0.722ms
[52.837s][info][gc] GC(31) Pause Full (JvmtiEnv ForceGarbageCollection) 95M->2M(972M) 24.988ms
[55.014s][info][gc] GC(32) Pause Young (Allocation Failure) 411M->4M(972M) 2.696ms
[55.522s][info][gc] GC(33) Pause Full (JvmtiEnv ForceGarbageCollection) 96M->2M(972M) 21.647ms
[57.585s][info][gc] GC(34) Pause Young (Allocation Failure) 412M->3M(972M) 1.213ms
[58.047s][info][gc] GC(35) Pause Full (JvmtiEnv ForceGarbageCollection) 96M->2M(972M) 23.963ms
[60.116s][info][gc] GC(36) Pause Young (Allocation Failure) 412M->3M(972M) 0.998ms
[60.547s][info][gc] GC(37) Pause Full (JvmtiEnv ForceGarbageCollection) 100M->2M(972M) 22.213ms
[62.621s][info][gc] GC(38) Pause Young (Allocation Failure) 412M->2M(972M) 0.246ms
[63.075s][info][gc] GC(39) Pause Full (JvmtiEnv ForceGarbageCollection) 95M->2M(972M) 23.422ms
[65.317s][info][gc] GC(40) Pause Young (Allocation Failure) 412M->3M(972M) 0.880ms
[65.817s][info][gc] GC(41) Pause Full (JvmtiEnv ForceGarbageCollection) 95M->2M(972M) 23.400ms
[67.897s][info][gc] GC(42) Pause Young (Allocation Failure) 412M->3M(972M) 0.757ms
[68.355s][info][gc] GC(43) Pause Full (JvmtiEnv ForceGarbageCollection) 95M->2M(972M) 24.236ms
[70.358s][info][gc] GC(44) Pause Young (Allocation Failure) 412M->3M(972M) 0.719ms
[70.802s][info][gc] GC(45) Pause Full (JvmtiEnv ForceGarbageCollection) 95M->2M(972M) 22.209ms
[72.889s][info][gc] GC(46) Pause Young (Allocation Failure) 412M->3M(972M) 0.975ms
[73.351s][info][gc] GC(47) Pause Full (JvmtiEnv ForceGarbageCollection) 94M->2M(972M) 22.441ms
[75.466s][info][gc] GC(48) Pause Young (Allocation Failure) 412M->3M(972M) 1.116ms
[75.908s][info][gc] GC(49) Pause Full (JvmtiEnv ForceGarbageCollection) 95M->2M(972M) 23.691ms
[78.006s][info][gc] GC(50) Pause Young (Allocation Failure) 412M->3M(972M) 1.062ms
[78.456s][info][gc] GC(51) Pause Full (JvmtiEnv ForceGarbageCollection) 96M->2M(972M) 23.088ms
[80.536s][info][gc] GC(52) Pause Young (Allocation Failure) 412M->3M(972M) 2.792ms
[80.986s][info][gc] GC(53) Pause Full (JvmtiEnv ForceGarbageCollection) 96M->2M(972M) 25.871ms
[83.093s][info][gc] GC(54) Pause Young (Allocation Failure) 412M->3M(972M) 1.026ms
[83.534s][info][gc] GC(55) Pause Full (JvmtiEnv ForceGarbageCollection) 96M->2M(972M) 24.902ms
[85.598s][info][gc] GC(56) Pause Young (Allocation Failure) 412M->2M(972M) 0.259ms
[86.046s][info][gc] GC(57) Pause Full (JvmtiEnv ForceGarbageCollection) 95M->2M(972M) 25.373ms
[88.077s][info][gc] GC(58) Pause Young (Allocation Failure) 412M->2M(972M) 0.258ms
[88.537s][info][gc] GC(59) Pause Full (JvmtiEnv ForceGarbageCollection) 95M->2M(972M) 22.076ms
[90.618s][info][gc] GC(60) Pause Young (Allocation Failure) 412M->3M(972M) 1.908ms
[91.076s][info][gc] GC(61) Pause Full (JvmtiEnv ForceGarbageCollection) 96M->2M(972M) 23.958ms
[93.126s][info][gc] GC(62) Pause Young (Allocation Failure) 412M->3M(972M) 0.822ms
[93.589s][info][gc] GC(63) Pause Full (JvmtiEnv ForceGarbageCollection) 96M->2M(972M) 23.756ms
[95.654s][info][gc] GC(64) Pause Young (Allocation Failure) 412M->3M(972M) 1.089ms
[96.099s][info][gc] GC(65) Pause Full (JvmtiEnv ForceGarbageCollection) 95M->2M(972M) 24.679ms
[98.179s][info][gc] GC(66) Pause Young (Allocation Failure) 412M->3M(972M) 0.987ms
[98.678s][info][gc] GC(67) Pause Full (JvmtiEnv ForceGarbageCollection) 94M->2M(972M) 22.236ms
[100.657s][info][gc] GC(68) Pause Young (Allocation Failure) 411M->4M(972M) 2.919ms
[101.140s][info][gc] GC(69) Pause Full (JvmtiEnv ForceGarbageCollection) 96M->2M(972M) 23.188ms
[103.202s][info][gc] GC(70) Pause Young (Allocation Failure) 412M->2M(972M) 0.633ms
[103.692s][info][gc] GC(71) Pause Full (JvmtiEnv ForceGarbageCollection) 94M->2M(972M) 23.467ms
[105.732s][info][gc] GC(72) Pause Young (Allocation Failure) 412M->3M(972M) 0.879ms
[106.213s][info][gc] GC(73) Pause Full (JvmtiEnv ForceGarbageCollection) 95M->2M(972M) 27.955ms
[108.268s][info][gc] GC(74) Pause Young (Allocation Failure) 412M->3M(972M) 1.128ms
[108.743s][info][gc] GC(75) Pause Full (JvmtiEnv ForceGarbageCollection) 95M->2M(972M) 22.686ms
[110.782s][info][gc] GC(76) Pause Young (Allocation Failure) 412M->5M(972M) 3.325ms
[111.295s][info][gc] GC(77) Pause Full (JvmtiEnv ForceGarbageCollection) 96M->2M(972M) 23.736ms
[113.384s][info][gc] GC(78) Pause Young (Allocation Failure) 412M->3M(972M) 0.922ms
[113.896s][info][gc] GC(79) Pause Full (JvmtiEnv ForceGarbageCollection) 96M->2M(972M) 24.022ms
[116.003s][info][gc] GC(80) Pause Young (Allocation Failure) 412M->2M(972M) 0.451ms
[116.454s][info][gc] GC(81) Pause Full (JvmtiEnv ForceGarbageCollection) 94M->2M(972M) 22.610ms
[118.542s][info][gc] GC(82) Pause Young (Allocation Failure) 412M->3M(972M) 0.758ms
[118.982s][info][gc] GC(83) Pause Full (JvmtiEnv ForceGarbageCollection) 95M->2M(972M) 24.005ms
[121.065s][info][gc] GC(84) Pause Young (Allocation Failure) 412M->2M(972M) 0.461ms
[121.504s][info][gc] GC(85) Pause Full (JvmtiEnv ForceGarbageCollection) 95M->2M(972M) 22.580ms
[123.481s][info][gc] GC(86) Pause Young (Allocation Failure) 412M->3M(972M) 0.711ms
[123.898s][info][gc] GC(87) Pause Full (JvmtiEnv ForceGarbageCollection) 96M->2M(972M) 23.993ms
[125.876s][info][gc] GC(88) Pause Young (Allocation Failure) 412M->2M(972M) 0.285ms
[126.307s][info][gc] GC(89) Pause Full (JvmtiEnv ForceGarbageCollection) 95M->2M(972M) 25.075ms
[128.315s][info][gc] GC(90) Pause Young (Allocation Failure) 412M->2M(972M) 0.289ms
[128.768s][info][gc] GC(91) Pause Full (JvmtiEnv ForceGarbageCollection) 95M->2M(972M) 27.558ms
[130.756s][info][gc] GC(92) Pause Young (Allocation Failure) 412M->5M(972M) 3.212ms
[131.192s][info][gc] GC(93) Pause Full (JvmtiEnv ForceGarbageCollection) 97M->2M(972M) 25.186ms
[133.175s][info][gc] GC(94) Pause Young (Allocation Failure) 412M->2M(972M) 0.286ms
[133.615s][info][gc] GC(95) Pause Full (JvmtiEnv ForceGarbageCollection) 95M->2M(972M) 23.307ms
[135.598s][info][gc] GC(96) Pause Young (Allocation Failure) 412M->2M(972M) 0.357ms
[136.041s][info][gc] GC(97) Pause Full (JvmtiEnv ForceGarbageCollection) 95M->2M(972M) 25.587ms
[138.048s][info][gc] GC(98) Pause Young (Allocation Failure) 412M->2M(972M) 0.338ms
[138.486s][info][gc] GC(99) Pause Full (JvmtiEnv ForceGarbageCollection) 95M->2M(972M) 22.143ms
[140.470s][info][gc] GC(100) Pause Young (Allocation Failure) 412M->5M(972M) 3.212ms
[140.931s][info][gc] GC(101) Pause Full (JvmtiEnv ForceGarbageCollection) 96M->2M(972M) 23.083ms
[142.886s][info][gc] GC(102) Pause Young (Allocation Failure) 412M->2M(972M) 0.295ms
[143.311s][info][gc] GC(103) Pause Full (JvmtiEnv ForceGarbageCollection) 95M->2M(972M) 23.487ms
[145.279s][info][gc] GC(104) Pause Young (Allocation Failure) 412M->5M(972M) 3.265ms
[145.731s][info][gc] GC(105) Pause Full (JvmtiEnv ForceGarbageCollection) 97M->2M(972M) 26.108ms
[147.728s][info][gc] GC(106) Pause Young (Allocation Failure) 412M->2M(972M) 0.314ms
[148.169s][info][gc] GC(107) Pause Full (JvmtiEnv ForceGarbageCollection) 95M->2M(972M) 24.783ms
[150.186s][info][gc] GC(108) Pause Young (Allocation Failure) 412M->2M(972M) 0.364ms
[150.643s][info][gc] GC(109) Pause Full (JvmtiEnv ForceGarbageCollection) 102M->2M(972M) 23.693ms
[152.748s][info][gc] GC(110) Pause Young (Allocation Failure) 412M->3M(972M) 0.829ms
[153.217s][info][gc] GC(111) Pause Full (JvmtiEnv ForceGarbageCollection) 95M->2M(972M) 23.090ms
[155.283s][info][gc] GC(112) Pause Young (Allocation Failure) 412M->3M(972M) 0.978ms
[155.730s][info][gc] GC(113) Pause Full (JvmtiEnv ForceGarbageCollection) 95M->2M(972M) 24.460ms
[157.758s][info][gc] GC(114) Pause Young (Allocation Failure) 412M->3M(972M) 1.028ms
[158.208s][info][gc] GC(115) Pause Full (JvmtiEnv ForceGarbageCollection) 94M->2M(972M) 25.233ms
[160.255s][info][gc] GC(116) Pause Young (Allocation Failure) 412M->3M(972M) 0.841ms
[160.697s][info][gc] GC(117) Pause Full (JvmtiEnv ForceGarbageCollection) 95M->2M(972M) 24.133ms
[162.770s][info][gc] GC(118) Pause Young (Allocation Failure) 412M->3M(972M) 0.775ms
[163.178s][info][gc] GC(119) Pause Full (JvmtiEnv ForceGarbageCollection) 95M->2M(972M) 24.546ms
[165.154s][info][gc] GC(120) Pause Young (Allocation Failure) 412M->2M(972M) 0.809ms
[165.627s][info][gc] GC(121) Pause Full (JvmtiEnv ForceGarbageCollection) 95M->2M(972M) 23.764ms
[167.699s][info][gc] GC(122) Pause Young (Allocation Failure) 412M->2M(972M) 0.295ms
[168.150s][info][gc] GC(123) Pause Full (JvmtiEnv ForceGarbageCollection) 95M->2M(972M) 25.230ms
[170.231s][info][gc] GC(124) Pause Young (Allocation Failure) 412M->2M(972M) 0.216ms
[170.658s][info][gc] GC(125) Pause Full (JvmtiEnv ForceGarbageCollection) 95M->2M(972M) 24.128ms
[172.732s][info][gc] GC(126) Pause Young (Allocation Failure) 412M->2M(972M) 0.269ms
[173.164s][info][gc] GC(127) Pause Full (JvmtiEnv ForceGarbageCollection) 95M->2M(972M) 21.659ms
[175.235s][info][gc] GC(128) Pause Young (Allocation Failure) 412M->2M(972M) 0.278ms
[175.668s][info][gc] GC(129) Pause Full (JvmtiEnv ForceGarbageCollection) 95M->2M(972M) 24.893ms
[177.755s][info][gc] GC(130) Pause Young (Allocation Failure) 412M->2M(972M) 0.282ms
[178.187s][info][gc] GC(131) Pause Full (JvmtiEnv ForceGarbageCollection) 95M->2M(972M) 23.324ms
[180.241s][info][gc] GC(132) Pause Young (Allocation Failure) 412M->2M(972M) 0.233ms
[180.665s][info][gc] GC(133) Pause Full (JvmtiEnv ForceGarbageCollection) 95M->2M(972M) 21.653ms
[182.737s][info][gc] GC(134) Pause Young (Allocation Failure) 412M->2M(972M) 0.293ms
[183.184s][info][gc] GC(135) Pause Full (JvmtiEnv ForceGarbageCollection) 95M->2M(972M) 25.534ms
[185.282s][info][gc] GC(136) Pause Young (Allocation Failure) 412M->2M(972M) 0.282ms
[185.725s][info][gc] GC(137) Pause Full (JvmtiEnv ForceGarbageCollection) 95M->2M(972M) 25.728ms
[187.845s][info][gc] GC(138) Pause Young (Allocation Failure) 412M->2M(972M) 0.308ms
[188.299s][info][gc] GC(139) Pause Full (JvmtiEnv ForceGarbageCollection) 95M->2M(972M) 25.783ms
[190.398s][info][gc] GC(140) Pause Young (Allocation Failure) 412M->2M(972M) 0.303ms
[190.840s][info][gc] GC(141) Pause Full (JvmtiEnv ForceGarbageCollection) 95M->2M(972M) 23.344ms
[192.902s][info][gc] GC(142) Pause Young (Allocation Failure) 412M->2M(972M) 0.307ms
[193.346s][info][gc] GC(143) Pause Full (JvmtiEnv ForceGarbageCollection) 95M->2M(972M) 25.467ms
[195.367s][info][gc] GC(144) Pause Young (Allocation Failure) 412M->2M(972M) 0.367ms
[195.809s][info][gc] GC(145) Pause Full (JvmtiEnv ForceGarbageCollection) 95M->2M(972M) 21.761ms
[197.853s][info][gc] GC(146) Pause Young (Allocation Failure) 412M->2M(972M) 0.277ms
[198.294s][info][gc] GC(147) Pause Full (JvmtiEnv ForceGarbageCollection) 95M->2M(972M) 23.928ms
[200.372s][info][gc] GC(148) Pause Young (Allocation Failure) 412M->2M(972M) 0.254ms
[200.820s][info][gc] GC(149) Pause Full (JvmtiEnv ForceGarbageCollection) 95M->2M(972M) 21.727ms
[202.878s][info][gc] GC(150) Pause Young (Allocation Failure) 412M->2M(972M) 0.300ms
[203.323s][info][gc] GC(151) Pause Full (JvmtiEnv ForceGarbageCollection) 95M->2M(972M) 24.181ms
