[0.004s][info][gc] Using Serial
[9.157s][info][gc] GC(0) Pause Young (Allocation Failure) 136M->2M(494M) 3.942ms
[11.483s][info][gc] GC(1) Pause Young (Allocation Failure) 138M->2M(494M) 3.211ms
[13.842s][info][gc] GC(2) Pause Young (Allocation Failure) 138M->1M(494M) 2.020ms
[16.093s][info][gc] GC(3) Pause Young (Allocation Failure) 138M->2M(494M) 2.960ms
[18.349s][info][gc] GC(4) Pause Young (Allocation Failure) 138M->2M(494M) 2.532ms
[20.659s][info][gc] GC(5) Pause Young (Allocation Failure) 138M->1M(494M) 2.071ms
[22.994s][info][gc] GC(6) Pause Young (Allocation Failure) 138M->2M(494M) 2.490ms
[25.333s][info][gc] GC(7) Pause Young (Allocation Failure) 138M->2M(494M) 3.256ms
[27.832s][info][gc] GC(8) Pause Young (Allocation Failure) 138M->2M(494M) 2.691ms
[30.306s][info][gc] GC(9) Pause Young (Allocation Failure) 138M->2M(494M) 3.014ms
[32.442s][info][gc] GC(10) Pause Young (Allocation Failure) 138M->2M(494M) 3.570ms
[34.644s][info][gc] GC(11) Pause Young (Allocation Failure) 138M->2M(494M) 2.724ms
[36.805s][info][gc] GC(12) Pause Young (Allocation Failure) 138M->1M(494M) 3.314ms
[38.965s][info][gc] GC(13) Pause Young (Allocation Failure) 138M->1M(494M) 2.241ms
[41.435s][info][gc] GC(14) Pause Young (Allocation Failure) 138M->1M(494M) 2.316ms
[44.537s][info][gc] GC(15) Pause Young (Allocation Failure) 138M->1M(494M) 2.996ms
[47.189s][info][gc] GC(16) Pause Young (Allocation Failure) 138M->1M(494M) 0.563ms
[49.591s][info][gc] GC(17) Pause Young (Allocation Failure) 138M->2M(494M) 0.564ms
[52.330s][info][gc] GC(18) Pause Young (Allocation Failure) 138M->2M(494M) 0.659ms
[54.969s][info][gc] GC(19) Pause Young (Allocation Failure) 138M->2M(494M) 0.686ms
[57.446s][info][gc] GC(20) Pause Young (Allocation Failure) 138M->2M(494M) 0.814ms
[59.722s][info][gc] GC(21) Pause Young (Allocation Failure) 138M->2M(494M) 0.885ms
[61.958s][info][gc] GC(22) Pause Young (Allocation Failure) 138M->2M(494M) 0.975ms
[64.305s][info][gc] GC(23) Pause Young (Allocation Failure) 138M->2M(494M) 0.723ms
[66.689s][info][gc] GC(24) Pause Young (Allocation Failure) 138M->2M(494M) 1.031ms
[68.888s][info][gc] GC(25) Pause Young (Allocation Failure) 138M->2M(494M) 0.903ms
[71.169s][info][gc] GC(26) Pause Young (Allocation Failure) 138M->1M(494M) 0.189ms
[73.656s][info][gc] GC(27) Pause Young (Allocation Failure) 138M->1M(494M) 0.305ms
[76.155s][info][gc] GC(28) Pause Young (Allocation Failure) 138M->2M(494M) 0.400ms
[78.509s][info][gc] GC(29) Pause Young (Allocation Failure) 138M->2M(494M) 0.446ms
[80.722s][info][gc] GC(30) Pause Young (Allocation Failure) 138M->2M(494M) 0.690ms
[82.965s][info][gc] GC(31) Pause Young (Allocation Failure) 138M->2M(494M) 0.663ms
[85.288s][info][gc] GC(32) Pause Young (Allocation Failure) 138M->2M(494M) 0.940ms
[87.470s][info][gc] GC(33) Pause Young (Allocation Failure) 138M->2M(494M) 0.816ms
[89.739s][info][gc] GC(34) Pause Young (Allocation Failure) 138M->2M(494M) 0.910ms
[92.055s][info][gc] GC(35) Pause Young (Allocation Failure) 138M->2M(494M) 0.966ms
[94.536s][info][gc] GC(36) Pause Young (Allocation Failure) 138M->1M(494M) 0.146ms
[96.894s][info][gc] GC(37) Pause Young (Allocation Failure) 138M->1M(494M) 0.265ms
[99.308s][info][gc] GC(38) Pause Young (Allocation Failure) 138M->2M(494M) 0.433ms
[101.686s][info][gc] GC(39) Pause Young (Allocation Failure) 138M->2M(494M) 0.519ms
[103.937s][info][gc] GC(40) Pause Young (Allocation Failure) 138M->2M(494M) 0.471ms
[106.268s][info][gc] GC(41) Pause Young (Allocation Failure) 138M->2M(494M) 0.817ms
[108.595s][info][gc] GC(42) Pause Young (Allocation Failure) 138M->2M(494M) 0.704ms
[110.905s][info][gc] GC(43) Pause Young (Allocation Failure) 138M->2M(494M) 0.860ms
[113.296s][info][gc] GC(44) Pause Young (Allocation Failure) 138M->2M(494M) 0.770ms
[115.729s][info][gc] GC(45) Pause Young (Allocation Failure) 138M->2M(494M) 0.940ms
[118.042s][info][gc] GC(46) Pause Young (Allocation Failure) 138M->2M(494M) 0.851ms
[120.305s][info][gc] GC(47) Pause Young (Allocation Failure) 138M->1M(494M) 0.143ms
[122.536s][info][gc] GC(48) Pause Young (Allocation Failure) 138M->1M(494M) 0.294ms
[124.707s][info][gc] GC(49) Pause Young (Allocation Failure) 138M->2M(494M) 0.351ms
[126.937s][info][gc] GC(50) Pause Young (Allocation Failure) 138M->1M(494M) 0.224ms
[129.201s][info][gc] GC(51) Pause Young (Allocation Failure) 138M->2M(494M) 0.408ms
[131.419s][info][gc] GC(52) Pause Young (Allocation Failure) 138M->2M(494M) 0.629ms
[133.804s][info][gc] GC(53) Pause Young (Allocation Failure) 138M->2M(494M) 0.755ms
[136.241s][info][gc] GC(54) Pause Young (Allocation Failure) 138M->2M(494M) 0.610ms
[138.657s][info][gc] GC(55) Pause Young (Allocation Failure) 138M->2M(494M) 0.777ms
[140.935s][info][gc] GC(56) Pause Young (Allocation Failure) 138M->2M(494M) 1.064ms
[143.220s][info][gc] GC(57) Pause Young (Allocation Failure) 138M->2M(494M) 0.757ms
[145.489s][info][gc] GC(58) Pause Young (Allocation Failure) 138M->2M(494M) 1.049ms
[147.752s][info][gc] GC(59) Pause Young (Allocation Failure) 138M->2M(494M) 1.046ms
[149.973s][info][gc] GC(60) Pause Young (Allocation Failure) 138M->1M(494M) 0.210ms
[152.269s][info][gc] GC(61) Pause Young (Allocation Failure) 138M->1M(494M) 0.538ms
[154.624s][info][gc] GC(62) Pause Young (Allocation Failure) 138M->2M(494M) 0.502ms
[156.861s][info][gc] GC(63) Pause Young (Allocation Failure) 138M->2M(494M) 0.633ms
[159.010s][info][gc] GC(64) Pause Young (Allocation Failure) 138M->2M(494M) 0.841ms
[161.202s][info][gc] GC(65) Pause Young (Allocation Failure) 138M->2M(494M) 1.035ms
[163.453s][info][gc] GC(66) Pause Young (Allocation Failure) 138M->2M(494M) 0.998ms
[165.769s][info][gc] GC(67) Pause Young (Allocation Failure) 138M->1M(494M) 0.233ms
[168.205s][info][gc] GC(68) Pause Young (Allocation Failure) 138M->1M(494M) 0.279ms
[170.553s][info][gc] GC(69) Pause Young (Allocation Failure) 138M->2M(494M) 0.534ms
[172.867s][info][gc] GC(70) Pause Young (Allocation Failure) 138M->2M(494M) 0.567ms
[175.154s][info][gc] GC(71) Pause Young (Allocation Failure) 138M->2M(494M) 0.678ms
[177.563s][info][gc] GC(72) Pause Young (Allocation Failure) 138M->2M(494M) 0.928ms
[179.768s][info][gc] GC(73) Pause Young (Allocation Failure) 138M->2M(494M) 0.944ms
[182.119s][info][gc] GC(74) Pause Young (Allocation Failure) 138M->2M(494M) 0.924ms
[184.488s][info][gc] GC(75) Pause Young (Allocation Failure) 138M->1M(494M) 0.162ms
[186.866s][info][gc] GC(76) Pause Young (Allocation Failure) 138M->1M(494M) 0.331ms
[189.272s][info][gc] GC(77) Pause Young (Allocation Failure) 138M->2M(494M) 0.534ms
[191.655s][info][gc] GC(78) Pause Young (Allocation Failure) 138M->1M(494M) 0.298ms
[194.105s][info][gc] GC(79) Pause Young (Allocation Failure) 138M->2M(494M) 0.465ms
