[0.260s][info][gc] Using Serial
[13.885s][info][gc] GC(0) Pause Young (Allocation Failure) 409M->2M(972M) 5.378ms
[14.576s][info][gc] GC(1) Pause Full (JvmtiEnv ForceGarbageCollection) 163M->2M(972M) 30.365ms
[16.557s][info][gc] GC(2) Pause Young (Allocation Failure) 412M->3M(972M) 2.100ms
[17.096s][info][gc] GC(3) Pause Full (JvmtiEnv ForceGarbageCollection) 114M->2M(972M) 22.747ms
[19.019s][info][gc] GC(4) Pause Young (Allocation Failure) 412M->3M(972M) 1.384ms
[19.524s][info][gc] GC(5) Pause Full (JvmtiEnv ForceGarbageCollection) 104M->2M(972M) 23.673ms
[21.509s][info][gc] GC(6) Pause Young (Allocation Failure) 412M->3M(972M) 2.303ms
[21.997s][info][gc] GC(7) Pause Full (JvmtiEnv ForceGarbageCollection) 105M->2M(972M) 24.877ms
[23.991s][info][gc] GC(8) Pause Young (Allocation Failure) 412M->4M(972M) 3.372ms
[24.454s][info][gc] GC(9) Pause Full (JvmtiEnv ForceGarbageCollection) 98M->2M(972M) 23.958ms
[26.438s][info][gc] GC(10) Pause Young (Allocation Failure) 412M->4M(972M) 2.882ms
[26.885s][info][gc] GC(11) Pause Full (JvmtiEnv ForceGarbageCollection) 98M->2M(972M) 25.704ms
[28.888s][info][gc] GC(12) Pause Young (Allocation Failure) 412M->4M(972M) 3.046ms
[29.322s][info][gc] GC(13) Pause Full (JvmtiEnv ForceGarbageCollection) 96M->2M(972M) 23.506ms
[31.311s][info][gc] GC(14) Pause Young (Allocation Failure) 412M->3M(972M) 2.451ms
[31.770s][info][gc] GC(15) Pause Full (JvmtiEnv ForceGarbageCollection) 96M->2M(972M) 24.969ms
[33.820s][info][gc] GC(16) Pause Young (Allocation Failure) 412M->3M(972M) 0.681ms
[34.228s][info][gc] GC(17) Pause Full (JvmtiEnv ForceGarbageCollection) 96M->2M(972M) 22.804ms
[36.237s][info][gc] GC(18) Pause Young (Allocation Failure) 412M->3M(972M) 0.680ms
[36.651s][info][gc] GC(19) Pause Full (JvmtiEnv ForceGarbageCollection) 96M->2M(972M) 24.011ms
[38.718s][info][gc] GC(20) Pause Young (Allocation Failure) 412M->2M(972M) 0.557ms
[39.124s][info][gc] GC(21) Pause Full (JvmtiEnv ForceGarbageCollection) 96M->2M(972M) 24.616ms
[41.145s][info][gc] GC(22) Pause Young (Allocation Failure) 412M->2M(972M) 0.582ms
[41.567s][info][gc] GC(23) Pause Full (JvmtiEnv ForceGarbageCollection) 99M->2M(972M) 24.409ms
[43.593s][info][gc] GC(24) Pause Young (Allocation Failure) 412M->3M(972M) 0.806ms
[44.029s][info][gc] GC(25) Pause Full (JvmtiEnv ForceGarbageCollection) 94M->2M(972M) 23.380ms
[46.036s][info][gc] GC(26) Pause Young (Allocation Failure) 412M->3M(972M) 0.770ms
[46.481s][info][gc] GC(27) Pause Full (JvmtiEnv ForceGarbageCollection) 94M->2M(972M) 25.860ms
[48.583s][info][gc] GC(28) Pause Young (Allocation Failure) 412M->3M(972M) 0.884ms
[49.039s][info][gc] GC(29) Pause Full (JvmtiEnv ForceGarbageCollection) 95M->2M(972M) 26.854ms
[51.049s][info][gc] GC(30) Pause Young (Allocation Failure) 412M->3M(972M) 0.925ms
[51.497s][info][gc] GC(31) Pause Full (JvmtiEnv ForceGarbageCollection) 97M->2M(972M) 24.803ms
[53.510s][info][gc] GC(32) Pause Young (Allocation Failure) 412M->4M(972M) 3.237ms
[53.974s][info][gc] GC(33) Pause Full (JvmtiEnv ForceGarbageCollection) 96M->2M(972M) 24.457ms
[56.007s][info][gc] GC(34) Pause Young (Allocation Failure) 412M->3M(972M) 0.732ms
[56.417s][info][gc] GC(35) Pause Full (JvmtiEnv ForceGarbageCollection) 96M->2M(972M) 24.406ms
[58.411s][info][gc] GC(36) Pause Young (Allocation Failure) 412M->2M(972M) 0.303ms
[58.836s][info][gc] GC(37) Pause Full (JvmtiEnv ForceGarbageCollection) 95M->2M(972M) 24.153ms
[60.840s][info][gc] GC(38) Pause Young (Allocation Failure) 412M->2M(972M) 0.219ms
[61.279s][info][gc] GC(39) Pause Full (JvmtiEnv ForceGarbageCollection) 96M->2M(972M) 22.515ms
[63.316s][info][gc] GC(40) Pause Young (Allocation Failure) 412M->3M(972M) 0.880ms
[63.750s][info][gc] GC(41) Pause Full (JvmtiEnv ForceGarbageCollection) 95M->2M(972M) 23.543ms
[65.783s][info][gc] GC(42) Pause Young (Allocation Failure) 412M->3M(972M) 0.968ms
[66.241s][info][gc] GC(43) Pause Full (JvmtiEnv ForceGarbageCollection) 95M->2M(972M) 22.131ms
[68.231s][info][gc] GC(44) Pause Young (Allocation Failure) 412M->3M(972M) 1.267ms
[68.679s][info][gc] GC(45) Pause Full (JvmtiEnv ForceGarbageCollection) 94M->2M(972M) 26.361ms
[70.672s][info][gc] GC(46) Pause Young (Allocation Failure) 412M->3M(972M) 0.853ms
[71.100s][info][gc] GC(47) Pause Full (JvmtiEnv ForceGarbageCollection) 95M->2M(972M) 22.757ms
[73.086s][info][gc] GC(48) Pause Young (Allocation Failure) 412M->4M(972M) 3.270ms
[73.532s][info][gc] GC(49) Pause Full (JvmtiEnv ForceGarbageCollection) 97M->2M(972M) 24.668ms
[75.545s][info][gc] GC(50) Pause Young (Allocation Failure) 412M->3M(972M) 0.748ms
[75.989s][info][gc] GC(51) Pause Full (JvmtiEnv ForceGarbageCollection) 97M->2M(972M) 24.339ms
[78.034s][info][gc] GC(52) Pause Young (Allocation Failure) 412M->3M(972M) 1.064ms
[78.460s][info][gc] GC(53) Pause Full (JvmtiEnv ForceGarbageCollection) 96M->2M(972M) 22.366ms
[80.477s][info][gc] GC(54) Pause Young (Allocation Failure) 412M->2M(972M) 0.274ms
[80.924s][info][gc] GC(55) Pause Full (JvmtiEnv ForceGarbageCollection) 95M->2M(972M) 20.836ms
[82.895s][info][gc] GC(56) Pause Young (Allocation Failure) 412M->4M(972M) 3.129ms
[83.351s][info][gc] GC(57) Pause Full (JvmtiEnv ForceGarbageCollection) 97M->2M(972M) 22.345ms
[85.356s][info][gc] GC(58) Pause Young (Allocation Failure) 412M->2M(972M) 0.258ms
[85.773s][info][gc] GC(59) Pause Full (JvmtiEnv ForceGarbageCollection) 95M->2M(972M) 25.253ms
[87.829s][info][gc] GC(60) Pause Young (Allocation Failure) 412M->2M(972M) 0.282ms
[88.262s][info][gc] GC(61) Pause Full (JvmtiEnv ForceGarbageCollection) 95M->2M(972M) 24.162ms
[90.335s][info][gc] GC(62) Pause Young (Allocation Failure) 412M->2M(972M) 0.258ms
[90.745s][info][gc] GC(63) Pause Full (JvmtiEnv ForceGarbageCollection) 95M->2M(972M) 20.582ms
[92.739s][info][gc] GC(64) Pause Young (Allocation Failure) 412M->4M(972M) 2.671ms
[93.177s][info][gc] GC(65) Pause Full (JvmtiEnv ForceGarbageCollection) 97M->2M(972M) 25.497ms
[95.206s][info][gc] GC(66) Pause Young (Allocation Failure) 412M->3M(972M) 0.761ms
[95.653s][info][gc] GC(67) Pause Full (JvmtiEnv ForceGarbageCollection) 95M->2M(972M) 23.265ms
[97.668s][info][gc] GC(68) Pause Young (Allocation Failure) 412M->3M(972M) 1.145ms
[98.114s][info][gc] GC(69) Pause Full (JvmtiEnv ForceGarbageCollection) 95M->2M(972M) 23.018ms
[100.099s][info][gc] GC(70) Pause Young (Allocation Failure) 412M->3M(972M) 0.845ms
[100.539s][info][gc] GC(71) Pause Full (JvmtiEnv ForceGarbageCollection) 94M->2M(972M) 23.645ms
[102.625s][info][gc] GC(72) Pause Young (Allocation Failure) 412M->2M(972M) 0.409ms
[103.062s][info][gc] GC(73) Pause Full (JvmtiEnv ForceGarbageCollection) 95M->2M(972M) 25.716ms
[105.086s][info][gc] GC(74) Pause Young (Allocation Failure) 412M->3M(972M) 0.758ms
[105.543s][info][gc] GC(75) Pause Full (JvmtiEnv ForceGarbageCollection) 95M->2M(972M) 24.097ms
[107.581s][info][gc] GC(76) Pause Young (Allocation Failure) 412M->3M(972M) 0.711ms
[108.035s][info][gc] GC(77) Pause Full (JvmtiEnv ForceGarbageCollection) 96M->2M(972M) 23.594ms
[110.081s][info][gc] GC(78) Pause Young (Allocation Failure) 412M->3M(972M) 0.994ms
[110.531s][info][gc] GC(79) Pause Full (JvmtiEnv ForceGarbageCollection) 96M->2M(972M) 22.135ms
[112.556s][info][gc] GC(80) Pause Young (Allocation Failure) 412M->5M(972M) 4.141ms
[113.027s][info][gc] GC(81) Pause Full (JvmtiEnv ForceGarbageCollection) 98M->2M(972M) 24.762ms
[115.041s][info][gc] GC(82) Pause Young (Allocation Failure) 412M->2M(972M) 0.299ms
[115.491s][info][gc] GC(83) Pause Full (JvmtiEnv ForceGarbageCollection) 95M->2M(972M) 23.369ms
[117.497s][info][gc] GC(84) Pause Young (Allocation Failure) 412M->2M(972M) 0.272ms
[117.934s][info][gc] GC(85) Pause Full (JvmtiEnv ForceGarbageCollection) 95M->2M(972M) 22.322ms
[119.840s][info][gc] GC(86) Pause Young (Allocation Failure) 412M->4M(972M) 3.713ms
[120.266s][info][gc] GC(87) Pause Full (JvmtiEnv ForceGarbageCollection) 97M->2M(972M) 24.756ms
[122.182s][info][gc] GC(88) Pause Young (Allocation Failure) 412M->5M(972M) 5.499ms
[122.641s][info][gc] GC(89) Pause Full (JvmtiEnv ForceGarbageCollection) 96M->2M(972M) 23.285ms
[124.593s][info][gc] GC(90) Pause Young (Allocation Failure) 412M->2M(972M) 0.261ms
[125.020s][info][gc] GC(91) Pause Full (JvmtiEnv ForceGarbageCollection) 95M->2M(972M) 21.545ms
[126.950s][info][gc] GC(92) Pause Young (Allocation Failure) 412M->2M(972M) 0.291ms
[127.380s][info][gc] GC(93) Pause Full (JvmtiEnv ForceGarbageCollection) 95M->2M(972M) 26.272ms
[129.289s][info][gc] GC(94) Pause Young (Allocation Failure) 412M->2M(972M) 0.255ms
[129.718s][info][gc] GC(95) Pause Full (JvmtiEnv ForceGarbageCollection) 95M->2M(972M) 24.013ms
[131.658s][info][gc] GC(96) Pause Young (Allocation Failure) 412M->5M(972M) 3.683ms
[132.115s][info][gc] GC(97) Pause Full (JvmtiEnv ForceGarbageCollection) 96M->2M(972M) 23.879ms
[134.032s][info][gc] GC(98) Pause Young (Allocation Failure) 412M->2M(972M) 0.274ms
[134.472s][info][gc] GC(99) Pause Full (JvmtiEnv ForceGarbageCollection) 95M->2M(972M) 22.977ms
[136.401s][info][gc] GC(100) Pause Young (Allocation Failure) 412M->2M(972M) 0.285ms
[136.837s][info][gc] GC(101) Pause Full (JvmtiEnv ForceGarbageCollection) 95M->2M(972M) 22.525ms
[138.771s][info][gc] GC(102) Pause Young (Allocation Failure) 412M->2M(972M) 0.252ms
[139.196s][info][gc] GC(103) Pause Full (JvmtiEnv ForceGarbageCollection) 95M->2M(972M) 23.984ms
[141.121s][info][gc] GC(104) Pause Young (Allocation Failure) 412M->4M(972M) 3.305ms
[141.575s][info][gc] GC(105) Pause Full (JvmtiEnv ForceGarbageCollection) 97M->2M(972M) 24.449ms
[143.571s][info][gc] GC(106) Pause Young (Allocation Failure) 412M->3M(972M) 1.025ms
[144.022s][info][gc] GC(107) Pause Full (JvmtiEnv ForceGarbageCollection) 95M->2M(972M) 25.726ms
[146.044s][info][gc] GC(108) Pause Young (Allocation Failure) 412M->3M(972M) 1.324ms
[146.492s][info][gc] GC(109) Pause Full (JvmtiEnv ForceGarbageCollection) 95M->2M(972M) 24.236ms
[148.510s][info][gc] GC(110) Pause Young (Allocation Failure) 412M->3M(972M) 0.978ms
[148.935s][info][gc] GC(111) Pause Full (JvmtiEnv ForceGarbageCollection) 94M->2M(972M) 25.475ms
[150.937s][info][gc] GC(112) Pause Young (Allocation Failure) 412M->3M(972M) 0.754ms
[151.385s][info][gc] GC(113) Pause Full (JvmtiEnv ForceGarbageCollection) 96M->2M(972M) 25.143ms
[153.395s][info][gc] GC(114) Pause Young (Allocation Failure) 412M->3M(972M) 0.876ms
[153.852s][info][gc] GC(115) Pause Full (JvmtiEnv ForceGarbageCollection) 95M->2M(972M) 34.805ms
[155.868s][info][gc] GC(116) Pause Young (Allocation Failure) 412M->3M(972M) 0.873ms
[156.325s][info][gc] GC(117) Pause Full (JvmtiEnv ForceGarbageCollection) 96M->2M(972M) 20.967ms
[158.369s][info][gc] GC(118) Pause Young (Allocation Failure) 412M->2M(972M) 0.296ms
[158.797s][info][gc] GC(119) Pause Full (JvmtiEnv ForceGarbageCollection) 95M->2M(972M) 22.365ms
[160.826s][info][gc] GC(120) Pause Young (Allocation Failure) 412M->2M(972M) 0.321ms
[161.281s][info][gc] GC(121) Pause Full (JvmtiEnv ForceGarbageCollection) 95M->2M(972M) 21.258ms
[163.319s][info][gc] GC(122) Pause Young (Allocation Failure) 412M->2M(972M) 0.280ms
[163.742s][info][gc] GC(123) Pause Full (JvmtiEnv ForceGarbageCollection) 95M->2M(972M) 23.237ms
[165.771s][info][gc] GC(124) Pause Young (Allocation Failure) 412M->2M(972M) 0.323ms
[166.197s][info][gc] GC(125) Pause Full (JvmtiEnv ForceGarbageCollection) 95M->2M(972M) 27.916ms
[168.217s][info][gc] GC(126) Pause Young (Allocation Failure) 412M->2M(972M) 0.309ms
[168.652s][info][gc] GC(127) Pause Full (JvmtiEnv ForceGarbageCollection) 95M->2M(972M) 21.646ms
[170.667s][info][gc] GC(128) Pause Young (Allocation Failure) 412M->2M(972M) 0.274ms
[171.088s][info][gc] GC(129) Pause Full (JvmtiEnv ForceGarbageCollection) 95M->2M(972M) 22.050ms
[173.145s][info][gc] GC(130) Pause Young (Allocation Failure) 412M->2M(972M) 0.218ms
[173.576s][info][gc] GC(131) Pause Full (JvmtiEnv ForceGarbageCollection) 95M->2M(972M) 22.168ms
[175.606s][info][gc] GC(132) Pause Young (Allocation Failure) 412M->2M(972M) 0.272ms
[176.035s][info][gc] GC(133) Pause Full (JvmtiEnv ForceGarbageCollection) 95M->2M(972M) 22.450ms
[178.094s][info][gc] GC(134) Pause Young (Allocation Failure) 412M->2M(972M) 0.381ms
[178.535s][info][gc] GC(135) Pause Full (JvmtiEnv ForceGarbageCollection) 95M->2M(972M) 24.751ms
[180.561s][info][gc] GC(136) Pause Young (Allocation Failure) 412M->2M(972M) 0.265ms
[180.975s][info][gc] GC(137) Pause Full (JvmtiEnv ForceGarbageCollection) 95M->2M(972M) 25.867ms
[182.998s][info][gc] GC(138) Pause Young (Allocation Failure) 412M->2M(972M) 0.249ms
[183.422s][info][gc] GC(139) Pause Full (JvmtiEnv ForceGarbageCollection) 95M->2M(972M) 25.758ms
[185.474s][info][gc] GC(140) Pause Young (Allocation Failure) 412M->2M(972M) 0.311ms
[185.914s][info][gc] GC(141) Pause Full (JvmtiEnv ForceGarbageCollection) 95M->2M(972M) 23.265ms
[187.969s][info][gc] GC(142) Pause Young (Allocation Failure) 412M->2M(972M) 0.278ms
[188.418s][info][gc] GC(143) Pause Full (JvmtiEnv ForceGarbageCollection) 95M->2M(972M) 26.493ms
[190.489s][info][gc] GC(144) Pause Young (Allocation Failure) 412M->2M(972M) 0.345ms
[190.917s][info][gc] GC(145) Pause Full (JvmtiEnv ForceGarbageCollection) 95M->2M(972M) 24.919ms
[192.992s][info][gc] GC(146) Pause Young (Allocation Failure) 412M->2M(972M) 0.254ms
[193.423s][info][gc] GC(147) Pause Full (JvmtiEnv ForceGarbageCollection) 95M->2M(972M) 27.012ms
[195.533s][info][gc] GC(148) Pause Young (Allocation Failure) 412M->2M(972M) 0.284ms
[195.974s][info][gc] GC(149) Pause Full (JvmtiEnv ForceGarbageCollection) 95M->2M(972M) 24.345ms
[198.062s][info][gc] GC(150) Pause Young (Allocation Failure) 412M->2M(972M) 0.272ms
[198.504s][info][gc] GC(151) Pause Full (JvmtiEnv ForceGarbageCollection) 95M->2M(972M) 24.282ms
