[0.003s][info][gc] Using Serial
[15.783s][info][gc] GC(0) Pause Full (JvmtiEnv ForceGarbageCollection) 170M->2M(486M) 34.368ms
[18.180s][info][gc] GC(1) Pause Full (JvmtiEnv ForceGarbageCollection) 155M->2M(486M) 30.070ms
[20.590s][info][gc] GC(2) Pause Full (JvmtiEnv ForceGarbageCollection) 151M->2M(486M) 28.995ms
[22.995s][info][gc] GC(3) Pause Full (JvmtiEnv ForceGarbageCollection) 147M->2M(486M) 32.348ms
[25.387s][info][gc] GC(4) Pause Full (JvmtiEnv ForceGarbageCollection) 148M->2M(486M) 30.142ms
[27.759s][info][gc] GC(5) Pause Full (JvmtiEnv ForceGarbageCollection) 147M->2M(486M) 28.159ms
[30.118s][info][gc] GC(6) Pause Full (JvmtiEnv ForceGarbageCollection) 145M->2M(486M) 26.967ms
[32.444s][info][gc] GC(7) Pause Full (JvmtiEnv ForceGarbageCollection) 146M->2M(486M) 28.951ms
[34.793s][info][gc] GC(8) Pause Full (JvmtiEnv ForceGarbageCollection) 143M->2M(486M) 32.500ms
[37.221s][info][gc] GC(9) Pause Full (JvmtiEnv ForceGarbageCollection) 143M->2M(486M) 30.253ms
[39.604s][info][gc] GC(10) Pause Full (JvmtiEnv ForceGarbageCollection) 145M->2M(486M) 29.056ms
[41.978s][info][gc] GC(11) Pause Full (JvmtiEnv ForceGarbageCollection) 147M->2M(486M) 32.551ms
[44.335s][info][gc] GC(12) Pause Full (JvmtiEnv ForceGarbageCollection) 144M->2M(486M) 28.845ms
[46.724s][info][gc] GC(13) Pause Full (JvmtiEnv ForceGarbageCollection) 144M->2M(486M) 31.873ms
[49.104s][info][gc] GC(14) Pause Full (JvmtiEnv ForceGarbageCollection) 143M->2M(486M) 30.437ms
[51.499s][info][gc] GC(15) Pause Full (JvmtiEnv ForceGarbageCollection) 147M->2M(486M) 29.847ms
[53.909s][info][gc] GC(16) Pause Full (JvmtiEnv ForceGarbageCollection) 146M->2M(486M) 29.396ms
[56.307s][info][gc] GC(17) Pause Full (JvmtiEnv ForceGarbageCollection) 144M->2M(486M) 30.726ms
[58.699s][info][gc] GC(18) Pause Full (JvmtiEnv ForceGarbageCollection) 145M->2M(486M) 29.345ms
[61.081s][info][gc] GC(19) Pause Full (JvmtiEnv ForceGarbageCollection) 145M->2M(486M) 29.912ms
[63.486s][info][gc] GC(20) Pause Full (JvmtiEnv ForceGarbageCollection) 145M->2M(486M) 30.367ms
[65.843s][info][gc] GC(21) Pause Full (JvmtiEnv ForceGarbageCollection) 144M->2M(486M) 31.126ms
[68.203s][info][gc] GC(22) Pause Full (JvmtiEnv ForceGarbageCollection) 144M->2M(486M) 28.820ms
[70.621s][info][gc] GC(23) Pause Full (JvmtiEnv ForceGarbageCollection) 146M->2M(486M) 29.066ms
[72.997s][info][gc] GC(24) Pause Full (JvmtiEnv ForceGarbageCollection) 146M->2M(486M) 36.359ms
[75.343s][info][gc] GC(25) Pause Full (JvmtiEnv ForceGarbageCollection) 145M->2M(486M) 38.664ms
[77.672s][info][gc] GC(26) Pause Full (JvmtiEnv ForceGarbageCollection) 144M->2M(486M) 30.470ms
[80.038s][info][gc] GC(27) Pause Full (JvmtiEnv ForceGarbageCollection) 144M->2M(486M) 28.663ms
[82.412s][info][gc] GC(28) Pause Full (JvmtiEnv ForceGarbageCollection) 146M->2M(486M) 30.251ms
[84.785s][info][gc] GC(29) Pause Full (JvmtiEnv ForceGarbageCollection) 146M->2M(486M) 29.344ms
[87.129s][info][gc] GC(30) Pause Full (JvmtiEnv ForceGarbageCollection) 145M->2M(486M) 31.607ms
[89.528s][info][gc] GC(31) Pause Full (JvmtiEnv ForceGarbageCollection) 145M->2M(486M) 27.977ms
[91.883s][info][gc] GC(32) Pause Full (JvmtiEnv ForceGarbageCollection) 145M->2M(486M) 32.000ms
[94.242s][info][gc] GC(33) Pause Full (JvmtiEnv ForceGarbageCollection) 143M->2M(486M) 29.402ms
[96.606s][info][gc] GC(34) Pause Full (JvmtiEnv ForceGarbageCollection) 143M->2M(486M) 29.911ms
[99.004s][info][gc] GC(35) Pause Full (JvmtiEnv ForceGarbageCollection) 146M->2M(486M) 30.767ms
[101.386s][info][gc] GC(36) Pause Full (JvmtiEnv ForceGarbageCollection) 146M->2M(486M) 30.152ms
[103.812s][info][gc] GC(37) Pause Full (JvmtiEnv ForceGarbageCollection) 145M->2M(486M) 30.452ms
[106.194s][info][gc] GC(38) Pause Full (JvmtiEnv ForceGarbageCollection) 143M->2M(486M) 31.647ms
[108.571s][info][gc] GC(39) Pause Full (JvmtiEnv ForceGarbageCollection) 143M->2M(486M) 31.766ms
[110.986s][info][gc] GC(40) Pause Full (JvmtiEnv ForceGarbageCollection) 146M->2M(486M) 31.275ms
[113.365s][info][gc] GC(41) Pause Full (JvmtiEnv ForceGarbageCollection) 145M->2M(486M) 30.956ms
[115.740s][info][gc] GC(42) Pause Full (JvmtiEnv ForceGarbageCollection) 146M->2M(486M) 27.376ms
[118.085s][info][gc] GC(43) Pause Full (JvmtiEnv ForceGarbageCollection) 143M->2M(486M) 30.441ms
[120.468s][info][gc] GC(44) Pause Full (JvmtiEnv ForceGarbageCollection) 143M->2M(486M) 30.361ms
[122.787s][info][gc] GC(45) Pause Full (JvmtiEnv ForceGarbageCollection) 146M->2M(486M) 30.899ms
[125.175s][info][gc] GC(46) Pause Full (JvmtiEnv ForceGarbageCollection) 145M->2M(486M) 32.167ms
[127.522s][info][gc] GC(47) Pause Full (JvmtiEnv ForceGarbageCollection) 145M->2M(486M) 28.709ms
[129.863s][info][gc] GC(48) Pause Full (JvmtiEnv ForceGarbageCollection) 144M->2M(486M) 30.889ms
[132.234s][info][gc] GC(49) Pause Full (JvmtiEnv ForceGarbageCollection) 143M->2M(486M) 28.331ms
[134.597s][info][gc] GC(50) Pause Full (JvmtiEnv ForceGarbageCollection) 146M->2M(486M) 31.335ms
[136.967s][info][gc] GC(51) Pause Full (JvmtiEnv ForceGarbageCollection) 145M->2M(486M) 30.847ms
[139.327s][info][gc] GC(52) Pause Full (JvmtiEnv ForceGarbageCollection) 145M->2M(486M) 30.990ms
[141.716s][info][gc] GC(53) Pause Full (JvmtiEnv ForceGarbageCollection) 144M->2M(486M) 33.138ms
[144.066s][info][gc] GC(54) Pause Full (JvmtiEnv ForceGarbageCollection) 145M->2M(486M) 28.489ms
[146.415s][info][gc] GC(55) Pause Full (JvmtiEnv ForceGarbageCollection) 146M->2M(486M) 30.617ms
[148.797s][info][gc] GC(56) Pause Full (JvmtiEnv ForceGarbageCollection) 146M->2M(486M) 31.166ms
[151.188s][info][gc] GC(57) Pause Full (JvmtiEnv ForceGarbageCollection) 145M->2M(486M) 31.121ms
[153.580s][info][gc] GC(58) Pause Full (JvmtiEnv ForceGarbageCollection) 144M->2M(486M) 31.543ms
[156.020s][info][gc] GC(59) Pause Full (JvmtiEnv ForceGarbageCollection) 144M->2M(486M) 30.357ms
[158.401s][info][gc] GC(60) Pause Full (JvmtiEnv ForceGarbageCollection) 145M->2M(486M) 30.933ms
[160.770s][info][gc] GC(61) Pause Full (JvmtiEnv ForceGarbageCollection) 146M->2M(486M) 34.061ms
[163.163s][info][gc] GC(62) Pause Full (JvmtiEnv ForceGarbageCollection) 145M->2M(486M) 28.415ms
[165.541s][info][gc] GC(63) Pause Full (JvmtiEnv ForceGarbageCollection) 145M->2M(486M) 27.896ms
[167.916s][info][gc] GC(64) Pause Full (JvmtiEnv ForceGarbageCollection) 143M->2M(486M) 30.633ms
[170.289s][info][gc] GC(65) Pause Full (JvmtiEnv ForceGarbageCollection) 144M->2M(486M) 30.566ms
[172.620s][info][gc] GC(66) Pause Full (JvmtiEnv ForceGarbageCollection) 146M->2M(486M) 31.643ms
[175.019s][info][gc] GC(67) Pause Full (JvmtiEnv ForceGarbageCollection) 145M->2M(486M) 31.325ms
[177.391s][info][gc] GC(68) Pause Full (JvmtiEnv ForceGarbageCollection) 145M->2M(486M) 28.850ms
[179.748s][info][gc] GC(69) Pause Full (JvmtiEnv ForceGarbageCollection) 143M->2M(486M) 29.099ms
[182.116s][info][gc] GC(70) Pause Full (JvmtiEnv ForceGarbageCollection) 145M->2M(486M) 29.275ms
[184.480s][info][gc] GC(71) Pause Full (JvmtiEnv ForceGarbageCollection) 146M->2M(486M) 30.585ms
[186.816s][info][gc] GC(72) Pause Full (JvmtiEnv ForceGarbageCollection) 145M->2M(486M) 29.472ms
[189.256s][info][gc] GC(73) Pause Full (JvmtiEnv ForceGarbageCollection) 145M->2M(486M) 32.539ms
[191.640s][info][gc] GC(74) Pause Full (JvmtiEnv ForceGarbageCollection) 145M->2M(486M) 32.033ms
[193.998s][info][gc] GC(75) Pause Full (JvmtiEnv ForceGarbageCollection) 144M->2M(486M) 30.375ms
