[0.137s][info][gc] Using Serial
[7.611s][info][gc] GC(0) Pause Young (Allocation Failure) 136M->2M(494M) 4.487ms
[9.964s][info][gc] GC(1) Pause Young (Allocation Failure) 138M->2M(494M) 3.700ms
[12.231s][info][gc] GC(2) Pause Young (Allocation Failure) 138M->1M(494M) 1.937ms
[14.574s][info][gc] GC(3) Pause Young (Allocation Failure) 138M->2M(494M) 4.329ms
[16.830s][info][gc] GC(4) Pause Young (Allocation Failure) 138M->2M(494M) 3.220ms
[19.014s][info][gc] GC(5) Pause Young (Allocation Failure) 138M->2M(494M) 3.389ms
[21.405s][info][gc] GC(6) Pause Young (Allocation Failure) 138M->2M(494M) 2.787ms
[23.899s][info][gc] GC(7) Pause Young (Allocation Failure) 138M->1M(494M) 2.257ms
[26.518s][info][gc] GC(8) Pause Young (Allocation Failure) 138M->2M(494M) 2.825ms
[28.782s][info][gc] GC(9) Pause Young (Allocation Failure) 138M->2M(494M) 2.890ms
[31.487s][info][gc] GC(10) Pause Young (Allocation Failure) 138M->2M(494M) 2.833ms
[33.676s][info][gc] GC(11) Pause Young (Allocation Failure) 138M->2M(494M) 3.818ms
[35.816s][info][gc] GC(12) Pause Young (Allocation Failure) 138M->2M(494M) 3.343ms
[38.012s][info][gc] GC(13) Pause Young (Allocation Failure) 138M->1M(494M) 2.095ms
[40.410s][info][gc] GC(14) Pause Young (Allocation Failure) 138M->1M(494M) 2.272ms
[42.643s][info][gc] GC(15) Pause Young (Allocation Failure) 138M->2M(494M) 2.986ms
[44.874s][info][gc] GC(16) Pause Young (Allocation Failure) 138M->1M(494M) 0.333ms
[47.077s][info][gc] GC(17) Pause Young (Allocation Failure) 138M->2M(494M) 0.589ms
[49.649s][info][gc] GC(18) Pause Young (Allocation Failure) 138M->2M(494M) 0.684ms
[51.926s][info][gc] GC(19) Pause Young (Allocation Failure) 138M->2M(494M) 0.659ms
[54.198s][info][gc] GC(20) Pause Young (Allocation Failure) 138M->2M(494M) 0.925ms
[56.356s][info][gc] GC(21) Pause Young (Allocation Failure) 138M->2M(494M) 0.935ms
[58.653s][info][gc] GC(22) Pause Young (Allocation Failure) 138M->2M(494M) 0.853ms
[61.378s][info][gc] GC(23) Pause Young (Allocation Failure) 138M->2M(494M) 0.834ms
[63.590s][info][gc] GC(24) Pause Young (Allocation Failure) 138M->1M(494M) 0.191ms
[65.909s][info][gc] GC(25) Pause Young (Allocation Failure) 138M->1M(494M) 0.288ms
[68.140s][info][gc] GC(26) Pause Young (Allocation Failure) 138M->1M(494M) 0.497ms
[70.311s][info][gc] GC(27) Pause Young (Allocation Failure) 138M->1M(494M) 0.335ms
[72.479s][info][gc] GC(28) Pause Young (Allocation Failure) 138M->1M(494M) 0.348ms
[74.639s][info][gc] GC(29) Pause Young (Allocation Failure) 138M->2M(494M) 0.471ms
[76.941s][info][gc] GC(30) Pause Young (Allocation Failure) 138M->2M(494M) 0.628ms
[79.089s][info][gc] GC(31) Pause Young (Allocation Failure) 138M->2M(494M) 0.646ms
[81.299s][info][gc] GC(32) Pause Young (Allocation Failure) 138M->2M(494M) 0.686ms
[83.832s][info][gc] GC(33) Pause Young (Allocation Failure) 138M->2M(494M) 0.842ms
[86.048s][info][gc] GC(34) Pause Young (Allocation Failure) 138M->2M(494M) 0.886ms
[88.359s][info][gc] GC(35) Pause Young (Allocation Failure) 138M->2M(494M) 0.672ms
[91.208s][info][gc] GC(36) Pause Young (Allocation Failure) 138M->2M(494M) 0.984ms
[93.588s][info][gc] GC(37) Pause Young (Allocation Failure) 138M->2M(494M) 1.071ms
[96.120s][info][gc] GC(38) Pause Young (Allocation Failure) 138M->1M(494M) 0.226ms
[98.353s][info][gc] GC(39) Pause Young (Allocation Failure) 138M->1M(494M) 0.328ms
[100.735s][info][gc] GC(40) Pause Young (Allocation Failure) 138M->2M(494M) 0.389ms
[103.011s][info][gc] GC(41) Pause Young (Allocation Failure) 138M->2M(494M) 0.419ms
[105.321s][info][gc] GC(42) Pause Young (Allocation Failure) 138M->2M(494M) 0.651ms
[107.742s][info][gc] GC(43) Pause Young (Allocation Failure) 138M->2M(494M) 0.649ms
[110.280s][info][gc] GC(44) Pause Young (Allocation Failure) 138M->2M(494M) 0.621ms
[112.527s][info][gc] GC(45) Pause Young (Allocation Failure) 138M->2M(494M) 0.792ms
[114.661s][info][gc] GC(46) Pause Young (Allocation Failure) 138M->2M(494M) 0.947ms
[116.854s][info][gc] GC(47) Pause Young (Allocation Failure) 138M->2M(494M) 0.694ms
[119.075s][info][gc] GC(48) Pause Young (Allocation Failure) 138M->2M(494M) 0.874ms
[121.287s][info][gc] GC(49) Pause Young (Allocation Failure) 138M->2M(494M) 0.879ms
[123.535s][info][gc] GC(50) Pause Young (Allocation Failure) 138M->1M(494M) 0.185ms
[125.757s][info][gc] GC(51) Pause Young (Allocation Failure) 138M->1M(494M) 0.293ms
[128.005s][info][gc] GC(52) Pause Young (Allocation Failure) 138M->2M(494M) 0.422ms
[130.422s][info][gc] GC(53) Pause Young (Allocation Failure) 138M->1M(494M) 0.241ms
[132.878s][info][gc] GC(54) Pause Young (Allocation Failure) 138M->2M(494M) 0.392ms
[135.207s][info][gc] GC(55) Pause Young (Allocation Failure) 138M->2M(494M) 0.709ms
[137.572s][info][gc] GC(56) Pause Young (Allocation Failure) 138M->1M(494M) 0.371ms
[139.784s][info][gc] GC(57) Pause Young (Allocation Failure) 138M->2M(494M) 0.724ms
[141.974s][info][gc] GC(58) Pause Young (Allocation Failure) 138M->2M(494M) 0.469ms
[144.161s][info][gc] GC(59) Pause Young (Allocation Failure) 138M->1M(494M) 0.436ms
[146.711s][info][gc] GC(60) Pause Young (Allocation Failure) 138M->2M(494M) 0.581ms
[149.156s][info][gc] GC(61) Pause Young (Allocation Failure) 138M->2M(494M) 0.776ms
[152.453s][info][gc] GC(62) Pause Young (Allocation Failure) 138M->2M(494M) 0.672ms
[155.354s][info][gc] GC(63) Pause Young (Allocation Failure) 138M->2M(494M) 0.937ms
[158.021s][info][gc] GC(64) Pause Young (Allocation Failure) 138M->2M(494M) 1.007ms
[160.429s][info][gc] GC(65) Pause Young (Allocation Failure) 138M->2M(494M) 0.742ms
[162.580s][info][gc] GC(66) Pause Young (Allocation Failure) 138M->2M(494M) 1.069ms
[164.750s][info][gc] GC(67) Pause Young (Allocation Failure) 138M->2M(494M) 1.065ms
[166.915s][info][gc] GC(68) Pause Young (Allocation Failure) 138M->1M(494M) 0.252ms
[169.034s][info][gc] GC(69) Pause Young (Allocation Failure) 138M->1M(494M) 0.457ms
[171.228s][info][gc] GC(70) Pause Young (Allocation Failure) 138M->2M(494M) 0.473ms
[173.345s][info][gc] GC(71) Pause Young (Allocation Failure) 138M->2M(494M) 0.622ms
[175.515s][info][gc] GC(72) Pause Young (Allocation Failure) 138M->2M(494M) 0.743ms
[177.675s][info][gc] GC(73) Pause Young (Allocation Failure) 138M->2M(494M) 0.908ms
[179.859s][info][gc] GC(74) Pause Young (Allocation Failure) 138M->2M(494M) 0.840ms
[182.073s][info][gc] GC(75) Pause Young (Allocation Failure) 138M->1M(494M) 0.148ms
[184.255s][info][gc] GC(76) Pause Young (Allocation Failure) 138M->1M(494M) 0.332ms
[186.395s][info][gc] GC(77) Pause Young (Allocation Failure) 138M->1M(494M) 0.437ms
[188.538s][info][gc] GC(78) Pause Young (Allocation Failure) 138M->1M(494M) 0.449ms
[190.672s][info][gc] GC(79) Pause Young (Allocation Failure) 138M->1M(494M) 0.403ms
