[0.006s][info][gc] Using Serial
[8.895s][info][gc] GC(0) Pause Full (JvmtiEnv ForceGarbageCollection) 166M->2M(486M) 95.338ms
[11.219s][info][gc] GC(1) Pause Full (JvmtiEnv ForceGarbageCollection) 155M->2M(486M) 34.119ms
[13.470s][info][gc] GC(2) Pause Full (JvmtiEnv ForceGarbageCollection) 149M->2M(486M) 28.941ms
[15.864s][info][gc] GC(3) Pause Full (JvmtiEnv ForceGarbageCollection) 147M->2M(486M) 27.778ms
[18.189s][info][gc] GC(4) Pause Full (JvmtiEnv ForceGarbageCollection) 146M->2M(486M) 31.545ms
[20.488s][info][gc] GC(5) Pause Full (JvmtiEnv ForceGarbageCollection) 148M->2M(486M) 29.583ms
[22.790s][info][gc] GC(6) Pause Full (JvmtiEnv ForceGarbageCollection) 144M->2M(486M) 29.858ms
[25.100s][info][gc] GC(7) Pause Full (JvmtiEnv ForceGarbageCollection) 144M->2M(486M) 29.437ms
[27.443s][info][gc] GC(8) Pause Full (JvmtiEnv ForceGarbageCollection) 144M->2M(486M) 30.448ms
[29.773s][info][gc] GC(9) Pause Full (JvmtiEnv ForceGarbageCollection) 145M->2M(486M) 28.861ms
[32.063s][info][gc] GC(10) Pause Full (JvmtiEnv ForceGarbageCollection) 148M->2M(486M) 43.987ms
[34.285s][info][gc] GC(11) Pause Full (JvmtiEnv ForceGarbageCollection) 145M->2M(486M) 27.657ms
[36.744s][info][gc] GC(12) Pause Full (JvmtiEnv ForceGarbageCollection) 144M->2M(486M) 28.977ms
[39.531s][info][gc] GC(13) Pause Full (JvmtiEnv ForceGarbageCollection) 144M->2M(486M) 52.597ms
[42.098s][info][gc] GC(14) Pause Full (JvmtiEnv ForceGarbageCollection) 146M->2M(486M) 33.971ms
[44.628s][info][gc] GC(15) Pause Full (JvmtiEnv ForceGarbageCollection) 145M->2M(486M) 28.442ms
[47.232s][info][gc] GC(16) Pause Full (JvmtiEnv ForceGarbageCollection) 145M->2M(486M) 31.964ms
[49.726s][info][gc] GC(17) Pause Full (JvmtiEnv ForceGarbageCollection) 145M->2M(486M) 29.595ms
[52.222s][info][gc] GC(18) Pause Full (JvmtiEnv ForceGarbageCollection) 146M->2M(486M) 29.331ms
[54.789s][info][gc] GC(19) Pause Full (JvmtiEnv ForceGarbageCollection) 145M->2M(486M) 34.058ms
[57.454s][info][gc] GC(20) Pause Full (JvmtiEnv ForceGarbageCollection) 145M->2M(486M) 43.763ms
[60.160s][info][gc] GC(21) Pause Full (JvmtiEnv ForceGarbageCollection) 145M->2M(486M) 37.431ms
[62.793s][info][gc] GC(22) Pause Full (JvmtiEnv ForceGarbageCollection) 146M->2M(486M) 50.773ms
[69.335s][info][gc] GC(23) Pause Full (JvmtiEnv ForceGarbageCollection) 145M->2M(486M) 29.929ms
[80.014s][info][gc] GC(24) Pause Full (JvmtiEnv ForceGarbageCollection) 145M->2M(486M) 38.812ms
[87.363s][info][gc] GC(25) Pause Full (JvmtiEnv ForceGarbageCollection) 145M->2M(486M) 91.082ms
[94.194s][info][gc] GC(26) Pause Full (JvmtiEnv ForceGarbageCollection) 145M->2M(486M) 72.259ms
[97.274s][info][gc] GC(27) Pause Full (JvmtiEnv ForceGarbageCollection) 145M->2M(486M) 47.377ms
[100.325s][info][gc] GC(28) Pause Full (JvmtiEnv ForceGarbageCollection) 145M->2M(486M) 43.165ms
[103.230s][info][gc] GC(29) Pause Full (JvmtiEnv ForceGarbageCollection) 145M->2M(486M) 30.191ms
[106.378s][info][gc] GC(30) Pause Full (JvmtiEnv ForceGarbageCollection) 145M->2M(486M) 55.373ms
[109.360s][info][gc] GC(31) Pause Full (JvmtiEnv ForceGarbageCollection) 145M->2M(486M) 74.300ms
[113.014s][info][gc] GC(32) Pause Full (JvmtiEnv ForceGarbageCollection) 145M->2M(486M) 100.563ms
[116.303s][info][gc] GC(33) Pause Full (JvmtiEnv ForceGarbageCollection) 145M->2M(486M) 31.845ms
[119.050s][info][gc] GC(34) Pause Full (JvmtiEnv ForceGarbageCollection) 145M->2M(486M) 80.196ms
[121.335s][info][gc] GC(35) Pause Full (JvmtiEnv ForceGarbageCollection) 145M->2M(486M) 27.800ms
[124.972s][info][gc] GC(36) Pause Full (JvmtiEnv ForceGarbageCollection) 145M->2M(486M) 33.939ms
[128.374s][info][gc] GC(37) Pause Full (JvmtiEnv ForceGarbageCollection) 145M->2M(486M) 120.592ms
[131.816s][info][gc] GC(38) Pause Full (JvmtiEnv ForceGarbageCollection) 145M->2M(486M) 204.797ms
[135.896s][info][gc] GC(39) Pause Full (JvmtiEnv ForceGarbageCollection) 145M->2M(486M) 284.399ms
[138.920s][info][gc] GC(40) Pause Full (JvmtiEnv ForceGarbageCollection) 145M->2M(486M) 72.667ms
[142.364s][info][gc] GC(41) Pause Full (JvmtiEnv ForceGarbageCollection) 145M->2M(486M) 33.062ms
[145.903s][info][gc] GC(42) Pause Full (JvmtiEnv ForceGarbageCollection) 145M->2M(486M) 34.781ms
[149.557s][info][gc] GC(43) Pause Full (JvmtiEnv ForceGarbageCollection) 145M->2M(486M) 29.994ms
[152.690s][info][gc] GC(44) Pause Full (JvmtiEnv ForceGarbageCollection) 145M->2M(486M) 31.083ms
[155.531s][info][gc] GC(45) Pause Full (JvmtiEnv ForceGarbageCollection) 145M->2M(486M) 60.150ms
[158.044s][info][gc] GC(46) Pause Full (JvmtiEnv ForceGarbageCollection) 145M->2M(486M) 185.905ms
[160.984s][info][gc] GC(47) Pause Full (JvmtiEnv ForceGarbageCollection) 145M->2M(486M) 54.009ms
[165.121s][info][gc] GC(48) Pause Full (JvmtiEnv ForceGarbageCollection) 145M->2M(486M) 40.676ms
[169.299s][info][gc] GC(49) Pause Full (JvmtiEnv ForceGarbageCollection) 145M->2M(486M) 202.946ms
[173.746s][info][gc] GC(50) Pause Full (JvmtiEnv ForceGarbageCollection) 145M->2M(486M) 55.895ms
[177.432s][info][gc] GC(51) Pause Full (JvmtiEnv ForceGarbageCollection) 145M->2M(486M) 110.782ms
[181.969s][info][gc] GC(52) Pause Full (JvmtiEnv ForceGarbageCollection) 145M->2M(486M) 278.763ms
[185.980s][info][gc] GC(53) Pause Full (JvmtiEnv ForceGarbageCollection) 145M->2M(486M) 153.770ms
[190.268s][info][gc] GC(54) Pause Full (JvmtiEnv ForceGarbageCollection) 145M->2M(486M) 78.948ms
[192.722s][info][gc] GC(55) Pause Full (JvmtiEnv ForceGarbageCollection) 145M->2M(486M) 225.572ms
[196.323s][info][gc] GC(56) Pause Full (JvmtiEnv ForceGarbageCollection) 145M->2M(486M) 60.633ms
[200.251s][info][gc] GC(57) Pause Full (JvmtiEnv ForceGarbageCollection) 145M->2M(486M) 35.847ms
[204.514s][info][gc] GC(58) Pause Full (JvmtiEnv ForceGarbageCollection) 145M->2M(486M) 55.719ms
[208.909s][info][gc] GC(59) Pause Full (JvmtiEnv ForceGarbageCollection) 145M->2M(486M) 103.763ms
