[0.005s][info][gc] Using Serial
[8.015s][info][gc] GC(0) Pause Young (Allocation Failure) 136M->2M(494M) 4.349ms
[10.266s][info][gc] GC(1) Pause Young (Allocation Failure) 138M->2M(494M) 3.477ms
[12.323s][info][gc] GC(2) Pause Young (Allocation Failure) 138M->2M(494M) 2.929ms
[14.293s][info][gc] GC(3) Pause Young (Allocation Failure) 138M->2M(494M) 2.470ms
[16.160s][info][gc] GC(4) Pause Young (Allocation Failure) 138M->2M(494M) 2.417ms
[18.353s][info][gc] GC(5) Pause Young (Allocation Failure) 138M->2M(494M) 2.356ms
[20.335s][info][gc] GC(6) Pause Young (Allocation Failure) 138M->2M(494M) 2.562ms
[22.376s][info][gc] GC(7) Pause Young (Allocation Failure) 138M->2M(494M) 2.807ms
[24.428s][info][gc] GC(8) Pause Young (Allocation Failure) 138M->2M(494M) 2.566ms
[26.847s][info][gc] GC(9) Pause Young (Allocation Failure) 138M->2M(494M) 2.347ms
[28.774s][info][gc] GC(10) Pause Young (Allocation Failure) 138M->2M(494M) 2.532ms
[30.712s][info][gc] GC(11) Pause Young (Allocation Failure) 138M->2M(494M) 2.938ms
[32.733s][info][gc] GC(12) Pause Young (Allocation Failure) 138M->2M(494M) 3.130ms
[35.060s][info][gc] GC(13) Pause Young (Allocation Failure) 138M->2M(494M) 3.043ms
[37.000s][info][gc] GC(14) Pause Young (Allocation Failure) 138M->2M(494M) 3.578ms
[39.126s][info][gc] GC(15) Pause Young (Allocation Failure) 138M->2M(494M) 4.139ms
[41.425s][info][gc] GC(16) Pause Young (Allocation Failure) 138M->1M(494M) 0.369ms
[43.428s][info][gc] GC(17) Pause Young (Allocation Failure) 138M->1M(494M) 0.335ms
[45.429s][info][gc] GC(18) Pause Young (Allocation Failure) 138M->2M(494M) 0.547ms
[47.471s][info][gc] GC(19) Pause Young (Allocation Failure) 138M->2M(494M) 0.508ms
[49.554s][info][gc] GC(20) Pause Young (Allocation Failure) 138M->2M(494M) 0.619ms
[51.608s][info][gc] GC(21) Pause Young (Allocation Failure) 138M->2M(494M) 0.937ms
[53.546s][info][gc] GC(22) Pause Young (Allocation Failure) 138M->2M(494M) 0.873ms
[55.557s][info][gc] GC(23) Pause Young (Allocation Failure) 138M->2M(494M) 0.690ms
[57.483s][info][gc] GC(24) Pause Young (Allocation Failure) 138M->2M(494M) 1.169ms
[59.469s][info][gc] GC(25) Pause Young (Allocation Failure) 138M->2M(494M) 1.050ms
[61.578s][info][gc] GC(26) Pause Young (Allocation Failure) 138M->1M(494M) 0.157ms
[63.606s][info][gc] GC(27) Pause Young (Allocation Failure) 138M->1M(494M) 0.275ms
[65.605s][info][gc] GC(28) Pause Young (Allocation Failure) 138M->2M(494M) 0.503ms
[67.714s][info][gc] GC(29) Pause Young (Allocation Failure) 138M->1M(494M) 0.319ms
[69.797s][info][gc] GC(30) Pause Young (Allocation Failure) 138M->2M(494M) 0.452ms
[71.925s][info][gc] GC(31) Pause Young (Allocation Failure) 138M->1M(494M) 0.348ms
[74.016s][info][gc] GC(32) Pause Young (Allocation Failure) 138M->2M(494M) 0.545ms
[75.937s][info][gc] GC(33) Pause Young (Allocation Failure) 138M->2M(494M) 0.945ms
[78.092s][info][gc] GC(34) Pause Young (Allocation Failure) 138M->2M(494M) 0.894ms
[80.507s][info][gc] GC(35) Pause Young (Allocation Failure) 138M->1M(494M) 0.171ms
[82.946s][info][gc] GC(36) Pause Young (Allocation Failure) 138M->1M(494M) 0.269ms
[85.338s][info][gc] GC(37) Pause Young (Allocation Failure) 138M->1M(494M) 0.329ms
[87.551s][info][gc] GC(38) Pause Young (Allocation Failure) 138M->1M(494M) 0.280ms
[89.927s][info][gc] GC(39) Pause Young (Allocation Failure) 138M->2M(494M) 0.442ms
[92.355s][info][gc] GC(40) Pause Young (Allocation Failure) 138M->2M(494M) 0.543ms
[94.684s][info][gc] GC(41) Pause Young (Allocation Failure) 138M->2M(494M) 0.714ms
[97.052s][info][gc] GC(42) Pause Young (Allocation Failure) 138M->2M(494M) 0.629ms
[99.464s][info][gc] GC(43) Pause Young (Allocation Failure) 138M->2M(494M) 0.917ms
[101.793s][info][gc] GC(44) Pause Young (Allocation Failure) 138M->2M(494M) 0.858ms
[103.977s][info][gc] GC(45) Pause Young (Allocation Failure) 138M->2M(494M) 0.667ms
[106.308s][info][gc] GC(46) Pause Young (Allocation Failure) 138M->2M(494M) 0.868ms
[108.619s][info][gc] GC(47) Pause Young (Allocation Failure) 138M->2M(494M) 0.891ms
[111.120s][info][gc] GC(48) Pause Young (Allocation Failure) 138M->1M(494M) 0.146ms
[113.399s][info][gc] GC(49) Pause Young (Allocation Failure) 138M->1M(494M) 0.284ms
[115.730s][info][gc] GC(50) Pause Young (Allocation Failure) 138M->1M(494M) 0.374ms
[117.993s][info][gc] GC(51) Pause Young (Allocation Failure) 138M->2M(494M) 0.435ms
[120.876s][info][gc] GC(52) Pause Young (Allocation Failure) 138M->2M(494M) 0.588ms
[123.736s][info][gc] GC(53) Pause Young (Allocation Failure) 138M->2M(494M) 0.713ms
[126.496s][info][gc] GC(54) Pause Young (Allocation Failure) 138M->2M(494M) 0.895ms
[129.324s][info][gc] GC(55) Pause Young (Allocation Failure) 138M->2M(494M) 0.977ms
[131.879s][info][gc] GC(56) Pause Young (Allocation Failure) 138M->1M(494M) 0.209ms
[134.549s][info][gc] GC(57) Pause Young (Allocation Failure) 138M->1M(494M) 0.434ms
[137.357s][info][gc] GC(58) Pause Young (Allocation Failure) 138M->2M(494M) 0.528ms
[140.009s][info][gc] GC(59) Pause Young (Allocation Failure) 138M->1M(494M) 0.332ms
[142.640s][info][gc] GC(60) Pause Young (Allocation Failure) 138M->2M(494M) 0.518ms
[145.744s][info][gc] GC(61) Pause Young (Allocation Failure) 138M->1M(494M) 0.405ms
[148.757s][info][gc] GC(62) Pause Young (Allocation Failure) 138M->2M(494M) 0.615ms
[151.390s][info][gc] GC(63) Pause Young (Allocation Failure) 138M->2M(494M) 0.742ms
[153.580s][info][gc] GC(64) Pause Young (Allocation Failure) 138M->2M(494M) 0.981ms
[156.395s][info][gc] GC(65) Pause Young (Allocation Failure) 138M->1M(494M) 0.202ms
[158.931s][info][gc] GC(66) Pause Young (Allocation Failure) 138M->1M(494M) 0.380ms
