[0.009s][info][gc] Using Serial
[8.688s][info][gc] GC(0) Pause Young (Allocation Failure) 136M->2M(494M) 3.857ms
[11.179s][info][gc] GC(1) Pause Young (Allocation Failure) 138M->2M(494M) 3.780ms
[13.522s][info][gc] GC(2) Pause Young (Allocation Failure) 138M->1M(494M) 2.360ms
[15.815s][info][gc] GC(3) Pause Young (Allocation Failure) 138M->2M(494M) 2.949ms
[18.431s][info][gc] GC(4) Pause Young (Allocation Failure) 138M->2M(494M) 3.356ms
[20.746s][info][gc] GC(5) Pause Young (Allocation Failure) 138M->2M(494M) 2.860ms
[23.006s][info][gc] GC(6) Pause Young (Allocation Failure) 138M->2M(494M) 3.192ms
[25.283s][info][gc] GC(7) Pause Young (Allocation Failure) 138M->1M(494M) 2.292ms
[27.555s][info][gc] GC(8) Pause Young (Allocation Failure) 138M->2M(494M) 3.231ms
[30.111s][info][gc] GC(9) Pause Young (Allocation Failure) 138M->2M(494M) 2.853ms
[32.334s][info][gc] GC(10) Pause Young (Allocation Failure) 138M->2M(494M) 3.652ms
[34.523s][info][gc] GC(11) Pause Young (Allocation Failure) 138M->2M(494M) 3.178ms
[36.716s][info][gc] GC(12) Pause Young (Allocation Failure) 138M->2M(494M) 3.507ms
[38.966s][info][gc] GC(13) Pause Young (Allocation Failure) 138M->1M(494M) 2.169ms
[41.367s][info][gc] GC(14) Pause Young (Allocation Failure) 138M->1M(494M) 2.595ms
[43.569s][info][gc] GC(15) Pause Young (Allocation Failure) 138M->2M(494M) 2.928ms
[45.728s][info][gc] GC(16) Pause Young (Allocation Failure) 138M->1M(494M) 0.336ms
[47.950s][info][gc] GC(17) Pause Young (Allocation Failure) 138M->2M(494M) 0.543ms
[50.201s][info][gc] GC(18) Pause Young (Allocation Failure) 138M->2M(494M) 0.686ms
[52.385s][info][gc] GC(19) Pause Young (Allocation Failure) 138M->2M(494M) 0.909ms
[54.860s][info][gc] GC(20) Pause Young (Allocation Failure) 138M->2M(494M) 0.906ms
[57.138s][info][gc] GC(21) Pause Young (Allocation Failure) 138M->2M(494M) 0.719ms
[59.574s][info][gc] GC(22) Pause Young (Allocation Failure) 138M->2M(494M) 1.258ms
[61.739s][info][gc] GC(23) Pause Young (Allocation Failure) 138M->2M(494M) 0.886ms
[64.159s][info][gc] GC(24) Pause Young (Allocation Failure) 138M->1M(494M) 0.174ms
[66.422s][info][gc] GC(25) Pause Young (Allocation Failure) 138M->1M(494M) 0.289ms
[68.673s][info][gc] GC(26) Pause Young (Allocation Failure) 138M->1M(494M) 0.347ms
[70.854s][info][gc] GC(27) Pause Young (Allocation Failure) 138M->1M(494M) 0.436ms
[73.195s][info][gc] GC(28) Pause Young (Allocation Failure) 138M->1M(494M) 0.351ms
[75.507s][info][gc] GC(29) Pause Young (Allocation Failure) 138M->2M(494M) 0.597ms
[77.701s][info][gc] GC(30) Pause Young (Allocation Failure) 138M->2M(494M) 0.598ms
[80.166s][info][gc] GC(31) Pause Young (Allocation Failure) 138M->2M(494M) 0.654ms
[82.344s][info][gc] GC(32) Pause Young (Allocation Failure) 138M->2M(494M) 0.703ms
[84.771s][info][gc] GC(33) Pause Young (Allocation Failure) 138M->2M(494M) 0.842ms
[86.932s][info][gc] GC(34) Pause Young (Allocation Failure) 138M->2M(494M) 1.067ms
[89.281s][info][gc] GC(35) Pause Young (Allocation Failure) 138M->2M(494M) 0.758ms
[91.469s][info][gc] GC(36) Pause Young (Allocation Failure) 138M->2M(494M) 0.895ms
[93.797s][info][gc] GC(37) Pause Young (Allocation Failure) 138M->2M(494M) 0.933ms
[96.246s][info][gc] GC(38) Pause Young (Allocation Failure) 138M->1M(494M) 0.200ms
[99.006s][info][gc] GC(39) Pause Young (Allocation Failure) 138M->1M(494M) 0.316ms
[101.314s][info][gc] GC(40) Pause Young (Allocation Failure) 138M->2M(494M) 0.470ms
[103.553s][info][gc] GC(41) Pause Young (Allocation Failure) 138M->2M(494M) 0.427ms
[105.744s][info][gc] GC(42) Pause Young (Allocation Failure) 138M->2M(494M) 0.714ms
[107.898s][info][gc] GC(43) Pause Young (Allocation Failure) 138M->2M(494M) 0.758ms
[110.065s][info][gc] GC(44) Pause Young (Allocation Failure) 138M->2M(494M) 0.652ms
[112.247s][info][gc] GC(45) Pause Young (Allocation Failure) 138M->2M(494M) 1.040ms
[114.450s][info][gc] GC(46) Pause Young (Allocation Failure) 138M->2M(494M) 0.979ms
[116.733s][info][gc] GC(47) Pause Young (Allocation Failure) 138M->2M(494M) 0.754ms
[119.074s][info][gc] GC(48) Pause Young (Allocation Failure) 138M->2M(494M) 1.000ms
[121.673s][info][gc] GC(49) Pause Young (Allocation Failure) 138M->2M(494M) 0.902ms
[123.877s][info][gc] GC(50) Pause Young (Allocation Failure) 138M->1M(494M) 0.178ms
[126.126s][info][gc] GC(51) Pause Young (Allocation Failure) 138M->1M(494M) 0.325ms
[128.530s][info][gc] GC(52) Pause Young (Allocation Failure) 138M->2M(494M) 0.484ms
[130.833s][info][gc] GC(53) Pause Young (Allocation Failure) 138M->1M(494M) 0.235ms
[133.180s][info][gc] GC(54) Pause Young (Allocation Failure) 138M->2M(494M) 0.429ms
[135.374s][info][gc] GC(55) Pause Young (Allocation Failure) 138M->2M(494M) 0.603ms
[137.597s][info][gc] GC(56) Pause Young (Allocation Failure) 138M->1M(494M) 0.391ms
[140.163s][info][gc] GC(57) Pause Young (Allocation Failure) 138M->2M(494M) 0.549ms
[142.529s][info][gc] GC(58) Pause Young (Allocation Failure) 138M->2M(494M) 0.506ms
[144.713s][info][gc] GC(59) Pause Young (Allocation Failure) 138M->1M(494M) 0.407ms
[146.856s][info][gc] GC(60) Pause Young (Allocation Failure) 138M->2M(494M) 0.721ms
[149.058s][info][gc] GC(61) Pause Young (Allocation Failure) 138M->2M(494M) 0.810ms
[151.220s][info][gc] GC(62) Pause Young (Allocation Failure) 138M->2M(494M) 0.825ms
[153.446s][info][gc] GC(63) Pause Young (Allocation Failure) 138M->2M(494M) 0.941ms
[155.606s][info][gc] GC(64) Pause Young (Allocation Failure) 138M->2M(494M) 1.030ms
[157.784s][info][gc] GC(65) Pause Young (Allocation Failure) 138M->2M(494M) 0.956ms
[160.170s][info][gc] GC(66) Pause Young (Allocation Failure) 138M->2M(494M) 1.000ms
[162.381s][info][gc] GC(67) Pause Young (Allocation Failure) 138M->2M(494M) 1.053ms
[164.691s][info][gc] GC(68) Pause Young (Allocation Failure) 138M->1M(494M) 0.224ms
[167.182s][info][gc] GC(69) Pause Young (Allocation Failure) 138M->1M(494M) 0.442ms
[169.395s][info][gc] GC(70) Pause Young (Allocation Failure) 138M->2M(494M) 0.480ms
[171.607s][info][gc] GC(71) Pause Young (Allocation Failure) 138M->2M(494M) 0.589ms
[173.771s][info][gc] GC(72) Pause Young (Allocation Failure) 138M->2M(494M) 0.755ms
[176.127s][info][gc] GC(73) Pause Young (Allocation Failure) 138M->2M(494M) 1.257ms
[178.476s][info][gc] GC(74) Pause Young (Allocation Failure) 138M->2M(494M) 1.018ms
[180.692s][info][gc] GC(75) Pause Young (Allocation Failure) 138M->1M(494M) 0.179ms
[182.916s][info][gc] GC(76) Pause Young (Allocation Failure) 138M->1M(494M) 0.255ms
[185.247s][info][gc] GC(77) Pause Young (Allocation Failure) 138M->1M(494M) 0.389ms
[188.080s][info][gc] GC(78) Pause Young (Allocation Failure) 138M->1M(494M) 0.359ms
[190.350s][info][gc] GC(79) Pause Young (Allocation Failure) 138M->1M(494M) 0.472ms
