[0.007s][info][gc] Using Serial
[15.919s][info][gc] GC(0) Pause Young (Allocation Failure) 409M->2M(972M) 4.789ms
[16.662s][info][gc] GC(1) Pause Full (JvmtiEnv ForceGarbageCollection) 156M->2M(972M) 38.240ms
[18.664s][info][gc] GC(2) Pause Young (Allocation Failure) 412M->3M(972M) 1.978ms
[19.207s][info][gc] GC(3) Pause Full (JvmtiEnv ForceGarbageCollection) 114M->2M(972M) 23.106ms
[21.215s][info][gc] GC(4) Pause Young (Allocation Failure) 412M->3M(972M) 1.423ms
[21.747s][info][gc] GC(5) Pause Full (JvmtiEnv ForceGarbageCollection) 112M->2M(972M) 27.439ms
[23.808s][info][gc] GC(6) Pause Young (Allocation Failure) 412M->3M(972M) 1.926ms
[24.268s][info][gc] GC(7) Pause Full (JvmtiEnv ForceGarbageCollection) 105M->2M(972M) 24.652ms
[26.339s][info][gc] GC(8) Pause Young (Allocation Failure) 412M->4M(972M) 2.978ms
[26.776s][info][gc] GC(9) Pause Full (JvmtiEnv ForceGarbageCollection) 105M->2M(972M) 24.812ms
[28.881s][info][gc] GC(10) Pause Young (Allocation Failure) 412M->4M(972M) 2.945ms
[29.355s][info][gc] GC(11) Pause Full (JvmtiEnv ForceGarbageCollection) 97M->2M(972M) 25.768ms
[31.363s][info][gc] GC(12) Pause Young (Allocation Failure) 412M->3M(972M) 1.157ms
[31.799s][info][gc] GC(13) Pause Full (JvmtiEnv ForceGarbageCollection) 103M->2M(972M) 23.812ms
[33.858s][info][gc] GC(14) Pause Young (Allocation Failure) 412M->2M(972M) 0.211ms
[34.298s][info][gc] GC(15) Pause Full (JvmtiEnv ForceGarbageCollection) 93M->2M(972M) 22.816ms
[36.406s][info][gc] GC(16) Pause Young (Allocation Failure) 412M->2M(972M) 0.414ms
[36.845s][info][gc] GC(17) Pause Full (JvmtiEnv ForceGarbageCollection) 94M->2M(972M) 25.479ms
[38.938s][info][gc] GC(18) Pause Young (Allocation Failure) 412M->3M(972M) 0.705ms
[39.416s][info][gc] GC(19) Pause Full (JvmtiEnv ForceGarbageCollection) 94M->2M(972M) 24.292ms
[41.452s][info][gc] GC(20) Pause Young (Allocation Failure) 412M->4M(972M) 2.784ms
[41.973s][info][gc] GC(21) Pause Full (JvmtiEnv ForceGarbageCollection) 97M->2M(972M) 33.961ms
[44.017s][info][gc] GC(22) Pause Young (Allocation Failure) 412M->3M(972M) 0.712ms
[44.483s][info][gc] GC(23) Pause Full (JvmtiEnv ForceGarbageCollection) 96M->2M(972M) 20.456ms
[46.514s][info][gc] GC(24) Pause Young (Allocation Failure) 412M->4M(972M) 2.449ms
[47.000s][info][gc] GC(25) Pause Full (JvmtiEnv ForceGarbageCollection) 96M->2M(972M) 23.122ms
[49.094s][info][gc] GC(26) Pause Young (Allocation Failure) 412M->2M(972M) 0.626ms
[49.588s][info][gc] GC(27) Pause Full (JvmtiEnv ForceGarbageCollection) 96M->2M(972M) 21.897ms
[51.672s][info][gc] GC(28) Pause Young (Allocation Failure) 411M->4M(972M) 2.624ms
[52.102s][info][gc] GC(29) Pause Full (JvmtiEnv ForceGarbageCollection) 96M->2M(972M) 25.704ms
[54.175s][info][gc] GC(30) Pause Young (Allocation Failure) 412M->3M(972M) 0.972ms
[54.604s][info][gc] GC(31) Pause Full (JvmtiEnv ForceGarbageCollection) 95M->2M(972M) 24.024ms
[56.689s][info][gc] GC(32) Pause Young (Allocation Failure) 412M->4M(972M) 2.794ms
[57.149s][info][gc] GC(33) Pause Full (JvmtiEnv ForceGarbageCollection) 96M->2M(972M) 25.574ms
[59.295s][info][gc] GC(34) Pause Young (Allocation Failure) 412M->3M(972M) 0.762ms
[59.717s][info][gc] GC(35) Pause Full (JvmtiEnv ForceGarbageCollection) 95M->2M(972M) 22.132ms
[61.791s][info][gc] GC(36) Pause Young (Allocation Failure) 412M->5M(972M) 3.086ms
[62.267s][info][gc] GC(37) Pause Full (JvmtiEnv ForceGarbageCollection) 97M->2M(972M) 21.533ms
[64.466s][info][gc] GC(38) Pause Young (Allocation Failure) 412M->3M(972M) 0.703ms
[64.907s][info][gc] GC(39) Pause Full (JvmtiEnv ForceGarbageCollection) 95M->2M(972M) 23.732ms
[67.002s][info][gc] GC(40) Pause Young (Allocation Failure) 412M->3M(972M) 1.042ms
[67.458s][info][gc] GC(41) Pause Full (JvmtiEnv ForceGarbageCollection) 95M->2M(972M) 24.153ms
[69.554s][info][gc] GC(42) Pause Young (Allocation Failure) 412M->3M(972M) 0.881ms
[69.998s][info][gc] GC(43) Pause Full (JvmtiEnv ForceGarbageCollection) 94M->2M(972M) 25.141ms
[72.168s][info][gc] GC(44) Pause Young (Allocation Failure) 412M->2M(972M) 0.405ms
[72.666s][info][gc] GC(45) Pause Full (JvmtiEnv ForceGarbageCollection) 95M->2M(972M) 21.050ms
[74.716s][info][gc] GC(46) Pause Young (Allocation Failure) 412M->3M(972M) 0.705ms
[75.160s][info][gc] GC(47) Pause Full (JvmtiEnv ForceGarbageCollection) 95M->2M(972M) 25.407ms
[77.228s][info][gc] GC(48) Pause Young (Allocation Failure) 412M->3M(972M) 0.819ms
[77.674s][info][gc] GC(49) Pause Full (JvmtiEnv ForceGarbageCollection) 96M->2M(972M) 24.684ms
[79.738s][info][gc] GC(50) Pause Young (Allocation Failure) 412M->3M(972M) 0.847ms
[80.195s][info][gc] GC(51) Pause Full (JvmtiEnv ForceGarbageCollection) 96M->2M(972M) 25.706ms
[82.265s][info][gc] GC(52) Pause Young (Allocation Failure) 412M->5M(972M) 3.518ms
[82.723s][info][gc] GC(53) Pause Full (JvmtiEnv ForceGarbageCollection) 97M->2M(972M) 25.208ms
[84.862s][info][gc] GC(54) Pause Young (Allocation Failure) 412M->2M(972M) 0.254ms
[85.297s][info][gc] GC(55) Pause Full (JvmtiEnv ForceGarbageCollection) 95M->2M(972M) 24.625ms
[87.318s][info][gc] GC(56) Pause Young (Allocation Failure) 412M->2M(972M) 0.294ms
[87.763s][info][gc] GC(57) Pause Full (JvmtiEnv ForceGarbageCollection) 95M->2M(972M) 23.285ms
[89.838s][info][gc] GC(58) Pause Young (Allocation Failure) 412M->2M(972M) 0.288ms
[90.283s][info][gc] GC(59) Pause Full (JvmtiEnv ForceGarbageCollection) 95M->2M(972M) 23.761ms
[92.327s][info][gc] GC(60) Pause Young (Allocation Failure) 412M->4M(972M) 3.121ms
[92.782s][info][gc] GC(61) Pause Full (JvmtiEnv ForceGarbageCollection) 97M->2M(972M) 25.466ms
[94.891s][info][gc] GC(62) Pause Young (Allocation Failure) 412M->3M(972M) 0.767ms
[95.315s][info][gc] GC(63) Pause Full (JvmtiEnv ForceGarbageCollection) 96M->2M(972M) 24.232ms
[97.414s][info][gc] GC(64) Pause Young (Allocation Failure) 412M->3M(972M) 1.257ms
[97.861s][info][gc] GC(65) Pause Full (JvmtiEnv ForceGarbageCollection) 95M->2M(972M) 24.028ms
[99.977s][info][gc] GC(66) Pause Young (Allocation Failure) 412M->3M(972M) 0.930ms
[100.426s][info][gc] GC(67) Pause Full (JvmtiEnv ForceGarbageCollection) 94M->2M(972M) 23.276ms
[102.462s][info][gc] GC(68) Pause Young (Allocation Failure) 412M->3M(972M) 0.748ms
[102.916s][info][gc] GC(69) Pause Full (JvmtiEnv ForceGarbageCollection) 95M->2M(972M) 24.036ms
[105.042s][info][gc] GC(70) Pause Young (Allocation Failure) 412M->3M(972M) 0.774ms
[105.491s][info][gc] GC(71) Pause Full (JvmtiEnv ForceGarbageCollection) 95M->2M(972M) 26.301ms
[107.533s][info][gc] GC(72) Pause Young (Allocation Failure) 412M->3M(972M) 0.834ms
[107.972s][info][gc] GC(73) Pause Full (JvmtiEnv ForceGarbageCollection) 96M->2M(972M) 23.321ms
[110.080s][info][gc] GC(74) Pause Young (Allocation Failure) 412M->3M(972M) 0.880ms
[110.532s][info][gc] GC(75) Pause Full (JvmtiEnv ForceGarbageCollection) 96M->2M(972M) 26.288ms
[112.631s][info][gc] GC(76) Pause Young (Allocation Failure) 412M->2M(972M) 0.287ms
[113.081s][info][gc] GC(77) Pause Full (JvmtiEnv ForceGarbageCollection) 95M->2M(972M) 24.305ms
[115.167s][info][gc] GC(78) Pause Young (Allocation Failure) 412M->2M(972M) 0.273ms
[115.619s][info][gc] GC(79) Pause Full (JvmtiEnv ForceGarbageCollection) 95M->2M(972M) 24.996ms
[117.722s][info][gc] GC(80) Pause Young (Allocation Failure) 412M->2M(972M) 0.256ms
[118.174s][info][gc] GC(81) Pause Full (JvmtiEnv ForceGarbageCollection) 95M->2M(972M) 26.306ms
[120.243s][info][gc] GC(82) Pause Young (Allocation Failure) 412M->5M(972M) 4.062ms
[120.699s][info][gc] GC(83) Pause Full (JvmtiEnv ForceGarbageCollection) 96M->2M(972M) 25.494ms
[122.756s][info][gc] GC(84) Pause Young (Allocation Failure) 412M->2M(972M) 0.285ms
[123.189s][info][gc] GC(85) Pause Full (JvmtiEnv ForceGarbageCollection) 95M->2M(972M) 21.974ms
[125.245s][info][gc] GC(86) Pause Young (Allocation Failure) 412M->2M(972M) 0.276ms
[125.687s][info][gc] GC(87) Pause Full (JvmtiEnv ForceGarbageCollection) 95M->2M(972M) 26.347ms
[127.643s][info][gc] GC(88) Pause Young (Allocation Failure) 412M->2M(972M) 0.267ms
[128.075s][info][gc] GC(89) Pause Full (JvmtiEnv ForceGarbageCollection) 95M->2M(972M) 22.586ms
[130.107s][info][gc] GC(90) Pause Young (Allocation Failure) 412M->2M(972M) 0.273ms
[130.537s][info][gc] GC(91) Pause Full (JvmtiEnv ForceGarbageCollection) 95M->2M(972M) 22.331ms
[132.542s][info][gc] GC(92) Pause Young (Allocation Failure) 412M->2M(972M) 0.253ms
[132.967s][info][gc] GC(93) Pause Full (JvmtiEnv ForceGarbageCollection) 95M->2M(972M) 24.043ms
[135.030s][info][gc] GC(94) Pause Young (Allocation Failure) 412M->2M(972M) 0.311ms
[135.458s][info][gc] GC(95) Pause Full (JvmtiEnv ForceGarbageCollection) 95M->2M(972M) 22.711ms
[137.481s][info][gc] GC(96) Pause Young (Allocation Failure) 412M->2M(972M) 0.254ms
[137.910s][info][gc] GC(97) Pause Full (JvmtiEnv ForceGarbageCollection) 95M->2M(972M) 23.754ms
[139.936s][info][gc] GC(98) Pause Young (Allocation Failure) 412M->2M(972M) 0.255ms
[140.368s][info][gc] GC(99) Pause Full (JvmtiEnv ForceGarbageCollection) 95M->2M(972M) 20.956ms
[142.342s][info][gc] GC(100) Pause Young (Allocation Failure) 412M->2M(972M) 0.298ms
[142.771s][info][gc] GC(101) Pause Full (JvmtiEnv ForceGarbageCollection) 95M->2M(972M) 23.802ms
[144.786s][info][gc] GC(102) Pause Young (Allocation Failure) 412M->2M(972M) 0.297ms
[145.214s][info][gc] GC(103) Pause Full (JvmtiEnv ForceGarbageCollection) 95M->2M(972M) 24.112ms
[147.179s][info][gc] GC(104) Pause Young (Allocation Failure) 412M->4M(972M) 4.339ms
[147.630s][info][gc] GC(105) Pause Full (JvmtiEnv ForceGarbageCollection) 97M->2M(972M) 26.161ms
[149.676s][info][gc] GC(106) Pause Young (Allocation Failure) 412M->2M(972M) 0.371ms
[150.122s][info][gc] GC(107) Pause Full (JvmtiEnv ForceGarbageCollection) 95M->2M(972M) 23.300ms
[152.148s][info][gc] GC(108) Pause Young (Allocation Failure) 412M->5M(972M) 4.248ms
[152.620s][info][gc] GC(109) Pause Full (JvmtiEnv ForceGarbageCollection) 96M->2M(972M) 24.530ms
[154.668s][info][gc] GC(110) Pause Young (Allocation Failure) 412M->2M(972M) 0.273ms
[155.109s][info][gc] GC(111) Pause Full (JvmtiEnv ForceGarbageCollection) 95M->2M(972M) 22.756ms
[157.181s][info][gc] GC(112) Pause Young (Allocation Failure) 412M->2M(972M) 0.342ms
[157.621s][info][gc] GC(113) Pause Full (JvmtiEnv ForceGarbageCollection) 95M->2M(972M) 25.378ms
[159.739s][info][gc] GC(114) Pause Young (Allocation Failure) 412M->2M(972M) 0.300ms
[160.165s][info][gc] GC(115) Pause Full (JvmtiEnv ForceGarbageCollection) 95M->2M(972M) 22.637ms
[162.220s][info][gc] GC(116) Pause Young (Allocation Failure) 412M->2M(972M) 0.239ms
[162.662s][info][gc] GC(117) Pause Full (JvmtiEnv ForceGarbageCollection) 95M->2M(972M) 25.518ms
[164.778s][info][gc] GC(118) Pause Young (Allocation Failure) 412M->2M(972M) 0.311ms
[165.238s][info][gc] GC(119) Pause Full (JvmtiEnv ForceGarbageCollection) 95M->2M(972M) 26.502ms
[167.252s][info][gc] GC(120) Pause Young (Allocation Failure) 412M->2M(972M) 0.313ms
[167.699s][info][gc] GC(121) Pause Full (JvmtiEnv ForceGarbageCollection) 95M->2M(972M) 25.432ms
[169.759s][info][gc] GC(122) Pause Young (Allocation Failure) 412M->5M(972M) 3.213ms
[170.225s][info][gc] GC(123) Pause Full (JvmtiEnv ForceGarbageCollection) 97M->2M(972M) 24.363ms
[172.275s][info][gc] GC(124) Pause Young (Allocation Failure) 412M->2M(972M) 0.292ms
[172.725s][info][gc] GC(125) Pause Full (JvmtiEnv ForceGarbageCollection) 95M->2M(972M) 25.967ms
[174.816s][info][gc] GC(126) Pause Young (Allocation Failure) 412M->2M(972M) 0.300ms
[175.295s][info][gc] GC(127) Pause Full (JvmtiEnv ForceGarbageCollection) 95M->2M(972M) 39.205ms
[177.322s][info][gc] GC(128) Pause Young (Allocation Failure) 412M->2M(972M) 0.306ms
[177.770s][info][gc] GC(129) Pause Full (JvmtiEnv ForceGarbageCollection) 95M->2M(972M) 24.619ms
[179.859s][info][gc] GC(130) Pause Young (Allocation Failure) 412M->2M(972M) 0.288ms
[180.334s][info][gc] GC(131) Pause Full (JvmtiEnv ForceGarbageCollection) 95M->2M(972M) 22.683ms
[182.348s][info][gc] GC(132) Pause Young (Allocation Failure) 412M->2M(972M) 0.292ms
[182.798s][info][gc] GC(133) Pause Full (JvmtiEnv ForceGarbageCollection) 95M->2M(972M) 28.543ms
[184.846s][info][gc] GC(134) Pause Young (Allocation Failure) 412M->2M(972M) 0.299ms
[185.325s][info][gc] GC(135) Pause Full (JvmtiEnv ForceGarbageCollection) 95M->2M(972M) 29.588ms
[187.339s][info][gc] GC(136) Pause Young (Allocation Failure) 412M->2M(972M) 0.335ms
[187.832s][info][gc] GC(137) Pause Full (JvmtiEnv ForceGarbageCollection) 95M->2M(972M) 30.884ms
[189.877s][info][gc] GC(138) Pause Young (Allocation Failure) 412M->2M(972M) 0.360ms
[190.347s][info][gc] GC(139) Pause Full (JvmtiEnv ForceGarbageCollection) 95M->2M(972M) 27.060ms
[192.395s][info][gc] GC(140) Pause Young (Allocation Failure) 412M->2M(972M) 0.275ms
[192.878s][info][gc] GC(141) Pause Full (JvmtiEnv ForceGarbageCollection) 95M->2M(972M) 22.181ms
[194.944s][info][gc] GC(142) Pause Young (Allocation Failure) 412M->2M(972M) 0.331ms
[195.403s][info][gc] GC(143) Pause Full (JvmtiEnv ForceGarbageCollection) 95M->2M(972M) 23.240ms
[197.422s][info][gc] GC(144) Pause Young (Allocation Failure) 412M->2M(972M) 0.275ms
[197.870s][info][gc] GC(145) Pause Full (JvmtiEnv ForceGarbageCollection) 95M->2M(972M) 20.918ms
[199.937s][info][gc] GC(146) Pause Young (Allocation Failure) 412M->2M(972M) 0.355ms
[200.404s][info][gc] GC(147) Pause Full (JvmtiEnv ForceGarbageCollection) 95M->2M(972M) 23.820ms
[202.450s][info][gc] GC(148) Pause Young (Allocation Failure) 412M->2M(972M) 0.318ms
[202.926s][info][gc] GC(149) Pause Full (JvmtiEnv ForceGarbageCollection) 95M->2M(972M) 23.438ms
[204.978s][info][gc] GC(150) Pause Young (Allocation Failure) 412M->2M(972M) 0.273ms
[205.441s][info][gc] GC(151) Pause Full (JvmtiEnv ForceGarbageCollection) 95M->2M(972M) 22.369ms
