[0.003s][info][gc] Using Serial
[193.281s][info][gc] GC(0) Pause Young (Allocation Failure) 136M->2M(494M) 3.889ms
[195.517s][info][gc] GC(1) Pause Young (Allocation Failure) 138M->2M(494M) 3.273ms
[197.738s][info][gc] GC(2) Pause Young (Allocation Failure) 138M->2M(494M) 2.224ms
[199.939s][info][gc] GC(3) Pause Young (Allocation Failure) 138M->2M(494M) 2.540ms
[202.110s][info][gc] GC(4) Pause Young (Allocation Failure) 138M->1M(494M) 2.752ms
[204.359s][info][gc] GC(5) Pause Young (Allocation Failure) 138M->1M(494M) 2.305ms
[206.566s][info][gc] GC(6) Pause Young (Allocation Failure) 138M->2M(494M) 2.563ms
[208.756s][info][gc] GC(7) Pause Young (Allocation Failure) 138M->2M(494M) 2.967ms
[210.986s][info][gc] GC(8) Pause Young (Allocation Failure) 138M->2M(494M) 2.721ms
[213.192s][info][gc] GC(9) Pause Young (Allocation Failure) 138M->2M(494M) 2.688ms
[215.429s][info][gc] GC(10) Pause Young (Allocation Failure) 138M->1M(494M) 2.533ms
[217.650s][info][gc] GC(11) Pause Young (Allocation Failure) 138M->1M(494M) 2.223ms
[219.880s][info][gc] GC(12) Pause Young (Allocation Failure) 138M->1M(494M) 2.773ms
[222.111s][info][gc] GC(13) Pause Young (Allocation Failure) 138M->1M(494M) 2.039ms
[224.286s][info][gc] GC(14) Pause Young (Allocation Failure) 138M->2M(494M) 2.564ms
[226.516s][info][gc] GC(15) Pause Young (Allocation Failure) 138M->2M(494M) 3.414ms
[228.710s][info][gc] GC(16) Pause Young (Allocation Failure) 138M->1M(494M) 0.408ms
[230.939s][info][gc] GC(17) Pause Young (Allocation Failure) 138M->2M(494M) 0.653ms
[233.173s][info][gc] GC(18) Pause Young (Allocation Failure) 138M->2M(494M) 0.809ms
[235.393s][info][gc] GC(19) Pause Young (Allocation Failure) 138M->2M(494M) 0.464ms
[237.636s][info][gc] GC(20) Pause Young (Allocation Failure) 138M->2M(494M) 0.643ms
[239.863s][info][gc] GC(21) Pause Young (Allocation Failure) 138M->2M(494M) 0.724ms
[242.055s][info][gc] GC(22) Pause Young (Allocation Failure) 138M->2M(494M) 0.908ms
[244.282s][info][gc] GC(23) Pause Young (Allocation Failure) 138M->2M(494M) 1.143ms
[246.545s][info][gc] GC(24) Pause Young (Allocation Failure) 138M->2M(494M) 0.975ms
[248.741s][info][gc] GC(25) Pause Young (Allocation Failure) 138M->2M(494M) 1.018ms
[250.959s][info][gc] GC(26) Pause Young (Allocation Failure) 138M->1M(494M) 0.181ms
[253.181s][info][gc] GC(27) Pause Young (Allocation Failure) 138M->1M(494M) 0.315ms
[255.412s][info][gc] GC(28) Pause Young (Allocation Failure) 138M->2M(494M) 0.644ms
[257.644s][info][gc] GC(29) Pause Young (Allocation Failure) 138M->1M(494M) 0.354ms
[259.864s][info][gc] GC(30) Pause Young (Allocation Failure) 138M->2M(494M) 0.594ms
[262.099s][info][gc] GC(31) Pause Young (Allocation Failure) 138M->1M(494M) 0.341ms
[264.355s][info][gc] GC(32) Pause Young (Allocation Failure) 138M->2M(494M) 0.513ms
[266.539s][info][gc] GC(33) Pause Young (Allocation Failure) 138M->2M(494M) 0.727ms
[268.815s][info][gc] GC(34) Pause Young (Allocation Failure) 138M->2M(494M) 0.883ms
[271.041s][info][gc] GC(35) Pause Young (Allocation Failure) 138M->1M(494M) 0.183ms
[273.251s][info][gc] GC(36) Pause Young (Allocation Failure) 138M->1M(494M) 0.316ms
[275.445s][info][gc] GC(37) Pause Young (Allocation Failure) 138M->1M(494M) 0.397ms
[277.702s][info][gc] GC(38) Pause Young (Allocation Failure) 138M->1M(494M) 0.337ms
[279.920s][info][gc] GC(39) Pause Young (Allocation Failure) 138M->2M(494M) 0.555ms
[282.119s][info][gc] GC(40) Pause Young (Allocation Failure) 138M->2M(494M) 0.558ms
[284.360s][info][gc] GC(41) Pause Young (Allocation Failure) 138M->2M(494M) 0.683ms
[286.547s][info][gc] GC(42) Pause Young (Allocation Failure) 138M->2M(494M) 0.789ms
[288.780s][info][gc] GC(43) Pause Young (Allocation Failure) 138M->2M(494M) 0.806ms
[290.982s][info][gc] GC(44) Pause Young (Allocation Failure) 138M->2M(494M) 0.907ms
[293.206s][info][gc] GC(45) Pause Young (Allocation Failure) 138M->2M(494M) 0.684ms
[295.408s][info][gc] GC(46) Pause Young (Allocation Failure) 138M->2M(494M) 0.959ms
[297.605s][info][gc] GC(47) Pause Young (Allocation Failure) 138M->2M(494M) 0.956ms
[299.832s][info][gc] GC(48) Pause Young (Allocation Failure) 138M->1M(494M) 0.175ms
[302.047s][info][gc] GC(49) Pause Young (Allocation Failure) 138M->1M(494M) 0.367ms
[304.278s][info][gc] GC(50) Pause Young (Allocation Failure) 138M->1M(494M) 0.436ms
[306.488s][info][gc] GC(51) Pause Young (Allocation Failure) 138M->2M(494M) 0.471ms
[308.744s][info][gc] GC(52) Pause Young (Allocation Failure) 138M->2M(494M) 0.607ms
[310.963s][info][gc] GC(53) Pause Young (Allocation Failure) 138M->2M(494M) 0.714ms
[313.130s][info][gc] GC(54) Pause Young (Allocation Failure) 138M->2M(494M) 1.379ms
[315.325s][info][gc] GC(55) Pause Young (Allocation Failure) 138M->2M(494M) 1.013ms
[317.578s][info][gc] GC(56) Pause Young (Allocation Failure) 138M->1M(494M) 0.208ms
[319.780s][info][gc] GC(57) Pause Young (Allocation Failure) 138M->1M(494M) 0.414ms
[321.999s][info][gc] GC(58) Pause Young (Allocation Failure) 138M->2M(494M) 0.545ms
[324.226s][info][gc] GC(59) Pause Young (Allocation Failure) 138M->1M(494M) 0.442ms
[326.448s][info][gc] GC(60) Pause Young (Allocation Failure) 138M->2M(494M) 0.555ms
[328.678s][info][gc] GC(61) Pause Young (Allocation Failure) 138M->1M(494M) 0.556ms
[330.901s][info][gc] GC(62) Pause Young (Allocation Failure) 138M->2M(494M) 0.585ms
[333.114s][info][gc] GC(63) Pause Young (Allocation Failure) 138M->2M(494M) 0.767ms
[335.338s][info][gc] GC(64) Pause Young (Allocation Failure) 138M->2M(494M) 1.356ms
[337.620s][info][gc] GC(65) Pause Young (Allocation Failure) 138M->1M(494M) 0.192ms
[339.886s][info][gc] GC(66) Pause Young (Allocation Failure) 138M->1M(494M) 0.326ms
[342.078s][info][gc] GC(67) Pause Young (Allocation Failure) 138M->1M(494M) 0.639ms
[344.291s][info][gc] GC(68) Pause Young (Allocation Failure) 138M->1M(494M) 0.507ms
[346.528s][info][gc] GC(69) Pause Young (Allocation Failure) 138M->2M(494M) 0.744ms
[348.762s][info][gc] GC(70) Pause Young (Allocation Failure) 138M->2M(494M) 0.481ms
[350.986s][info][gc] GC(71) Pause Young (Allocation Failure) 138M->2M(494M) 0.720ms
[353.235s][info][gc] GC(72) Pause Young (Allocation Failure) 138M->2M(494M) 0.466ms
[355.436s][info][gc] GC(73) Pause Young (Allocation Failure) 138M->2M(494M) 0.653ms
[357.651s][info][gc] GC(74) Pause Young (Allocation Failure) 138M->2M(494M) 0.557ms
[359.873s][info][gc] GC(75) Pause Young (Allocation Failure) 138M->2M(494M) 0.757ms
[362.146s][info][gc] GC(76) Pause Young (Allocation Failure) 138M->2M(494M) 0.596ms
[364.346s][info][gc] GC(77) Pause Young (Allocation Failure) 138M->2M(494M) 0.761ms
[366.579s][info][gc] GC(78) Pause Young (Allocation Failure) 138M->2M(494M) 0.468ms
[368.795s][info][gc] GC(79) Pause Young (Allocation Failure) 138M->2M(494M) 0.786ms
