[0.002s][info][gc] Using Serial
[8.609s][info][gc] GC(0) Pause Young (Allocation Failure) 136M->2M(494M) 4.068ms
[10.751s][info][gc] GC(1) Pause Young (Allocation Failure) 138M->2M(494M) 3.340ms
[12.936s][info][gc] GC(2) Pause Young (Allocation Failure) 138M->1M(494M) 1.988ms
[15.065s][info][gc] GC(3) Pause Young (Allocation Failure) 138M->2M(494M) 2.757ms
[17.196s][info][gc] GC(4) Pause Young (Allocation Failure) 138M->2M(494M) 2.394ms
[19.371s][info][gc] GC(5) Pause Young (Allocation Failure) 138M->1M(494M) 2.076ms
[21.539s][info][gc] GC(6) Pause Young (Allocation Failure) 138M->2M(494M) 2.441ms
[23.714s][info][gc] GC(7) Pause Young (Allocation Failure) 138M->2M(494M) 2.728ms
[25.870s][info][gc] GC(8) Pause Young (Allocation Failure) 138M->2M(494M) 3.510ms
[28.050s][info][gc] GC(9) Pause Young (Allocation Failure) 138M->2M(494M) 2.942ms
[30.258s][info][gc] GC(10) Pause Young (Allocation Failure) 138M->2M(494M) 3.381ms
[32.419s][info][gc] GC(11) Pause Young (Allocation Failure) 138M->2M(494M) 3.120ms
[34.568s][info][gc] GC(12) Pause Young (Allocation Failure) 138M->1M(494M) 2.234ms
[36.732s][info][gc] GC(13) Pause Young (Allocation Failure) 138M->1M(494M) 2.241ms
[38.843s][info][gc] GC(14) Pause Young (Allocation Failure) 138M->1M(494M) 2.470ms
[40.938s][info][gc] GC(15) Pause Young (Allocation Failure) 138M->1M(494M) 2.736ms
[43.102s][info][gc] GC(16) Pause Young (Allocation Failure) 138M->1M(494M) 0.457ms
[46.036s][info][gc] GC(17) Pause Young (Allocation Failure) 138M->2M(494M) 0.536ms
[48.398s][info][gc] GC(18) Pause Young (Allocation Failure) 138M->2M(494M) 0.711ms
[50.739s][info][gc] GC(19) Pause Young (Allocation Failure) 138M->2M(494M) 0.658ms
[53.088s][info][gc] GC(20) Pause Young (Allocation Failure) 138M->2M(494M) 0.656ms
[55.562s][info][gc] GC(21) Pause Young (Allocation Failure) 138M->2M(494M) 0.827ms
[58.054s][info][gc] GC(22) Pause Young (Allocation Failure) 138M->2M(494M) 0.903ms
[60.292s][info][gc] GC(23) Pause Young (Allocation Failure) 138M->2M(494M) 0.699ms
[62.825s][info][gc] GC(24) Pause Young (Allocation Failure) 138M->2M(494M) 0.885ms
[65.159s][info][gc] GC(25) Pause Young (Allocation Failure) 138M->2M(494M) 1.069ms
[67.419s][info][gc] GC(26) Pause Young (Allocation Failure) 138M->1M(494M) 0.216ms
[69.619s][info][gc] GC(27) Pause Young (Allocation Failure) 138M->1M(494M) 0.315ms
[72.218s][info][gc] GC(28) Pause Young (Allocation Failure) 138M->2M(494M) 0.457ms
[74.815s][info][gc] GC(29) Pause Young (Allocation Failure) 138M->2M(494M) 0.541ms
[77.086s][info][gc] GC(30) Pause Young (Allocation Failure) 138M->2M(494M) 0.626ms
[79.342s][info][gc] GC(31) Pause Young (Allocation Failure) 138M->2M(494M) 0.657ms
[81.856s][info][gc] GC(32) Pause Young (Allocation Failure) 138M->2M(494M) 1.075ms
[84.110s][info][gc] GC(33) Pause Young (Allocation Failure) 138M->2M(494M) 0.760ms
[86.471s][info][gc] GC(34) Pause Young (Allocation Failure) 138M->2M(494M) 0.886ms
[88.917s][info][gc] GC(35) Pause Young (Allocation Failure) 138M->2M(494M) 0.922ms
[91.168s][info][gc] GC(36) Pause Young (Allocation Failure) 138M->1M(494M) 0.135ms
[93.309s][info][gc] GC(37) Pause Young (Allocation Failure) 138M->1M(494M) 0.281ms
[95.503s][info][gc] GC(38) Pause Young (Allocation Failure) 138M->2M(494M) 0.467ms
[98.050s][info][gc] GC(39) Pause Young (Allocation Failure) 138M->2M(494M) 0.462ms
[100.483s][info][gc] GC(40) Pause Young (Allocation Failure) 138M->2M(494M) 0.456ms
[102.677s][info][gc] GC(41) Pause Young (Allocation Failure) 138M->2M(494M) 0.643ms
[104.827s][info][gc] GC(42) Pause Young (Allocation Failure) 138M->2M(494M) 0.669ms
[107.084s][info][gc] GC(43) Pause Young (Allocation Failure) 138M->2M(494M) 1.176ms
[109.351s][info][gc] GC(44) Pause Young (Allocation Failure) 138M->2M(494M) 0.722ms
[111.545s][info][gc] GC(45) Pause Young (Allocation Failure) 138M->2M(494M) 0.909ms
[113.719s][info][gc] GC(46) Pause Young (Allocation Failure) 138M->2M(494M) 0.823ms
[115.966s][info][gc] GC(47) Pause Young (Allocation Failure) 138M->1M(494M) 0.177ms
[118.148s][info][gc] GC(48) Pause Young (Allocation Failure) 138M->1M(494M) 0.317ms
[120.342s][info][gc] GC(49) Pause Young (Allocation Failure) 138M->2M(494M) 0.372ms
[122.526s][info][gc] GC(50) Pause Young (Allocation Failure) 138M->1M(494M) 0.242ms
[124.909s][info][gc] GC(51) Pause Young (Allocation Failure) 138M->2M(494M) 0.434ms
[127.084s][info][gc] GC(52) Pause Young (Allocation Failure) 138M->2M(494M) 0.670ms
[129.318s][info][gc] GC(53) Pause Young (Allocation Failure) 138M->2M(494M) 0.707ms
[131.552s][info][gc] GC(54) Pause Young (Allocation Failure) 138M->2M(494M) 0.654ms
[133.851s][info][gc] GC(55) Pause Young (Allocation Failure) 138M->2M(494M) 0.837ms
[136.001s][info][gc] GC(56) Pause Young (Allocation Failure) 138M->2M(494M) 1.052ms
[138.216s][info][gc] GC(57) Pause Young (Allocation Failure) 138M->2M(494M) 0.787ms
[140.401s][info][gc] GC(58) Pause Young (Allocation Failure) 138M->2M(494M) 1.029ms
[142.554s][info][gc] GC(59) Pause Young (Allocation Failure) 138M->2M(494M) 0.925ms
[144.650s][info][gc] GC(60) Pause Young (Allocation Failure) 138M->1M(494M) 0.269ms
[147.022s][info][gc] GC(61) Pause Young (Allocation Failure) 138M->1M(494M) 0.428ms
[149.405s][info][gc] GC(62) Pause Young (Allocation Failure) 138M->2M(494M) 0.544ms
[151.666s][info][gc] GC(63) Pause Young (Allocation Failure) 138M->2M(494M) 0.696ms
[153.919s][info][gc] GC(64) Pause Young (Allocation Failure) 138M->2M(494M) 1.043ms
[156.076s][info][gc] GC(65) Pause Young (Allocation Failure) 138M->2M(494M) 1.126ms
[158.229s][info][gc] GC(66) Pause Young (Allocation Failure) 138M->2M(494M) 1.313ms
[160.377s][info][gc] GC(67) Pause Young (Allocation Failure) 138M->1M(494M) 0.334ms
[162.671s][info][gc] GC(68) Pause Young (Allocation Failure) 138M->1M(494M) 0.261ms
[165.002s][info][gc] GC(69) Pause Young (Allocation Failure) 138M->2M(494M) 0.534ms
[167.318s][info][gc] GC(70) Pause Young (Allocation Failure) 138M->2M(494M) 0.507ms
[169.659s][info][gc] GC(71) Pause Young (Allocation Failure) 138M->2M(494M) 0.668ms
[171.819s][info][gc] GC(72) Pause Young (Allocation Failure) 138M->2M(494M) 0.721ms
[173.986s][info][gc] GC(73) Pause Young (Allocation Failure) 138M->2M(494M) 1.009ms
[176.222s][info][gc] GC(74) Pause Young (Allocation Failure) 138M->2M(494M) 0.948ms
[178.620s][info][gc] GC(75) Pause Young (Allocation Failure) 138M->1M(494M) 0.204ms
[180.871s][info][gc] GC(76) Pause Young (Allocation Failure) 138M->1M(494M) 0.353ms
[183.048s][info][gc] GC(77) Pause Young (Allocation Failure) 138M->2M(494M) 0.700ms
[185.400s][info][gc] GC(78) Pause Young (Allocation Failure) 138M->1M(494M) 0.349ms
[187.724s][info][gc] GC(79) Pause Young (Allocation Failure) 138M->2M(494M) 0.497ms
