[0.004s][info][gc] Using Serial
[200.669s][info][gc] GC(0) Pause Young (Allocation Failure) 273M->3M(989M) 5.920ms
[202.014s][info][gc] GC(1) Pause Young (Allocation Failure) 276M->3M(989M) 6.354ms
[203.356s][info][gc] GC(2) Pause Young (Allocation Failure) 276M->3M(989M) 6.273ms
[204.705s][info][gc] GC(3) Pause Young (Allocation Failure) 276M->2M(989M) 3.878ms
[206.079s][info][gc] GC(4) Pause Young (Allocation Failure) 275M->3M(989M) 3.682ms
[207.442s][info][gc] GC(5) Pause Young (Allocation Failure) 276M->3M(989M) 3.680ms
[208.815s][info][gc] GC(6) Pause Young (Allocation Failure) 276M->3M(989M) 6.585ms
[210.181s][info][gc] GC(7) Pause Young (Allocation Failure) 276M->3M(989M) 4.742ms
[211.543s][info][gc] GC(8) Pause Young (Allocation Failure) 276M->3M(989M) 4.031ms
[212.928s][info][gc] GC(9) Pause Young (Allocation Failure) 276M->3M(989M) 4.308ms
[214.173s][info][gc] GC(10) Pause Young (Allocation Failure) 276M->3M(989M) 4.466ms
[215.530s][info][gc] GC(11) Pause Young (Allocation Failure) 276M->3M(989M) 4.545ms
[216.873s][info][gc] GC(12) Pause Young (Allocation Failure) 276M->3M(989M) 5.465ms
[218.222s][info][gc] GC(13) Pause Young (Allocation Failure) 276M->3M(989M) 7.200ms
[219.614s][info][gc] GC(14) Pause Young (Allocation Failure) 276M->3M(989M) 4.502ms
[220.919s][info][gc] GC(15) Pause Young (Allocation Failure) 276M->3M(989M) 7.613ms
[222.294s][info][gc] GC(16) Pause Young (Allocation Failure) 276M->3M(989M) 2.638ms
[223.693s][info][gc] GC(17) Pause Young (Allocation Failure) 276M->3M(989M) 2.682ms
[225.058s][info][gc] GC(18) Pause Young (Allocation Failure) 276M->3M(989M) 3.371ms
[226.390s][info][gc] GC(19) Pause Young (Allocation Failure) 276M->3M(989M) 3.165ms
[227.713s][info][gc] GC(20) Pause Young (Allocation Failure) 276M->3M(989M) 3.518ms
[229.016s][info][gc] GC(21) Pause Young (Allocation Failure) 276M->3M(989M) 3.262ms
[230.407s][info][gc] GC(22) Pause Young (Allocation Failure) 276M->3M(989M) 2.665ms
[231.710s][info][gc] GC(23) Pause Young (Allocation Failure) 276M->3M(989M) 3.027ms
[233.055s][info][gc] GC(24) Pause Young (Allocation Failure) 276M->3M(989M) 3.049ms
[234.425s][info][gc] GC(25) Pause Young (Allocation Failure) 276M->3M(989M) 2.625ms
[235.765s][info][gc] GC(26) Pause Young (Allocation Failure) 276M->3M(989M) 4.134ms
[237.104s][info][gc] GC(27) Pause Young (Allocation Failure) 276M->3M(989M) 3.111ms
[238.440s][info][gc] GC(28) Pause Young (Allocation Failure) 276M->3M(989M) 2.599ms
[239.837s][info][gc] GC(29) Pause Young (Allocation Failure) 276M->3M(989M) 3.329ms
[241.166s][info][gc] GC(30) Pause Young (Allocation Failure) 276M->3M(989M) 2.605ms
[242.515s][info][gc] GC(31) Pause Young (Allocation Failure) 276M->3M(989M) 2.773ms
[243.824s][info][gc] GC(32) Pause Young (Allocation Failure) 276M->3M(989M) 3.092ms
[245.180s][info][gc] GC(33) Pause Young (Allocation Failure) 276M->3M(989M) 2.628ms
[246.535s][info][gc] GC(34) Pause Young (Allocation Failure) 276M->3M(989M) 2.569ms
[247.875s][info][gc] GC(35) Pause Young (Allocation Failure) 276M->3M(989M) 2.681ms
[249.211s][info][gc] GC(36) Pause Young (Allocation Failure) 276M->3M(989M) 2.602ms
[250.523s][info][gc] GC(37) Pause Young (Allocation Failure) 276M->3M(989M) 3.124ms
[251.881s][info][gc] GC(38) Pause Young (Allocation Failure) 276M->3M(989M) 4.270ms
[253.223s][info][gc] GC(39) Pause Young (Allocation Failure) 276M->3M(989M) 3.801ms
[254.594s][info][gc] GC(40) Pause Young (Allocation Failure) 276M->3M(989M) 2.880ms
[255.920s][info][gc] GC(41) Pause Young (Allocation Failure) 276M->3M(989M) 3.106ms
[257.261s][info][gc] GC(42) Pause Young (Allocation Failure) 276M->3M(989M) 4.472ms
[258.589s][info][gc] GC(43) Pause Young (Allocation Failure) 276M->3M(989M) 2.691ms
[259.976s][info][gc] GC(44) Pause Young (Allocation Failure) 276M->3M(989M) 3.116ms
[261.325s][info][gc] GC(45) Pause Young (Allocation Failure) 276M->3M(989M) 2.571ms
[262.612s][info][gc] GC(46) Pause Young (Allocation Failure) 276M->3M(989M) 3.111ms
[263.955s][info][gc] GC(47) Pause Young (Allocation Failure) 276M->3M(989M) 2.816ms
[265.299s][info][gc] GC(48) Pause Young (Allocation Failure) 276M->3M(989M) 3.776ms
[266.637s][info][gc] GC(49) Pause Young (Allocation Failure) 276M->3M(989M) 3.209ms
[267.955s][info][gc] GC(50) Pause Young (Allocation Failure) 276M->3M(989M) 3.940ms
[269.288s][info][gc] GC(51) Pause Young (Allocation Failure) 276M->3M(989M) 2.653ms
[270.632s][info][gc] GC(52) Pause Young (Allocation Failure) 276M->3M(989M) 2.599ms
[272.012s][info][gc] GC(53) Pause Young (Allocation Failure) 276M->3M(989M) 2.738ms
[273.331s][info][gc] GC(54) Pause Young (Allocation Failure) 276M->3M(989M) 3.961ms
[274.648s][info][gc] GC(55) Pause Young (Allocation Failure) 276M->3M(989M) 2.705ms
[275.987s][info][gc] GC(56) Pause Young (Allocation Failure) 276M->3M(989M) 2.692ms
[277.305s][info][gc] GC(57) Pause Young (Allocation Failure) 276M->3M(989M) 2.575ms
[278.654s][info][gc] GC(58) Pause Young (Allocation Failure) 276M->3M(989M) 3.109ms
[280.030s][info][gc] GC(59) Pause Young (Allocation Failure) 276M->3M(989M) 3.782ms
[281.375s][info][gc] GC(60) Pause Young (Allocation Failure) 276M->3M(989M) 4.225ms
[282.674s][info][gc] GC(61) Pause Young (Allocation Failure) 276M->3M(989M) 3.923ms
[283.988s][info][gc] GC(62) Pause Young (Allocation Failure) 276M->3M(989M) 2.738ms
[285.349s][info][gc] GC(63) Pause Young (Allocation Failure) 276M->3M(989M) 3.458ms
[286.693s][info][gc] GC(64) Pause Young (Allocation Failure) 276M->3M(989M) 2.559ms
[288.060s][info][gc] GC(65) Pause Young (Allocation Failure) 276M->3M(989M) 2.810ms
[289.389s][info][gc] GC(66) Pause Young (Allocation Failure) 276M->3M(989M) 3.091ms
[290.739s][info][gc] GC(67) Pause Young (Allocation Failure) 276M->3M(989M) 4.212ms
[292.115s][info][gc] GC(68) Pause Young (Allocation Failure) 276M->3M(989M) 3.357ms
[293.436s][info][gc] GC(69) Pause Young (Allocation Failure) 276M->3M(989M) 4.215ms
[294.766s][info][gc] GC(70) Pause Young (Allocation Failure) 276M->3M(989M) 3.714ms
[296.099s][info][gc] GC(71) Pause Young (Allocation Failure) 276M->3M(989M) 2.663ms
[297.443s][info][gc] GC(72) Pause Young (Allocation Failure) 276M->3M(989M) 2.677ms
[298.790s][info][gc] GC(73) Pause Young (Allocation Failure) 276M->3M(989M) 2.545ms
[300.098s][info][gc] GC(74) Pause Young (Allocation Failure) 276M->3M(989M) 2.616ms
[301.438s][info][gc] GC(75) Pause Young (Allocation Failure) 276M->3M(989M) 2.583ms
[302.728s][info][gc] GC(76) Pause Young (Allocation Failure) 276M->3M(989M) 3.218ms
[304.084s][info][gc] GC(77) Pause Young (Allocation Failure) 276M->3M(989M) 3.107ms
[305.435s][info][gc] GC(78) Pause Young (Allocation Failure) 276M->3M(989M) 2.819ms
[306.769s][info][gc] GC(79) Pause Young (Allocation Failure) 276M->3M(989M) 3.098ms
[308.066s][info][gc] GC(80) Pause Young (Allocation Failure) 276M->3M(989M) 3.239ms
[309.339s][info][gc] GC(81) Pause Young (Allocation Failure) 276M->3M(989M) 2.711ms
[310.606s][info][gc] GC(82) Pause Young (Allocation Failure) 276M->3M(989M) 3.370ms
[311.910s][info][gc] GC(83) Pause Young (Allocation Failure) 276M->3M(989M) 2.932ms
[313.169s][info][gc] GC(84) Pause Young (Allocation Failure) 276M->3M(989M) 2.995ms
[314.481s][info][gc] GC(85) Pause Young (Allocation Failure) 276M->3M(989M) 3.971ms
[315.773s][info][gc] GC(86) Pause Young (Allocation Failure) 276M->3M(989M) 3.215ms
[317.063s][info][gc] GC(87) Pause Young (Allocation Failure) 276M->3M(989M) 3.105ms
[318.330s][info][gc] GC(88) Pause Young (Allocation Failure) 276M->3M(989M) 3.341ms
[319.641s][info][gc] GC(89) Pause Young (Allocation Failure) 276M->3M(989M) 2.587ms
[320.946s][info][gc] GC(90) Pause Young (Allocation Failure) 276M->3M(989M) 2.618ms
[322.237s][info][gc] GC(91) Pause Young (Allocation Failure) 276M->3M(989M) 2.915ms
[323.542s][info][gc] GC(92) Pause Young (Allocation Failure) 276M->3M(989M) 2.719ms
[324.844s][info][gc] GC(93) Pause Young (Allocation Failure) 276M->3M(989M) 3.354ms
[326.132s][info][gc] GC(94) Pause Young (Allocation Failure) 276M->3M(989M) 3.046ms
[327.408s][info][gc] GC(95) Pause Young (Allocation Failure) 276M->3M(989M) 3.051ms
[328.691s][info][gc] GC(96) Pause Young (Allocation Failure) 276M->3M(989M) 2.846ms
[330.018s][info][gc] GC(97) Pause Young (Allocation Failure) 276M->3M(989M) 4.218ms
[331.357s][info][gc] GC(98) Pause Young (Allocation Failure) 276M->3M(989M) 2.700ms
[332.694s][info][gc] GC(99) Pause Young (Allocation Failure) 276M->3M(989M) 4.472ms
[334.042s][info][gc] GC(100) Pause Young (Allocation Failure) 276M->3M(989M) 4.178ms
[335.386s][info][gc] GC(101) Pause Young (Allocation Failure) 276M->3M(989M) 2.730ms
[336.767s][info][gc] GC(102) Pause Young (Allocation Failure) 276M->3M(989M) 2.745ms
[338.126s][info][gc] GC(103) Pause Young (Allocation Failure) 276M->3M(989M) 2.767ms
[339.448s][info][gc] GC(104) Pause Young (Allocation Failure) 276M->3M(989M) 3.080ms
[340.831s][info][gc] GC(105) Pause Young (Allocation Failure) 276M->3M(989M) 2.661ms
[342.133s][info][gc] GC(106) Pause Young (Allocation Failure) 276M->3M(989M) 2.625ms
[343.505s][info][gc] GC(107) Pause Young (Allocation Failure) 276M->3M(989M) 4.528ms
[344.809s][info][gc] GC(108) Pause Young (Allocation Failure) 276M->3M(989M) 2.666ms
[346.199s][info][gc] GC(109) Pause Young (Allocation Failure) 276M->3M(989M) 3.062ms
[347.536s][info][gc] GC(110) Pause Young (Allocation Failure) 276M->3M(989M) 2.686ms
[348.950s][info][gc] GC(111) Pause Young (Allocation Failure) 276M->3M(989M) 2.709ms
[350.338s][info][gc] GC(112) Pause Young (Allocation Failure) 276M->3M(989M) 2.646ms
[351.667s][info][gc] GC(113) Pause Young (Allocation Failure) 276M->3M(989M) 2.563ms
[353.014s][info][gc] GC(114) Pause Young (Allocation Failure) 276M->3M(989M) 2.819ms
[354.350s][info][gc] GC(115) Pause Young (Allocation Failure) 276M->3M(989M) 3.635ms
[355.692s][info][gc] GC(116) Pause Young (Allocation Failure) 276M->3M(989M) 3.906ms
[357.028s][info][gc] GC(117) Pause Young (Allocation Failure) 276M->3M(989M) 2.620ms
[358.367s][info][gc] GC(118) Pause Young (Allocation Failure) 276M->3M(989M) 2.820ms
[359.693s][info][gc] GC(119) Pause Young (Allocation Failure) 276M->3M(989M) 2.653ms
[361.058s][info][gc] GC(120) Pause Young (Allocation Failure) 276M->3M(989M) 2.577ms
[362.396s][info][gc] GC(121) Pause Young (Allocation Failure) 276M->3M(989M) 2.654ms
[363.736s][info][gc] GC(122) Pause Young (Allocation Failure) 276M->3M(989M) 2.771ms
[365.115s][info][gc] GC(123) Pause Young (Allocation Failure) 276M->3M(989M) 2.777ms
[366.439s][info][gc] GC(124) Pause Young (Allocation Failure) 276M->3M(989M) 3.024ms
[367.795s][info][gc] GC(125) Pause Young (Allocation Failure) 276M->3M(989M) 2.643ms
[369.110s][info][gc] GC(126) Pause Young (Allocation Failure) 276M->3M(989M) 3.122ms
[370.451s][info][gc] GC(127) Pause Young (Allocation Failure) 276M->3M(989M) 2.841ms
[371.757s][info][gc] GC(128) Pause Young (Allocation Failure) 276M->3M(989M) 4.361ms
[373.119s][info][gc] GC(129) Pause Young (Allocation Failure) 276M->3M(989M) 2.617ms
[374.453s][info][gc] GC(130) Pause Young (Allocation Failure) 276M->3M(989M) 3.100ms
[375.795s][info][gc] GC(131) Pause Young (Allocation Failure) 276M->3M(989M) 2.945ms
[377.137s][info][gc] GC(132) Pause Young (Allocation Failure) 276M->3M(989M) 4.446ms
[378.473s][info][gc] GC(133) Pause Young (Allocation Failure) 276M->3M(989M) 3.007ms
[379.785s][info][gc] GC(134) Pause Young (Allocation Failure) 276M->3M(989M) 2.584ms
[381.149s][info][gc] GC(135) Pause Young (Allocation Failure) 276M->3M(989M) 2.489ms
[382.501s][info][gc] GC(136) Pause Young (Allocation Failure) 276M->3M(989M) 2.598ms
[383.820s][info][gc] GC(137) Pause Young (Allocation Failure) 276M->3M(989M) 2.717ms
[385.157s][info][gc] GC(138) Pause Young (Allocation Failure) 276M->3M(989M) 2.647ms
[386.484s][info][gc] GC(139) Pause Young (Allocation Failure) 276M->3M(989M) 2.611ms
[387.792s][info][gc] GC(140) Pause Young (Allocation Failure) 276M->3M(989M) 2.640ms
[389.146s][info][gc] GC(141) Pause Young (Allocation Failure) 276M->3M(989M) 3.106ms
