[0.006s][info][gc] Using Serial
[14.927s][info][gc] GC(0) Pause Full (JvmtiEnv ForceGarbageCollection) 170M->2M(486M) 37.243ms
[17.257s][info][gc] GC(1) Pause Full (JvmtiEnv ForceGarbageCollection) 155M->2M(486M) 27.097ms
[19.607s][info][gc] GC(2) Pause Full (JvmtiEnv ForceGarbageCollection) 149M->2M(486M) 27.385ms
[21.938s][info][gc] GC(3) Pause Full (JvmtiEnv ForceGarbageCollection) 150M->2M(486M) 28.561ms
[24.257s][info][gc] GC(4) Pause Full (JvmtiEnv ForceGarbageCollection) 148M->2M(486M) 28.754ms
[26.581s][info][gc] GC(5) Pause Full (JvmtiEnv ForceGarbageCollection) 147M->2M(486M) 27.851ms
[28.885s][info][gc] GC(6) Pause Full (JvmtiEnv ForceGarbageCollection) 143M->2M(486M) 30.769ms
[31.146s][info][gc] GC(7) Pause Full (JvmtiEnv ForceGarbageCollection) 146M->2M(486M) 39.491ms
[33.487s][info][gc] GC(8) Pause Full (JvmtiEnv ForceGarbageCollection) 143M->2M(486M) 28.721ms
[35.825s][info][gc] GC(9) Pause Full (JvmtiEnv ForceGarbageCollection) 144M->2M(486M) 29.536ms
[38.159s][info][gc] GC(10) Pause Full (JvmtiEnv ForceGarbageCollection) 145M->2M(486M) 27.718ms
[40.507s][info][gc] GC(11) Pause Full (JvmtiEnv ForceGarbageCollection) 147M->2M(486M) 28.995ms
[42.877s][info][gc] GC(12) Pause Full (JvmtiEnv ForceGarbageCollection) 145M->2M(486M) 28.654ms
[45.255s][info][gc] GC(13) Pause Full (JvmtiEnv ForceGarbageCollection) 144M->2M(486M) 31.113ms
[47.641s][info][gc] GC(14) Pause Full (JvmtiEnv ForceGarbageCollection) 145M->2M(486M) 29.165ms
[50.057s][info][gc] GC(15) Pause Full (JvmtiEnv ForceGarbageCollection) 145M->2M(486M) 29.928ms
[52.380s][info][gc] GC(16) Pause Full (JvmtiEnv ForceGarbageCollection) 146M->2M(486M) 30.070ms
[54.740s][info][gc] GC(17) Pause Full (JvmtiEnv ForceGarbageCollection) 145M->2M(486M) 27.892ms
[57.091s][info][gc] GC(18) Pause Full (JvmtiEnv ForceGarbageCollection) 144M->2M(486M) 29.495ms
[59.475s][info][gc] GC(19) Pause Full (JvmtiEnv ForceGarbageCollection) 144M->2M(486M) 30.936ms
[61.798s][info][gc] GC(20) Pause Full (JvmtiEnv ForceGarbageCollection) 146M->2M(486M) 28.429ms
[64.197s][info][gc] GC(21) Pause Full (JvmtiEnv ForceGarbageCollection) 146M->2M(486M) 32.791ms
[66.567s][info][gc] GC(22) Pause Full (JvmtiEnv ForceGarbageCollection) 145M->2M(486M) 29.377ms
[68.891s][info][gc] GC(23) Pause Full (JvmtiEnv ForceGarbageCollection) 144M->2M(486M) 29.002ms
[71.253s][info][gc] GC(24) Pause Full (JvmtiEnv ForceGarbageCollection) 144M->2M(486M) 29.220ms
[73.645s][info][gc] GC(25) Pause Full (JvmtiEnv ForceGarbageCollection) 144M->2M(486M) 32.587ms
[76.028s][info][gc] GC(26) Pause Full (JvmtiEnv ForceGarbageCollection) 146M->2M(486M) 28.956ms
[78.401s][info][gc] GC(27) Pause Full (JvmtiEnv ForceGarbageCollection) 146M->2M(486M) 29.612ms
[80.754s][info][gc] GC(28) Pause Full (JvmtiEnv ForceGarbageCollection) 145M->2M(486M) 31.426ms
[83.110s][info][gc] GC(29) Pause Full (JvmtiEnv ForceGarbageCollection) 144M->2M(486M) 32.043ms
[85.467s][info][gc] GC(30) Pause Full (JvmtiEnv ForceGarbageCollection) 145M->2M(486M) 28.933ms
[87.828s][info][gc] GC(31) Pause Full (JvmtiEnv ForceGarbageCollection) 145M->2M(486M) 29.114ms
[90.176s][info][gc] GC(32) Pause Full (JvmtiEnv ForceGarbageCollection) 145M->2M(486M) 26.887ms
[92.546s][info][gc] GC(33) Pause Full (JvmtiEnv ForceGarbageCollection) 145M->2M(486M) 29.678ms
[94.872s][info][gc] GC(34) Pause Full (JvmtiEnv ForceGarbageCollection) 146M->2M(486M) 30.317ms
[97.234s][info][gc] GC(35) Pause Full (JvmtiEnv ForceGarbageCollection) 145M->2M(486M) 31.010ms
[99.646s][info][gc] GC(36) Pause Full (JvmtiEnv ForceGarbageCollection) 145M->2M(486M) 43.277ms
[101.960s][info][gc] GC(37) Pause Full (JvmtiEnv ForceGarbageCollection) 145M->2M(486M) 31.389ms
[104.310s][info][gc] GC(38) Pause Full (JvmtiEnv ForceGarbageCollection) 145M->2M(486M) 30.274ms
[106.658s][info][gc] GC(39) Pause Full (JvmtiEnv ForceGarbageCollection) 145M->2M(486M) 33.221ms
[109.071s][info][gc] GC(40) Pause Full (JvmtiEnv ForceGarbageCollection) 145M->2M(486M) 30.069ms
[111.406s][info][gc] GC(41) Pause Full (JvmtiEnv ForceGarbageCollection) 145M->2M(486M) 27.434ms
[113.766s][info][gc] GC(42) Pause Full (JvmtiEnv ForceGarbageCollection) 145M->2M(486M) 30.101ms
[116.120s][info][gc] GC(43) Pause Full (JvmtiEnv ForceGarbageCollection) 145M->2M(486M) 32.911ms
[118.427s][info][gc] GC(44) Pause Full (JvmtiEnv ForceGarbageCollection) 145M->2M(486M) 28.024ms
[120.739s][info][gc] GC(45) Pause Full (JvmtiEnv ForceGarbageCollection) 145M->2M(486M) 27.673ms
[123.081s][info][gc] GC(46) Pause Full (JvmtiEnv ForceGarbageCollection) 145M->2M(486M) 29.710ms
[125.454s][info][gc] GC(47) Pause Full (JvmtiEnv ForceGarbageCollection) 145M->2M(486M) 31.022ms
[127.809s][info][gc] GC(48) Pause Full (JvmtiEnv ForceGarbageCollection) 145M->2M(486M) 31.388ms
[130.179s][info][gc] GC(49) Pause Full (JvmtiEnv ForceGarbageCollection) 145M->2M(486M) 28.888ms
[132.531s][info][gc] GC(50) Pause Full (JvmtiEnv ForceGarbageCollection) 145M->2M(486M) 28.140ms
[134.897s][info][gc] GC(51) Pause Full (JvmtiEnv ForceGarbageCollection) 145M->2M(486M) 29.052ms
[137.219s][info][gc] GC(52) Pause Full (JvmtiEnv ForceGarbageCollection) 145M->2M(486M) 29.542ms
[139.623s][info][gc] GC(53) Pause Full (JvmtiEnv ForceGarbageCollection) 145M->2M(486M) 27.921ms
[141.967s][info][gc] GC(54) Pause Full (JvmtiEnv ForceGarbageCollection) 145M->2M(486M) 31.720ms
[144.355s][info][gc] GC(55) Pause Full (JvmtiEnv ForceGarbageCollection) 145M->2M(486M) 30.236ms
[146.785s][info][gc] GC(56) Pause Full (JvmtiEnv ForceGarbageCollection) 145M->2M(486M) 29.715ms
[149.118s][info][gc] GC(57) Pause Full (JvmtiEnv ForceGarbageCollection) 145M->2M(486M) 29.856ms
[151.456s][info][gc] GC(58) Pause Full (JvmtiEnv ForceGarbageCollection) 145M->2M(486M) 30.719ms
[153.928s][info][gc] GC(59) Pause Full (JvmtiEnv ForceGarbageCollection) 145M->2M(486M) 28.025ms
[156.427s][info][gc] GC(60) Pause Full (JvmtiEnv ForceGarbageCollection) 145M->2M(486M) 27.410ms
[158.815s][info][gc] GC(61) Pause Full (JvmtiEnv ForceGarbageCollection) 145M->2M(486M) 29.429ms
[161.193s][info][gc] GC(62) Pause Full (JvmtiEnv ForceGarbageCollection) 145M->2M(486M) 30.397ms
[163.554s][info][gc] GC(63) Pause Full (JvmtiEnv ForceGarbageCollection) 145M->2M(486M) 27.148ms
[165.939s][info][gc] GC(64) Pause Full (JvmtiEnv ForceGarbageCollection) 145M->2M(486M) 27.643ms
[168.311s][info][gc] GC(65) Pause Full (JvmtiEnv ForceGarbageCollection) 145M->2M(486M) 27.764ms
[170.702s][info][gc] GC(66) Pause Full (JvmtiEnv ForceGarbageCollection) 145M->2M(486M) 38.800ms
[173.065s][info][gc] GC(67) Pause Full (JvmtiEnv ForceGarbageCollection) 145M->2M(486M) 38.743ms
[175.382s][info][gc] GC(68) Pause Full (JvmtiEnv ForceGarbageCollection) 145M->2M(486M) 37.012ms
[177.727s][info][gc] GC(69) Pause Full (JvmtiEnv ForceGarbageCollection) 145M->2M(486M) 31.960ms
[180.103s][info][gc] GC(70) Pause Full (JvmtiEnv ForceGarbageCollection) 145M->2M(486M) 30.558ms
[182.443s][info][gc] GC(71) Pause Full (JvmtiEnv ForceGarbageCollection) 145M->2M(486M) 32.429ms
[184.815s][info][gc] GC(72) Pause Full (JvmtiEnv ForceGarbageCollection) 145M->2M(486M) 30.323ms
[187.152s][info][gc] GC(73) Pause Full (JvmtiEnv ForceGarbageCollection) 145M->2M(486M) 32.107ms
[189.541s][info][gc] GC(74) Pause Full (JvmtiEnv ForceGarbageCollection) 145M->2M(486M) 28.955ms
[191.908s][info][gc] GC(75) Pause Full (JvmtiEnv ForceGarbageCollection) 145M->2M(486M) 28.270ms
