[0.006s][info][gc] Using Serial
[16.235s][info][gc] GC(0) Pause Full (JvmtiEnv ForceGarbageCollection) 170M->2M(486M) 31.206ms
[18.607s][info][gc] GC(1) Pause Full (JvmtiEnv ForceGarbageCollection) 155M->2M(486M) 30.805ms
[20.999s][info][gc] GC(2) Pause Full (JvmtiEnv ForceGarbageCollection) 151M->2M(486M) 29.121ms
[23.346s][info][gc] GC(3) Pause Full (JvmtiEnv ForceGarbageCollection) 147M->2M(486M) 32.454ms
[25.746s][info][gc] GC(4) Pause Full (JvmtiEnv ForceGarbageCollection) 148M->2M(486M) 29.971ms
[28.106s][info][gc] GC(5) Pause Full (JvmtiEnv ForceGarbageCollection) 147M->2M(486M) 31.084ms
[30.487s][info][gc] GC(6) Pause Full (JvmtiEnv ForceGarbageCollection) 147M->2M(486M) 30.547ms
[32.837s][info][gc] GC(7) Pause Full (JvmtiEnv ForceGarbageCollection) 144M->2M(486M) 31.048ms
[35.221s][info][gc] GC(8) Pause Full (JvmtiEnv ForceGarbageCollection) 143M->2M(486M) 28.907ms
[37.586s][info][gc] GC(9) Pause Full (JvmtiEnv ForceGarbageCollection) 143M->2M(486M) 28.652ms
[39.986s][info][gc] GC(10) Pause Full (JvmtiEnv ForceGarbageCollection) 145M->2M(486M) 30.059ms
[42.365s][info][gc] GC(11) Pause Full (JvmtiEnv ForceGarbageCollection) 147M->2M(486M) 30.672ms
[44.754s][info][gc] GC(12) Pause Full (JvmtiEnv ForceGarbageCollection) 145M->2M(486M) 29.418ms
[47.096s][info][gc] GC(13) Pause Full (JvmtiEnv ForceGarbageCollection) 144M->2M(486M) 28.895ms
[49.448s][info][gc] GC(14) Pause Full (JvmtiEnv ForceGarbageCollection) 145M->2M(486M) 28.717ms
[51.850s][info][gc] GC(15) Pause Full (JvmtiEnv ForceGarbageCollection) 146M->2M(486M) 30.513ms
[54.250s][info][gc] GC(16) Pause Full (JvmtiEnv ForceGarbageCollection) 145M->2M(486M) 30.668ms
[56.615s][info][gc] GC(17) Pause Full (JvmtiEnv ForceGarbageCollection) 143M->2M(486M) 30.920ms
[59.012s][info][gc] GC(18) Pause Full (JvmtiEnv ForceGarbageCollection) 144M->2M(486M) 32.001ms
[61.412s][info][gc] GC(19) Pause Full (JvmtiEnv ForceGarbageCollection) 147M->2M(486M) 32.424ms
[63.838s][info][gc] GC(20) Pause Full (JvmtiEnv ForceGarbageCollection) 146M->2M(486M) 30.167ms
[66.190s][info][gc] GC(21) Pause Full (JvmtiEnv ForceGarbageCollection) 144M->2M(486M) 29.386ms
[68.589s][info][gc] GC(22) Pause Full (JvmtiEnv ForceGarbageCollection) 144M->2M(486M) 30.340ms
[70.947s][info][gc] GC(23) Pause Full (JvmtiEnv ForceGarbageCollection) 146M->2M(486M) 29.821ms
[73.336s][info][gc] GC(24) Pause Full (JvmtiEnv ForceGarbageCollection) 145M->2M(486M) 37.616ms
[75.714s][info][gc] GC(25) Pause Full (JvmtiEnv ForceGarbageCollection) 145M->2M(486M) 28.208ms
[78.103s][info][gc] GC(26) Pause Full (JvmtiEnv ForceGarbageCollection) 145M->2M(486M) 29.152ms
[80.499s][info][gc] GC(27) Pause Full (JvmtiEnv ForceGarbageCollection) 146M->2M(486M) 28.150ms
[82.897s][info][gc] GC(28) Pause Full (JvmtiEnv ForceGarbageCollection) 145M->2M(486M) 31.889ms
[85.290s][info][gc] GC(29) Pause Full (JvmtiEnv ForceGarbageCollection) 143M->2M(486M) 43.523ms
[87.661s][info][gc] GC(30) Pause Full (JvmtiEnv ForceGarbageCollection) 143M->2M(486M) 30.862ms
[90.048s][info][gc] GC(31) Pause Full (JvmtiEnv ForceGarbageCollection) 146M->2M(486M) 29.629ms
[92.438s][info][gc] GC(32) Pause Full (JvmtiEnv ForceGarbageCollection) 146M->2M(486M) 41.203ms
[94.784s][info][gc] GC(33) Pause Full (JvmtiEnv ForceGarbageCollection) 145M->2M(486M) 29.730ms
[97.148s][info][gc] GC(34) Pause Full (JvmtiEnv ForceGarbageCollection) 143M->2M(486M) 30.358ms
[99.584s][info][gc] GC(35) Pause Full (JvmtiEnv ForceGarbageCollection) 143M->2M(486M) 29.568ms
[101.950s][info][gc] GC(36) Pause Full (JvmtiEnv ForceGarbageCollection) 146M->2M(486M) 28.664ms
[104.309s][info][gc] GC(37) Pause Full (JvmtiEnv ForceGarbageCollection) 145M->2M(486M) 29.096ms
[106.671s][info][gc] GC(38) Pause Full (JvmtiEnv ForceGarbageCollection) 146M->2M(486M) 30.603ms
[109.053s][info][gc] GC(39) Pause Full (JvmtiEnv ForceGarbageCollection) 143M->2M(486M) 29.712ms
[111.433s][info][gc] GC(40) Pause Full (JvmtiEnv ForceGarbageCollection) 145M->2M(486M) 29.682ms
[113.799s][info][gc] GC(41) Pause Full (JvmtiEnv ForceGarbageCollection) 146M->2M(486M) 30.212ms
[116.240s][info][gc] GC(42) Pause Full (JvmtiEnv ForceGarbageCollection) 145M->2M(486M) 28.881ms
[118.571s][info][gc] GC(43) Pause Full (JvmtiEnv ForceGarbageCollection) 145M->2M(486M) 30.138ms
[120.925s][info][gc] GC(44) Pause Full (JvmtiEnv ForceGarbageCollection) 145M->2M(486M) 31.378ms
[123.258s][info][gc] GC(45) Pause Full (JvmtiEnv ForceGarbageCollection) 143M->2M(486M) 30.617ms
[125.599s][info][gc] GC(46) Pause Full (JvmtiEnv ForceGarbageCollection) 144M->2M(486M) 28.421ms
[127.927s][info][gc] GC(47) Pause Full (JvmtiEnv ForceGarbageCollection) 146M->2M(486M) 27.872ms
[130.270s][info][gc] GC(48) Pause Full (JvmtiEnv ForceGarbageCollection) 146M->2M(486M) 29.477ms
[132.600s][info][gc] GC(49) Pause Full (JvmtiEnv ForceGarbageCollection) 145M->2M(486M) 28.879ms
[135.152s][info][gc] GC(50) Pause Full (JvmtiEnv ForceGarbageCollection) 144M->2M(486M) 29.616ms
[137.474s][info][gc] GC(51) Pause Full (JvmtiEnv ForceGarbageCollection) 145M->2M(486M) 28.426ms
[139.829s][info][gc] GC(52) Pause Full (JvmtiEnv ForceGarbageCollection) 146M->2M(486M) 32.331ms
[142.166s][info][gc] GC(53) Pause Full (JvmtiEnv ForceGarbageCollection) 145M->2M(486M) 29.530ms
[144.729s][info][gc] GC(54) Pause Full (JvmtiEnv ForceGarbageCollection) 145M->2M(486M) 32.888ms
[147.159s][info][gc] GC(55) Pause Full (JvmtiEnv ForceGarbageCollection) 145M->2M(486M) 28.623ms
[149.542s][info][gc] GC(56) Pause Full (JvmtiEnv ForceGarbageCollection) 145M->2M(486M) 32.615ms
[151.888s][info][gc] GC(57) Pause Full (JvmtiEnv ForceGarbageCollection) 145M->2M(486M) 29.453ms
[154.221s][info][gc] GC(58) Pause Full (JvmtiEnv ForceGarbageCollection) 145M->2M(486M) 28.548ms
[156.599s][info][gc] GC(59) Pause Full (JvmtiEnv ForceGarbageCollection) 145M->2M(486M) 31.024ms
[158.997s][info][gc] GC(60) Pause Full (JvmtiEnv ForceGarbageCollection) 145M->2M(486M) 29.678ms
[161.389s][info][gc] GC(61) Pause Full (JvmtiEnv ForceGarbageCollection) 145M->2M(486M) 31.698ms
[163.695s][info][gc] GC(62) Pause Full (JvmtiEnv ForceGarbageCollection) 145M->2M(486M) 36.294ms
[166.017s][info][gc] GC(63) Pause Full (JvmtiEnv ForceGarbageCollection) 145M->2M(486M) 31.300ms
[168.363s][info][gc] GC(64) Pause Full (JvmtiEnv ForceGarbageCollection) 145M->2M(486M) 32.289ms
[170.705s][info][gc] GC(65) Pause Full (JvmtiEnv ForceGarbageCollection) 145M->2M(486M) 28.004ms
[173.105s][info][gc] GC(66) Pause Full (JvmtiEnv ForceGarbageCollection) 145M->2M(486M) 28.306ms
[175.468s][info][gc] GC(67) Pause Full (JvmtiEnv ForceGarbageCollection) 145M->2M(486M) 31.105ms
[177.851s][info][gc] GC(68) Pause Full (JvmtiEnv ForceGarbageCollection) 145M->2M(486M) 32.994ms
[180.241s][info][gc] GC(69) Pause Full (JvmtiEnv ForceGarbageCollection) 145M->2M(486M) 33.216ms
[182.573s][info][gc] GC(70) Pause Full (JvmtiEnv ForceGarbageCollection) 145M->2M(486M) 33.236ms
[184.970s][info][gc] GC(71) Pause Full (JvmtiEnv ForceGarbageCollection) 145M->2M(486M) 31.032ms
[187.345s][info][gc] GC(72) Pause Full (JvmtiEnv ForceGarbageCollection) 145M->2M(486M) 29.845ms
[189.727s][info][gc] GC(73) Pause Full (JvmtiEnv ForceGarbageCollection) 145M->2M(486M) 30.032ms
[192.102s][info][gc] GC(74) Pause Full (JvmtiEnv ForceGarbageCollection) 145M->2M(486M) 30.856ms
[194.467s][info][gc] GC(75) Pause Full (JvmtiEnv ForceGarbageCollection) 145M->2M(486M) 30.314ms
