[0.006s][info][gc] Using Serial
[189.497s][info][gc] GC(0) Pause Young (Allocation Failure) 136M->2M(494M) 5.756ms
[191.727s][info][gc] GC(1) Pause Young (Allocation Failure) 138M->2M(494M) 3.955ms
[193.955s][info][gc] GC(2) Pause Young (Allocation Failure) 138M->2M(494M) 2.245ms
[196.186s][info][gc] GC(3) Pause Young (Allocation Failure) 138M->2M(494M) 2.540ms
[198.345s][info][gc] GC(4) Pause Young (Allocation Failure) 138M->1M(494M) 2.211ms
[200.605s][info][gc] GC(5) Pause Young (Allocation Failure) 138M->2M(494M) 2.333ms
[202.837s][info][gc] GC(6) Pause Young (Allocation Failure) 138M->1M(494M) 3.171ms
[205.073s][info][gc] GC(7) Pause Young (Allocation Failure) 138M->1M(494M) 1.921ms
[207.272s][info][gc] GC(8) Pause Young (Allocation Failure) 138M->2M(494M) 2.388ms
[209.516s][info][gc] GC(9) Pause Young (Allocation Failure) 138M->1M(494M) 2.814ms
[211.736s][info][gc] GC(10) Pause Young (Allocation Failure) 138M->1M(494M) 2.395ms
[213.974s][info][gc] GC(11) Pause Young (Allocation Failure) 138M->1M(494M) 2.312ms
[216.201s][info][gc] GC(12) Pause Young (Allocation Failure) 138M->2M(494M) 2.143ms
[218.409s][info][gc] GC(13) Pause Young (Allocation Failure) 138M->2M(494M) 2.820ms
[220.598s][info][gc] GC(14) Pause Young (Allocation Failure) 138M->2M(494M) 3.012ms
[222.869s][info][gc] GC(15) Pause Young (Allocation Failure) 138M->2M(494M) 4.165ms
[225.082s][info][gc] GC(16) Pause Young (Allocation Failure) 138M->2M(494M) 1.230ms
[227.299s][info][gc] GC(17) Pause Young (Allocation Failure) 138M->2M(494M) 0.987ms
[229.537s][info][gc] GC(18) Pause Young (Allocation Failure) 138M->1M(494M) 0.314ms
[231.768s][info][gc] GC(19) Pause Young (Allocation Failure) 138M->2M(494M) 0.394ms
[233.965s][info][gc] GC(20) Pause Young (Allocation Failure) 138M->2M(494M) 0.496ms
[236.143s][info][gc] GC(21) Pause Young (Allocation Failure) 138M->2M(494M) 0.985ms
[238.349s][info][gc] GC(22) Pause Young (Allocation Failure) 138M->2M(494M) 0.858ms
[240.584s][info][gc] GC(23) Pause Young (Allocation Failure) 138M->2M(494M) 0.898ms
[242.821s][info][gc] GC(24) Pause Young (Allocation Failure) 138M->2M(494M) 0.808ms
[245.023s][info][gc] GC(25) Pause Young (Allocation Failure) 138M->2M(494M) 1.018ms
[247.229s][info][gc] GC(26) Pause Young (Allocation Failure) 138M->2M(494M) 0.766ms
[249.453s][info][gc] GC(27) Pause Young (Allocation Failure) 138M->1M(494M) 0.154ms
[251.641s][info][gc] GC(28) Pause Young (Allocation Failure) 138M->1M(494M) 0.277ms
[253.856s][info][gc] GC(29) Pause Young (Allocation Failure) 138M->2M(494M) 0.500ms
[256.043s][info][gc] GC(30) Pause Young (Allocation Failure) 138M->1M(494M) 0.351ms
[258.275s][info][gc] GC(31) Pause Young (Allocation Failure) 138M->2M(494M) 0.459ms
[260.538s][info][gc] GC(32) Pause Young (Allocation Failure) 138M->1M(494M) 0.519ms
[263.033s][info][gc] GC(33) Pause Young (Allocation Failure) 138M->2M(494M) 0.535ms
[265.256s][info][gc] GC(34) Pause Young (Allocation Failure) 138M->2M(494M) 0.724ms
[267.465s][info][gc] GC(35) Pause Young (Allocation Failure) 138M->2M(494M) 1.126ms
[269.870s][info][gc] GC(36) Pause Young (Allocation Failure) 138M->1M(494M) 0.167ms
[272.330s][info][gc] GC(37) Pause Young (Allocation Failure) 138M->1M(494M) 0.254ms
[274.602s][info][gc] GC(38) Pause Young (Allocation Failure) 138M->1M(494M) 0.564ms
[276.801s][info][gc] GC(39) Pause Young (Allocation Failure) 138M->1M(494M) 0.326ms
[279.060s][info][gc] GC(40) Pause Young (Allocation Failure) 138M->2M(494M) 0.447ms
[281.273s][info][gc] GC(41) Pause Young (Allocation Failure) 138M->2M(494M) 0.531ms
[283.464s][info][gc] GC(42) Pause Young (Allocation Failure) 138M->2M(494M) 0.626ms
[285.673s][info][gc] GC(43) Pause Young (Allocation Failure) 138M->2M(494M) 0.682ms
[287.910s][info][gc] GC(44) Pause Young (Allocation Failure) 138M->2M(494M) 0.846ms
[290.073s][info][gc] GC(45) Pause Young (Allocation Failure) 138M->2M(494M) 1.409ms
[292.247s][info][gc] GC(46) Pause Young (Allocation Failure) 138M->2M(494M) 0.814ms
[294.448s][info][gc] GC(47) Pause Young (Allocation Failure) 138M->2M(494M) 1.479ms
[296.661s][info][gc] GC(48) Pause Young (Allocation Failure) 138M->2M(494M) 0.950ms
[298.880s][info][gc] GC(49) Pause Young (Allocation Failure) 138M->1M(494M) 0.181ms
[301.112s][info][gc] GC(50) Pause Young (Allocation Failure) 138M->1M(494M) 0.327ms
[303.294s][info][gc] GC(51) Pause Young (Allocation Failure) 138M->2M(494M) 0.577ms
[305.476s][info][gc] GC(52) Pause Young (Allocation Failure) 138M->2M(494M) 0.640ms
[307.708s][info][gc] GC(53) Pause Young (Allocation Failure) 138M->2M(494M) 0.947ms
[309.935s][info][gc] GC(54) Pause Young (Allocation Failure) 138M->2M(494M) 1.016ms
[312.127s][info][gc] GC(55) Pause Young (Allocation Failure) 138M->2M(494M) 1.171ms
[314.386s][info][gc] GC(56) Pause Young (Allocation Failure) 138M->1M(494M) 0.245ms
[316.598s][info][gc] GC(57) Pause Young (Allocation Failure) 138M->1M(494M) 0.505ms
[318.817s][info][gc] GC(58) Pause Young (Allocation Failure) 138M->2M(494M) 0.609ms
[321.032s][info][gc] GC(59) Pause Young (Allocation Failure) 138M->1M(494M) 0.434ms
[323.284s][info][gc] GC(60) Pause Young (Allocation Failure) 138M->2M(494M) 0.550ms
[325.460s][info][gc] GC(61) Pause Young (Allocation Failure) 138M->1M(494M) 0.469ms
[327.657s][info][gc] GC(62) Pause Young (Allocation Failure) 138M->2M(494M) 0.613ms
[329.874s][info][gc] GC(63) Pause Young (Allocation Failure) 138M->2M(494M) 0.830ms
[332.112s][info][gc] GC(64) Pause Young (Allocation Failure) 138M->2M(494M) 0.948ms
[334.334s][info][gc] GC(65) Pause Young (Allocation Failure) 138M->1M(494M) 0.230ms
[336.545s][info][gc] GC(66) Pause Young (Allocation Failure) 138M->1M(494M) 0.327ms
[338.773s][info][gc] GC(67) Pause Young (Allocation Failure) 138M->1M(494M) 0.431ms
[340.999s][info][gc] GC(68) Pause Young (Allocation Failure) 138M->1M(494M) 0.394ms
[343.227s][info][gc] GC(69) Pause Young (Allocation Failure) 138M->2M(494M) 0.505ms
[345.419s][info][gc] GC(70) Pause Young (Allocation Failure) 138M->2M(494M) 0.479ms
[347.618s][info][gc] GC(71) Pause Young (Allocation Failure) 138M->2M(494M) 0.650ms
[349.847s][info][gc] GC(72) Pause Young (Allocation Failure) 138M->2M(494M) 0.576ms
[352.064s][info][gc] GC(73) Pause Young (Allocation Failure) 138M->2M(494M) 0.649ms
[354.331s][info][gc] GC(74) Pause Young (Allocation Failure) 138M->2M(494M) 0.745ms
[356.551s][info][gc] GC(75) Pause Young (Allocation Failure) 138M->2M(494M) 0.717ms
[358.763s][info][gc] GC(76) Pause Young (Allocation Failure) 138M->2M(494M) 0.583ms
[360.972s][info][gc] GC(77) Pause Young (Allocation Failure) 138M->2M(494M) 0.661ms
[363.245s][info][gc] GC(78) Pause Young (Allocation Failure) 138M->2M(494M) 0.463ms
[365.438s][info][gc] GC(79) Pause Young (Allocation Failure) 138M->2M(494M) 0.665ms
