[0.003s][info][gc] Using Serial
[15.741s][info][gc] GC(0) Pause Full (JvmtiEnv ForceGarbageCollection) 170M->2M(486M) 32.292ms
[18.144s][info][gc] GC(1) Pause Full (JvmtiEnv ForceGarbageCollection) 155M->2M(486M) 30.764ms
[20.608s][info][gc] GC(2) Pause Full (JvmtiEnv ForceGarbageCollection) 151M->2M(486M) 30.735ms
[23.022s][info][gc] GC(3) Pause Full (JvmtiEnv ForceGarbageCollection) 147M->2M(486M) 30.434ms
[25.439s][info][gc] GC(4) Pause Full (JvmtiEnv ForceGarbageCollection) 148M->2M(486M) 31.352ms
[27.843s][info][gc] GC(5) Pause Full (JvmtiEnv ForceGarbageCollection) 147M->2M(486M) 29.788ms
[30.219s][info][gc] GC(6) Pause Full (JvmtiEnv ForceGarbageCollection) 147M->2M(486M) 27.439ms
[32.641s][info][gc] GC(7) Pause Full (JvmtiEnv ForceGarbageCollection) 144M->2M(486M) 28.208ms
[35.022s][info][gc] GC(8) Pause Full (JvmtiEnv ForceGarbageCollection) 143M->2M(486M) 31.604ms
[37.355s][info][gc] GC(9) Pause Full (JvmtiEnv ForceGarbageCollection) 143M->2M(486M) 28.627ms
[39.767s][info][gc] GC(10) Pause Full (JvmtiEnv ForceGarbageCollection) 145M->2M(486M) 30.096ms
[42.104s][info][gc] GC(11) Pause Full (JvmtiEnv ForceGarbageCollection) 147M->2M(486M) 31.476ms
[44.483s][info][gc] GC(12) Pause Full (JvmtiEnv ForceGarbageCollection) 145M->2M(486M) 29.904ms
[46.872s][info][gc] GC(13) Pause Full (JvmtiEnv ForceGarbageCollection) 144M->2M(486M) 29.172ms
[49.259s][info][gc] GC(14) Pause Full (JvmtiEnv ForceGarbageCollection) 145M->2M(486M) 30.268ms
[51.625s][info][gc] GC(15) Pause Full (JvmtiEnv ForceGarbageCollection) 146M->2M(486M) 29.141ms
[53.976s][info][gc] GC(16) Pause Full (JvmtiEnv ForceGarbageCollection) 145M->2M(486M) 30.496ms
[56.364s][info][gc] GC(17) Pause Full (JvmtiEnv ForceGarbageCollection) 143M->2M(486M) 31.043ms
[58.740s][info][gc] GC(18) Pause Full (JvmtiEnv ForceGarbageCollection) 144M->2M(486M) 29.308ms
[61.124s][info][gc] GC(19) Pause Full (JvmtiEnv ForceGarbageCollection) 146M->2M(486M) 28.742ms
[63.548s][info][gc] GC(20) Pause Full (JvmtiEnv ForceGarbageCollection) 146M->2M(486M) 29.079ms
[65.919s][info][gc] GC(21) Pause Full (JvmtiEnv ForceGarbageCollection) 144M->2M(486M) 29.862ms
[68.302s][info][gc] GC(22) Pause Full (JvmtiEnv ForceGarbageCollection) 144M->2M(486M) 31.514ms
[70.678s][info][gc] GC(23) Pause Full (JvmtiEnv ForceGarbageCollection) 146M->2M(486M) 28.350ms
[73.061s][info][gc] GC(24) Pause Full (JvmtiEnv ForceGarbageCollection) 145M->2M(486M) 31.815ms
[75.465s][info][gc] GC(25) Pause Full (JvmtiEnv ForceGarbageCollection) 145M->2M(486M) 32.137ms
[77.855s][info][gc] GC(26) Pause Full (JvmtiEnv ForceGarbageCollection) 145M->2M(486M) 30.016ms
[80.243s][info][gc] GC(27) Pause Full (JvmtiEnv ForceGarbageCollection) 146M->2M(486M) 26.982ms
[82.611s][info][gc] GC(28) Pause Full (JvmtiEnv ForceGarbageCollection) 145M->2M(486M) 31.936ms
[84.990s][info][gc] GC(29) Pause Full (JvmtiEnv ForceGarbageCollection) 143M->2M(486M) 29.178ms
[87.370s][info][gc] GC(30) Pause Full (JvmtiEnv ForceGarbageCollection) 145M->2M(486M) 29.373ms
[89.829s][info][gc] GC(31) Pause Full (JvmtiEnv ForceGarbageCollection) 146M->2M(486M) 29.805ms
[92.197s][info][gc] GC(32) Pause Full (JvmtiEnv ForceGarbageCollection) 145M->2M(486M) 29.054ms
[94.600s][info][gc] GC(33) Pause Full (JvmtiEnv ForceGarbageCollection) 145M->2M(486M) 28.926ms
[96.945s][info][gc] GC(34) Pause Full (JvmtiEnv ForceGarbageCollection) 145M->2M(486M) 32.977ms
[99.348s][info][gc] GC(35) Pause Full (JvmtiEnv ForceGarbageCollection) 144M->2M(486M) 34.620ms
[101.720s][info][gc] GC(36) Pause Full (JvmtiEnv ForceGarbageCollection) 143M->2M(486M) 28.848ms
[104.084s][info][gc] GC(37) Pause Full (JvmtiEnv ForceGarbageCollection) 146M->2M(486M) 38.488ms
[106.400s][info][gc] GC(38) Pause Full (JvmtiEnv ForceGarbageCollection) 145M->2M(486M) 30.157ms
[108.757s][info][gc] GC(39) Pause Full (JvmtiEnv ForceGarbageCollection) 146M->2M(486M) 29.355ms
[111.109s][info][gc] GC(40) Pause Full (JvmtiEnv ForceGarbageCollection) 143M->2M(486M) 30.529ms
[113.502s][info][gc] GC(41) Pause Full (JvmtiEnv ForceGarbageCollection) 145M->2M(486M) 32.044ms
[115.910s][info][gc] GC(42) Pause Full (JvmtiEnv ForceGarbageCollection) 146M->2M(486M) 27.909ms
[118.261s][info][gc] GC(43) Pause Full (JvmtiEnv ForceGarbageCollection) 146M->2M(486M) 28.729ms
[120.626s][info][gc] GC(44) Pause Full (JvmtiEnv ForceGarbageCollection) 145M->2M(486M) 32.463ms
[122.956s][info][gc] GC(45) Pause Full (JvmtiEnv ForceGarbageCollection) 144M->2M(486M) 30.229ms
[125.357s][info][gc] GC(46) Pause Full (JvmtiEnv ForceGarbageCollection) 144M->2M(486M) 31.259ms
[127.734s][info][gc] GC(47) Pause Full (JvmtiEnv ForceGarbageCollection) 145M->2M(486M) 29.196ms
[130.072s][info][gc] GC(48) Pause Full (JvmtiEnv ForceGarbageCollection) 146M->2M(486M) 28.278ms
[132.381s][info][gc] GC(49) Pause Full (JvmtiEnv ForceGarbageCollection) 145M->2M(486M) 31.084ms
[134.696s][info][gc] GC(50) Pause Full (JvmtiEnv ForceGarbageCollection) 145M->2M(486M) 29.342ms
[137.035s][info][gc] GC(51) Pause Full (JvmtiEnv ForceGarbageCollection) 143M->2M(486M) 28.113ms
[139.404s][info][gc] GC(52) Pause Full (JvmtiEnv ForceGarbageCollection) 144M->2M(486M) 32.192ms
[141.818s][info][gc] GC(53) Pause Full (JvmtiEnv ForceGarbageCollection) 146M->2M(486M) 29.391ms
[144.183s][info][gc] GC(54) Pause Full (JvmtiEnv ForceGarbageCollection) 145M->2M(486M) 31.107ms
[146.531s][info][gc] GC(55) Pause Full (JvmtiEnv ForceGarbageCollection) 145M->2M(486M) 27.856ms
[148.876s][info][gc] GC(56) Pause Full (JvmtiEnv ForceGarbageCollection) 144M->2M(486M) 29.522ms
[151.232s][info][gc] GC(57) Pause Full (JvmtiEnv ForceGarbageCollection) 145M->2M(486M) 30.082ms
[153.599s][info][gc] GC(58) Pause Full (JvmtiEnv ForceGarbageCollection) 146M->2M(486M) 27.527ms
[155.984s][info][gc] GC(59) Pause Full (JvmtiEnv ForceGarbageCollection) 146M->2M(486M) 33.507ms
[158.350s][info][gc] GC(60) Pause Full (JvmtiEnv ForceGarbageCollection) 145M->2M(486M) 39.986ms
[160.750s][info][gc] GC(61) Pause Full (JvmtiEnv ForceGarbageCollection) 144M->2M(486M) 38.869ms
[163.118s][info][gc] GC(62) Pause Full (JvmtiEnv ForceGarbageCollection) 144M->2M(486M) 29.943ms
[165.463s][info][gc] GC(63) Pause Full (JvmtiEnv ForceGarbageCollection) 145M->2M(486M) 37.703ms
[167.854s][info][gc] GC(64) Pause Full (JvmtiEnv ForceGarbageCollection) 146M->2M(486M) 28.582ms
[170.196s][info][gc] GC(65) Pause Full (JvmtiEnv ForceGarbageCollection) 145M->2M(486M) 31.873ms
[172.535s][info][gc] GC(66) Pause Full (JvmtiEnv ForceGarbageCollection) 145M->2M(486M) 28.936ms
[174.936s][info][gc] GC(67) Pause Full (JvmtiEnv ForceGarbageCollection) 143M->2M(486M) 31.684ms
[177.306s][info][gc] GC(68) Pause Full (JvmtiEnv ForceGarbageCollection) 144M->2M(486M) 31.587ms
[179.703s][info][gc] GC(69) Pause Full (JvmtiEnv ForceGarbageCollection) 146M->2M(486M) 30.259ms
[182.076s][info][gc] GC(70) Pause Full (JvmtiEnv ForceGarbageCollection) 145M->2M(486M) 30.588ms
[184.495s][info][gc] GC(71) Pause Full (JvmtiEnv ForceGarbageCollection) 146M->2M(486M) 30.505ms
[186.841s][info][gc] GC(72) Pause Full (JvmtiEnv ForceGarbageCollection) 143M->2M(486M) 30.675ms
[189.192s][info][gc] GC(73) Pause Full (JvmtiEnv ForceGarbageCollection) 145M->2M(486M) 29.070ms
[191.564s][info][gc] GC(74) Pause Full (JvmtiEnv ForceGarbageCollection) 146M->2M(486M) 31.019ms
[193.907s][info][gc] GC(75) Pause Full (JvmtiEnv ForceGarbageCollection) 145M->2M(486M) 29.859ms
