[0.035s][info][gc] Using Serial
[8.667s][info][gc] GC(0) Pause Young (Allocation Failure) 136M->2M(494M) 4.007ms
[10.850s][info][gc] GC(1) Pause Young (Allocation Failure) 138M->2M(494M) 3.676ms
[13.028s][info][gc] GC(2) Pause Young (Allocation Failure) 138M->1M(494M) 2.239ms
[15.229s][info][gc] GC(3) Pause Young (Allocation Failure) 138M->2M(494M) 2.675ms
[17.430s][info][gc] GC(4) Pause Young (Allocation Failure) 138M->2M(494M) 2.720ms
[19.611s][info][gc] GC(5) Pause Young (Allocation Failure) 138M->1M(494M) 2.129ms
[22.005s][info][gc] GC(6) Pause Young (Allocation Failure) 138M->2M(494M) 2.893ms
[24.278s][info][gc] GC(7) Pause Young (Allocation Failure) 138M->2M(494M) 3.579ms
[27.136s][info][gc] GC(8) Pause Young (Allocation Failure) 138M->2M(494M) 2.832ms
[29.560s][info][gc] GC(9) Pause Young (Allocation Failure) 138M->2M(494M) 2.914ms
[31.802s][info][gc] GC(10) Pause Young (Allocation Failure) 138M->2M(494M) 2.770ms
[33.982s][info][gc] GC(11) Pause Young (Allocation Failure) 138M->2M(494M) 2.883ms
[36.180s][info][gc] GC(12) Pause Young (Allocation Failure) 138M->1M(494M) 2.065ms
[38.422s][info][gc] GC(13) Pause Young (Allocation Failure) 138M->1M(494M) 2.165ms
[40.604s][info][gc] GC(14) Pause Young (Allocation Failure) 138M->1M(494M) 2.584ms
[42.835s][info][gc] GC(15) Pause Young (Allocation Failure) 138M->1M(494M) 3.182ms
[45.038s][info][gc] GC(16) Pause Young (Allocation Failure) 138M->1M(494M) 0.425ms
[47.280s][info][gc] GC(17) Pause Young (Allocation Failure) 138M->2M(494M) 0.581ms
[49.481s][info][gc] GC(18) Pause Young (Allocation Failure) 138M->2M(494M) 0.778ms
[51.668s][info][gc] GC(19) Pause Young (Allocation Failure) 138M->2M(494M) 0.694ms
[53.896s][info][gc] GC(20) Pause Young (Allocation Failure) 138M->2M(494M) 0.751ms
[56.124s][info][gc] GC(21) Pause Young (Allocation Failure) 138M->2M(494M) 0.881ms
[58.429s][info][gc] GC(22) Pause Young (Allocation Failure) 138M->2M(494M) 0.943ms
[60.684s][info][gc] GC(23) Pause Young (Allocation Failure) 138M->2M(494M) 0.676ms
[62.848s][info][gc] GC(24) Pause Young (Allocation Failure) 138M->2M(494M) 0.917ms
[65.106s][info][gc] GC(25) Pause Young (Allocation Failure) 138M->2M(494M) 1.103ms
[67.344s][info][gc] GC(26) Pause Young (Allocation Failure) 138M->1M(494M) 0.204ms
[69.662s][info][gc] GC(27) Pause Young (Allocation Failure) 138M->1M(494M) 0.328ms
[71.878s][info][gc] GC(28) Pause Young (Allocation Failure) 138M->2M(494M) 0.455ms
[74.063s][info][gc] GC(29) Pause Young (Allocation Failure) 138M->2M(494M) 0.492ms
[76.337s][info][gc] GC(30) Pause Young (Allocation Failure) 138M->2M(494M) 0.623ms
[78.615s][info][gc] GC(31) Pause Young (Allocation Failure) 138M->2M(494M) 0.749ms
[80.815s][info][gc] GC(32) Pause Young (Allocation Failure) 138M->2M(494M) 0.950ms
[83.098s][info][gc] GC(33) Pause Young (Allocation Failure) 138M->2M(494M) 0.791ms
[85.334s][info][gc] GC(34) Pause Young (Allocation Failure) 138M->2M(494M) 0.943ms
[87.543s][info][gc] GC(35) Pause Young (Allocation Failure) 138M->2M(494M) 0.838ms
[89.726s][info][gc] GC(36) Pause Young (Allocation Failure) 138M->1M(494M) 0.216ms
[91.955s][info][gc] GC(37) Pause Young (Allocation Failure) 138M->1M(494M) 0.259ms
[94.134s][info][gc] GC(38) Pause Young (Allocation Failure) 138M->2M(494M) 0.425ms
[96.358s][info][gc] GC(39) Pause Young (Allocation Failure) 138M->2M(494M) 0.493ms
[98.560s][info][gc] GC(40) Pause Young (Allocation Failure) 138M->2M(494M) 0.518ms
[100.882s][info][gc] GC(41) Pause Young (Allocation Failure) 138M->2M(494M) 0.623ms
[103.167s][info][gc] GC(42) Pause Young (Allocation Failure) 138M->2M(494M) 0.788ms
[105.508s][info][gc] GC(43) Pause Young (Allocation Failure) 138M->2M(494M) 0.921ms
[107.958s][info][gc] GC(44) Pause Young (Allocation Failure) 138M->2M(494M) 0.761ms
[110.395s][info][gc] GC(45) Pause Young (Allocation Failure) 138M->2M(494M) 0.911ms
[112.561s][info][gc] GC(46) Pause Young (Allocation Failure) 138M->2M(494M) 0.859ms
[114.734s][info][gc] GC(47) Pause Young (Allocation Failure) 138M->1M(494M) 0.146ms
[117.086s][info][gc] GC(48) Pause Young (Allocation Failure) 138M->1M(494M) 0.304ms
[119.335s][info][gc] GC(49) Pause Young (Allocation Failure) 138M->2M(494M) 0.368ms
[121.485s][info][gc] GC(50) Pause Young (Allocation Failure) 138M->1M(494M) 0.226ms
[123.771s][info][gc] GC(51) Pause Young (Allocation Failure) 138M->2M(494M) 0.413ms
[126.047s][info][gc] GC(52) Pause Young (Allocation Failure) 138M->2M(494M) 0.588ms
[128.298s][info][gc] GC(53) Pause Young (Allocation Failure) 138M->2M(494M) 0.651ms
[130.724s][info][gc] GC(54) Pause Young (Allocation Failure) 138M->2M(494M) 0.673ms
[133.147s][info][gc] GC(55) Pause Young (Allocation Failure) 138M->2M(494M) 0.771ms
[135.581s][info][gc] GC(56) Pause Young (Allocation Failure) 138M->2M(494M) 0.973ms
[137.752s][info][gc] GC(57) Pause Young (Allocation Failure) 138M->2M(494M) 0.806ms
[140.099s][info][gc] GC(58) Pause Young (Allocation Failure) 138M->2M(494M) 1.236ms
[142.475s][info][gc] GC(59) Pause Young (Allocation Failure) 138M->2M(494M) 1.317ms
[144.831s][info][gc] GC(60) Pause Young (Allocation Failure) 138M->1M(494M) 0.209ms
[147.462s][info][gc] GC(61) Pause Young (Allocation Failure) 138M->1M(494M) 0.468ms
[149.619s][info][gc] GC(62) Pause Young (Allocation Failure) 138M->2M(494M) 0.516ms
[151.812s][info][gc] GC(63) Pause Young (Allocation Failure) 138M->2M(494M) 0.715ms
[154.022s][info][gc] GC(64) Pause Young (Allocation Failure) 138M->2M(494M) 0.865ms
[156.176s][info][gc] GC(65) Pause Young (Allocation Failure) 138M->2M(494M) 1.071ms
[158.996s][info][gc] GC(66) Pause Young (Allocation Failure) 138M->2M(494M) 1.032ms
[161.213s][info][gc] GC(67) Pause Young (Allocation Failure) 138M->1M(494M) 0.266ms
[163.383s][info][gc] GC(68) Pause Young (Allocation Failure) 138M->1M(494M) 0.368ms
[165.972s][info][gc] GC(69) Pause Young (Allocation Failure) 138M->1M(494M) 0.482ms
[168.169s][info][gc] GC(70) Pause Young (Allocation Failure) 138M->1M(494M) 0.378ms
[170.312s][info][gc] GC(71) Pause Young (Allocation Failure) 138M->2M(494M) 0.532ms
[172.864s][info][gc] GC(72) Pause Young (Allocation Failure) 138M->2M(494M) 0.756ms
[175.163s][info][gc] GC(73) Pause Young (Allocation Failure) 138M->2M(494M) 0.955ms
[177.357s][info][gc] GC(74) Pause Young (Allocation Failure) 138M->2M(494M) 1.123ms
[179.762s][info][gc] GC(75) Pause Young (Allocation Failure) 138M->1M(494M) 0.166ms
[182.092s][info][gc] GC(76) Pause Young (Allocation Failure) 138M->1M(494M) 0.269ms
[184.699s][info][gc] GC(77) Pause Young (Allocation Failure) 138M->2M(494M) 0.519ms
[186.939s][info][gc] GC(78) Pause Young (Allocation Failure) 138M->2M(494M) 0.729ms
[189.324s][info][gc] GC(79) Pause Young (Allocation Failure) 138M->2M(494M) 0.815ms
