[0.004s][info][gc] Using Serial
[16.133s][info][gc] GC(0) Pause Full (JvmtiEnv ForceGarbageCollection) 170M->2M(486M) 32.029ms
[18.667s][info][gc] GC(1) Pause Full (JvmtiEnv ForceGarbageCollection) 155M->2M(486M) 27.987ms
[21.021s][info][gc] GC(2) Pause Full (JvmtiEnv ForceGarbageCollection) 151M->2M(486M) 32.048ms
[23.421s][info][gc] GC(3) Pause Full (JvmtiEnv ForceGarbageCollection) 147M->2M(486M) 29.872ms
[25.848s][info][gc] GC(4) Pause Full (JvmtiEnv ForceGarbageCollection) 148M->2M(486M) 29.365ms
[28.195s][info][gc] GC(5) Pause Full (JvmtiEnv ForceGarbageCollection) 147M->2M(486M) 30.469ms
[30.568s][info][gc] GC(6) Pause Full (JvmtiEnv ForceGarbageCollection) 147M->2M(486M) 27.652ms
[32.925s][info][gc] GC(7) Pause Full (JvmtiEnv ForceGarbageCollection) 144M->2M(486M) 32.323ms
[35.308s][info][gc] GC(8) Pause Full (JvmtiEnv ForceGarbageCollection) 143M->2M(486M) 32.398ms
[37.686s][info][gc] GC(9) Pause Full (JvmtiEnv ForceGarbageCollection) 143M->2M(486M) 28.320ms
[40.033s][info][gc] GC(10) Pause Full (JvmtiEnv ForceGarbageCollection) 145M->2M(486M) 31.651ms
[42.387s][info][gc] GC(11) Pause Full (JvmtiEnv ForceGarbageCollection) 147M->2M(486M) 30.426ms
[44.803s][info][gc] GC(12) Pause Full (JvmtiEnv ForceGarbageCollection) 145M->2M(486M) 28.520ms
[47.174s][info][gc] GC(13) Pause Full (JvmtiEnv ForceGarbageCollection) 144M->2M(486M) 27.421ms
[49.593s][info][gc] GC(14) Pause Full (JvmtiEnv ForceGarbageCollection) 145M->2M(486M) 29.944ms
[51.950s][info][gc] GC(15) Pause Full (JvmtiEnv ForceGarbageCollection) 146M->2M(486M) 29.417ms
[54.344s][info][gc] GC(16) Pause Full (JvmtiEnv ForceGarbageCollection) 145M->2M(486M) 30.408ms
[56.702s][info][gc] GC(17) Pause Full (JvmtiEnv ForceGarbageCollection) 143M->2M(486M) 29.483ms
[59.071s][info][gc] GC(18) Pause Full (JvmtiEnv ForceGarbageCollection) 144M->2M(486M) 30.093ms
[61.610s][info][gc] GC(19) Pause Full (JvmtiEnv ForceGarbageCollection) 146M->2M(486M) 30.210ms
[63.968s][info][gc] GC(20) Pause Full (JvmtiEnv ForceGarbageCollection) 146M->2M(486M) 29.228ms
[66.333s][info][gc] GC(21) Pause Full (JvmtiEnv ForceGarbageCollection) 144M->2M(486M) 28.333ms
[68.776s][info][gc] GC(22) Pause Full (JvmtiEnv ForceGarbageCollection) 144M->2M(486M) 26.771ms
[71.146s][info][gc] GC(23) Pause Full (JvmtiEnv ForceGarbageCollection) 146M->2M(486M) 34.637ms
[73.521s][info][gc] GC(24) Pause Full (JvmtiEnv ForceGarbageCollection) 145M->2M(486M) 29.614ms
[75.884s][info][gc] GC(25) Pause Full (JvmtiEnv ForceGarbageCollection) 145M->2M(486M) 38.256ms
[78.211s][info][gc] GC(26) Pause Full (JvmtiEnv ForceGarbageCollection) 145M->2M(486M) 30.522ms
[80.630s][info][gc] GC(27) Pause Full (JvmtiEnv ForceGarbageCollection) 146M->2M(486M) 30.204ms
[82.978s][info][gc] GC(28) Pause Full (JvmtiEnv ForceGarbageCollection) 145M->2M(486M) 30.184ms
[85.400s][info][gc] GC(29) Pause Full (JvmtiEnv ForceGarbageCollection) 145M->2M(486M) 31.496ms
[87.786s][info][gc] GC(30) Pause Full (JvmtiEnv ForceGarbageCollection) 145M->2M(486M) 29.456ms
[90.153s][info][gc] GC(31) Pause Full (JvmtiEnv ForceGarbageCollection) 145M->2M(486M) 31.032ms
[92.509s][info][gc] GC(32) Pause Full (JvmtiEnv ForceGarbageCollection) 145M->2M(486M) 29.142ms
[94.875s][info][gc] GC(33) Pause Full (JvmtiEnv ForceGarbageCollection) 145M->2M(486M) 31.368ms
[97.268s][info][gc] GC(34) Pause Full (JvmtiEnv ForceGarbageCollection) 145M->2M(486M) 31.603ms
[99.632s][info][gc] GC(35) Pause Full (JvmtiEnv ForceGarbageCollection) 145M->2M(486M) 29.012ms
[101.989s][info][gc] GC(36) Pause Full (JvmtiEnv ForceGarbageCollection) 145M->2M(486M) 29.707ms
[104.363s][info][gc] GC(37) Pause Full (JvmtiEnv ForceGarbageCollection) 145M->2M(486M) 31.105ms
[106.757s][info][gc] GC(38) Pause Full (JvmtiEnv ForceGarbageCollection) 145M->2M(486M) 28.357ms
[109.132s][info][gc] GC(39) Pause Full (JvmtiEnv ForceGarbageCollection) 145M->2M(486M) 30.988ms
[111.511s][info][gc] GC(40) Pause Full (JvmtiEnv ForceGarbageCollection) 145M->2M(486M) 31.314ms
[113.942s][info][gc] GC(41) Pause Full (JvmtiEnv ForceGarbageCollection) 145M->2M(486M) 30.904ms
[116.327s][info][gc] GC(42) Pause Full (JvmtiEnv ForceGarbageCollection) 145M->2M(486M) 29.707ms
[118.671s][info][gc] GC(43) Pause Full (JvmtiEnv ForceGarbageCollection) 145M->2M(486M) 28.974ms
[121.026s][info][gc] GC(44) Pause Full (JvmtiEnv ForceGarbageCollection) 145M->2M(486M) 30.530ms
[123.395s][info][gc] GC(45) Pause Full (JvmtiEnv ForceGarbageCollection) 145M->2M(486M) 31.162ms
[125.751s][info][gc] GC(46) Pause Full (JvmtiEnv ForceGarbageCollection) 145M->2M(486M) 33.816ms
[128.118s][info][gc] GC(47) Pause Full (JvmtiEnv ForceGarbageCollection) 145M->2M(486M) 31.161ms
[130.443s][info][gc] GC(48) Pause Full (JvmtiEnv ForceGarbageCollection) 145M->2M(486M) 31.349ms
[132.802s][info][gc] GC(49) Pause Full (JvmtiEnv ForceGarbageCollection) 145M->2M(486M) 28.753ms
[135.166s][info][gc] GC(50) Pause Full (JvmtiEnv ForceGarbageCollection) 145M->2M(486M) 32.793ms
[137.525s][info][gc] GC(51) Pause Full (JvmtiEnv ForceGarbageCollection) 145M->2M(486M) 29.548ms
[139.865s][info][gc] GC(52) Pause Full (JvmtiEnv ForceGarbageCollection) 145M->2M(486M) 30.790ms
[142.202s][info][gc] GC(53) Pause Full (JvmtiEnv ForceGarbageCollection) 145M->2M(486M) 29.594ms
[144.572s][info][gc] GC(54) Pause Full (JvmtiEnv ForceGarbageCollection) 145M->2M(486M) 30.984ms
[146.892s][info][gc] GC(55) Pause Full (JvmtiEnv ForceGarbageCollection) 145M->2M(486M) 28.449ms
[149.276s][info][gc] GC(56) Pause Full (JvmtiEnv ForceGarbageCollection) 145M->2M(486M) 30.414ms
[151.660s][info][gc] GC(57) Pause Full (JvmtiEnv ForceGarbageCollection) 145M->2M(486M) 31.256ms
[154.035s][info][gc] GC(58) Pause Full (JvmtiEnv ForceGarbageCollection) 145M->2M(486M) 30.745ms
[156.417s][info][gc] GC(59) Pause Full (JvmtiEnv ForceGarbageCollection) 145M->2M(486M) 30.837ms
[158.779s][info][gc] GC(60) Pause Full (JvmtiEnv ForceGarbageCollection) 145M->2M(486M) 29.615ms
[161.169s][info][gc] GC(61) Pause Full (JvmtiEnv ForceGarbageCollection) 145M->2M(486M) 32.588ms
[163.493s][info][gc] GC(62) Pause Full (JvmtiEnv ForceGarbageCollection) 145M->2M(486M) 28.680ms
[165.922s][info][gc] GC(63) Pause Full (JvmtiEnv ForceGarbageCollection) 145M->2M(486M) 26.733ms
[168.248s][info][gc] GC(64) Pause Full (JvmtiEnv ForceGarbageCollection) 145M->2M(486M) 31.579ms
[170.625s][info][gc] GC(65) Pause Full (JvmtiEnv ForceGarbageCollection) 145M->2M(486M) 31.071ms
[173.002s][info][gc] GC(66) Pause Full (JvmtiEnv ForceGarbageCollection) 145M->2M(486M) 31.738ms
[175.388s][info][gc] GC(67) Pause Full (JvmtiEnv ForceGarbageCollection) 145M->2M(486M) 32.700ms
[177.789s][info][gc] GC(68) Pause Full (JvmtiEnv ForceGarbageCollection) 145M->2M(486M) 30.408ms
[180.146s][info][gc] GC(69) Pause Full (JvmtiEnv ForceGarbageCollection) 145M->2M(486M) 29.469ms
[182.490s][info][gc] GC(70) Pause Full (JvmtiEnv ForceGarbageCollection) 145M->2M(486M) 29.614ms
[184.910s][info][gc] GC(71) Pause Full (JvmtiEnv ForceGarbageCollection) 145M->2M(486M) 31.487ms
[187.272s][info][gc] GC(72) Pause Full (JvmtiEnv ForceGarbageCollection) 145M->2M(486M) 30.030ms
[189.668s][info][gc] GC(73) Pause Full (JvmtiEnv ForceGarbageCollection) 145M->2M(486M) 30.274ms
[192.054s][info][gc] GC(74) Pause Full (JvmtiEnv ForceGarbageCollection) 145M->2M(486M) 29.297ms
[194.416s][info][gc] GC(75) Pause Full (JvmtiEnv ForceGarbageCollection) 145M->2M(486M) 29.456ms
